<?xml version="1.0" encoding="UTF-8"?>
<testsuites name="deno test" tests="1389" failures="0" errors="0" time="5.678">
  <testsuite
    name="./kz/core/exception/_internal/defined_args.test.ts"
    tests="1"
    disabled="0"
    errors="0"
    failures="0"
  >
    <testcase
      name="definedArgs"
      classname="./kz/core/exception/_internal/defined_args.test.ts"
      time="0.009"
      line="10"
      col="1"
    >
    </testcase>
  </testsuite>
  <testsuite
    name="ext:cli/40_test.js"
    tests="53"
    disabled="0"
    errors="0"
    failures="0"
  >
    <testcase
      name="definedArgs &gt; definedArgs(...args)"
      classname="ext:cli/40_test.js"
      time="0.007"
      line="173"
      col="20"
    >
    </testcase>
    <testcase
      name="IHashable &gt; should match expected structure"
      classname="ext:cli/40_test.js"
      time="0.001"
      line="173"
      col="20"
    >
    </testcase>
    <testcase
      name="IHelpful &gt; should match expected structure"
      classname="ext:cli/40_test.js"
      time="0.001"
      line="173"
      col="20"
    >
    </testcase>
    <testcase
      name="Falsy &gt; type"
      classname="ext:cli/40_test.js"
      time="0.002"
      line="173"
      col="20"
    >
    </testcase>
    <testcase
      name="CapSet &gt; structure"
      classname="ext:cli/40_test.js"
      time="0.002"
      line="173"
      col="20"
    >
    </testcase>
    <testcase
      name="GetCap &gt; UseAsync"
      classname="ext:cli/40_test.js"
      time="0.019"
      line="173"
      col="20"
    >
    </testcase>
    <testcase
      name="PickCap &gt; UseAsync"
      classname="ext:cli/40_test.js"
      time="0.023"
      line="173"
      col="20"
    >
    </testcase>
    <testcase
      name="UseAccessor &gt; AccessorKeyString"
      classname="ext:cli/40_test.js"
      time="0.007"
      line="173"
      col="20"
    >
    </testcase>
    <testcase
      name="UseAsync &gt; AsyncKeyString"
      classname="ext:cli/40_test.js"
      time="0.002"
      line="173"
      col="20"
    >
    </testcase>
    <testcase
      name="UseBuiltin &gt; BuiltinKeyString"
      classname="ext:cli/40_test.js"
      time="0.003"
      line="173"
      col="20"
    >
    </testcase>
    <testcase
      name="UseCollection &gt; CollectionKeyString"
      classname="ext:cli/40_test.js"
      time="0.002"
      line="173"
      col="20"
    >
    </testcase>
    <testcase
      name="UseCondition &gt; UseCondition"
      classname="ext:cli/40_test.js"
      time="0.003"
      line="173"
      col="20"
    >
    </testcase>
    <testcase
      name="UseDefault &gt; DefaultKeyString"
      classname="ext:cli/40_test.js"
      time="0.001"
      line="173"
      col="20"
    >
    </testcase>
    <testcase
      name="UseDepth &gt; DepthKeyString"
      classname="ext:cli/40_test.js"
      time="0.004"
      line="173"
      col="20"
    >
    </testcase>
    <testcase
      name="UseElse &gt; ElseKeyString"
      classname="ext:cli/40_test.js"
      time="0.002"
      line="173"
      col="20"
    >
    </testcase>
    <testcase
      name="UseExclusion &gt; ExclusionKeyString"
      classname="ext:cli/40_test.js"
      time="0.002"
      line="173"
      col="20"
    >
    </testcase>
    <testcase
      name="UseIdents &gt; IdentsKeyString"
      classname="ext:cli/40_test.js"
      time="0.002"
      line="173"
      col="20"
    >
    </testcase>
    <testcase
      name="UseImmutable &gt; ImmutableKeyString"
      classname="ext:cli/40_test.js"
      time="0.002"
      line="173"
      col="20"
    >
    </testcase>
    <testcase
      name="UseInversion &gt; InversionKeyString"
      classname="ext:cli/40_test.js"
      time="0.001"
      line="173"
      col="20"
    >
    </testcase>
    <testcase
      name="UseNullOption &gt; UseNullOption"
      classname="ext:cli/40_test.js"
      time="0.003"
      line="173"
      col="20"
    >
    </testcase>
    <testcase
      name="UseOfType &gt; OfTypeKeyString"
      classname="ext:cli/40_test.js"
      time="0.002"
      line="173"
      col="20"
    >
    </testcase>
    <testcase
      name="UseOptional &gt; OptionalKeyString"
      classname="ext:cli/40_test.js"
      time="0.001"
      line="173"
      col="20"
    >
    </testcase>
    <testcase
      name="UseReverse &gt; ReverseKeyString"
      classname="ext:cli/40_test.js"
      time="0.001"
      line="173"
      col="20"
    >
    </testcase>
    <testcase
      name="UseSafe &gt; SafeKeyString"
      classname="ext:cli/40_test.js"
      time="0.002"
      line="173"
      col="20"
    >
    </testcase>
    <testcase
      name="UseStream &gt; StreamKeyString"
      classname="ext:cli/40_test.js"
      time="0.002"
      line="173"
      col="20"
    >
    </testcase>
    <testcase
      name="UseStrict &gt; StrictKeyString"
      classname="ext:cli/40_test.js"
      time="0.002"
      line="173"
      col="20"
    >
    </testcase>
    <testcase
      name="UseThen &gt; ThenKeyString"
      classname="ext:cli/40_test.js"
      time="0.001"
      line="173"
      col="20"
    >
    </testcase>
    <testcase
      name="BannedTypePermitter &gt; requires a reason for permitting a banned type"
      classname="ext:cli/40_test.js"
      time="0.001"
      line="173"
      col="20"
    >
    </testcase>
    <testcase
      name="BannedTypes &gt; type support"
      classname="ext:cli/40_test.js"
      time="0.006"
      line="173"
      col="20"
    >
    </testcase>
    <testcase
      name="Permit &gt; requires a reason for permitting a banned type"
      classname="ext:cli/40_test.js"
      time="0.001"
      line="173"
      col="20"
    >
    </testcase>
    <testcase
      name="Logic - And &gt; with defaults"
      classname="ext:cli/40_test.js"
      time="0.005"
      line="173"
      col="20"
    >
    </testcase>
    <testcase
      name="Logic - If &gt; with defaults"
      classname="ext:cli/40_test.js"
      time="0.003"
      line="173"
      col="20"
    >
    </testcase>
    <testcase
      name="Logic - Not &gt; with defaults"
      classname="ext:cli/40_test.js"
      time="0.002"
      line="173"
      col="20"
    >
    </testcase>
    <testcase
      name="Logic - Or &gt; with defaults"
      classname="ext:cli/40_test.js"
      time="0.003"
      line="173"
      col="20"
    >
    </testcase>
    <testcase
      name="Logic - Xnor &gt; with defaults"
      classname="ext:cli/40_test.js"
      time="0.002"
      line="173"
      col="20"
    >
    </testcase>
    <testcase
      name="Logic - Xor &gt; with defaults"
      classname="ext:cli/40_test.js"
      time="0.006"
      line="173"
      col="20"
    >
    </testcase>
    <testcase
      name="Brand &gt; should create a branded type"
      classname="ext:cli/40_test.js"
      time="0.000"
      line="173"
      col="20"
    >
    </testcase>
    <testcase
      name="ExtractTaggedMetadata &gt; should extract metadata from a tagged type"
      classname="ext:cli/40_test.js"
      time="0.001"
      line="173"
      col="20"
    >
    </testcase>
    <testcase
      name="Flavor &gt; should create a flavored type"
      classname="ext:cli/40_test.js"
      time="0.000"
      line="173"
      col="20"
    >
    </testcase>
    <testcase
      name="Struct &gt; should create a struct type"
      classname="ext:cli/40_test.js"
      time="0.000"
      line="173"
      col="20"
    >
    </testcase>
    <testcase
      name="Tagged &gt; should create a Tagged type"
      classname="ext:cli/40_test.js"
      time="0.001"
      line="173"
      col="20"
    >
    </testcase>
    <testcase
      name="TaggedUnion &gt; should create a tagged union"
      classname="ext:cli/40_test.js"
      time="0.000"
      line="173"
      col="20"
    >
    </testcase>
    <testcase
      name="TaggedUnionKeys &gt; should extract tagged union keys"
      classname="ext:cli/40_test.js"
      time="0.000"
      line="173"
      col="20"
    >
    </testcase>
    <testcase
      name="ApplyDefault &gt; should apply the default type when UseDefault is not present"
      classname="ext:cli/40_test.js"
      time="0.000"
      line="173"
      col="20"
    >
    </testcase>
    <testcase
      name="ApplyUnified &gt; should apply the unified type when UseUnified is not present"
      classname="ext:cli/40_test.js"
      time="0.001"
      line="173"
      col="20"
    >
    </testcase>
    <testcase
      name="CheckType &gt; any"
      classname="ext:cli/40_test.js"
      time="0.037"
      line="173"
      col="20"
    >
    </testcase>
    <testcase
      name="IsAny &gt; should return true for any type"
      classname="ext:cli/40_test.js"
      time="0.001"
      line="173"
      col="20"
    >
    </testcase>
    <testcase
      name="IsSpecial &gt; should return false for any type"
      classname="ext:cli/40_test.js"
      time="0.001"
      line="173"
      col="20"
    >
    </testcase>
    <testcase
      name="Any &gt; should be assignable to any type with a documented reason"
      classname="ext:cli/40_test.js"
      time="0.000"
      line="173"
      col="20"
    >
    </testcase>
    <testcase
      name="Clean &gt; should clean up the types"
      classname="ext:cli/40_test.js"
      time="0.001"
      line="173"
      col="20"
    >
    </testcase>
    <testcase
      name="Extends &gt; should check if a type contains another type"
      classname="ext:cli/40_test.js"
      time="0.001"
      line="173"
      col="20"
    >
    </testcase>
    <testcase
      name="Nil &gt; should be `undefined | null`"
      classname="ext:cli/40_test.js"
      time="0.001"
      line="173"
      col="20"
    >
    </testcase>
    <testcase
      name="Widen &gt; should widen string literal types to string"
      classname="ext:cli/40_test.js"
      time="0.000"
      line="173"
      col="20"
    >
    </testcase>
  </testsuite>
  <testsuite
    name="https://jsr.io/@std/testing/1.0.17/_test_suite.ts"
    tests="1283"
    disabled="0"
    errors="0"
    failures="0"
  >
    <testcase
      name="definedArgs &gt; definedArgs(...args) &gt; should return true if all the arguments are defined"
      classname="https://jsr.io/@std/testing/1.0.17/_test_suite.ts"
      time="0.001"
      line="171"
      col="39"
    >
    </testcase>
    <testcase
      name="definedArgs &gt; definedArgs(...args) &gt; should return false if any of the arguments are not defined"
      classname="https://jsr.io/@std/testing/1.0.17/_test_suite.ts"
      time="0.000"
      line="394"
      col="15"
    >
    </testcase>
    <testcase
      name="definedArgs &gt; definedArgs(...args) &gt; should return false if any of the arguments are null"
      classname="https://jsr.io/@std/testing/1.0.17/_test_suite.ts"
      time="0.000"
      line="394"
      col="15"
    >
    </testcase>
    <testcase
      name="definedArgs &gt; definedArgs(...args) &gt; should return false if any of the arguments are false"
      classname="https://jsr.io/@std/testing/1.0.17/_test_suite.ts"
      time="0.000"
      line="394"
      col="15"
    >
    </testcase>
    <testcase
      name="definedArgs &gt; definedArgs(...args) &gt; should return false if any of the arguments are an empty string"
      classname="https://jsr.io/@std/testing/1.0.17/_test_suite.ts"
      time="0.000"
      line="394"
      col="15"
    >
    </testcase>
    <testcase
      name="Falsy &gt; type &gt; should be a union of falsy values"
      classname="https://jsr.io/@std/testing/1.0.17/_test_suite.ts"
      time="0.001"
      line="171"
      col="39"
    >
    </testcase>
    <testcase
      name="Falsy &gt; validation"
      classname="https://jsr.io/@std/testing/1.0.17/_test_suite.ts"
      time="0.001"
      line="394"
      col="15"
    >
    </testcase>
    <testcase
      name="Falsy &gt; validation &gt; should be true for falsy values"
      classname="https://jsr.io/@std/testing/1.0.17/_test_suite.ts"
      time="0.000"
      line="394"
      col="15"
    >
    </testcase>
    <testcase
      name="CapSet &gt; structure &gt; should be a union of capability types"
      classname="https://jsr.io/@std/testing/1.0.17/_test_suite.ts"
      time="0.000"
      line="171"
      col="39"
    >
    </testcase>
    <testcase
      name="GetCap &gt; UseAsync &gt; should return boolean for signature"
      classname="https://jsr.io/@std/testing/1.0.17/_test_suite.ts"
      time="0.011"
      line="171"
      col="39"
    >
    </testcase>
    <testcase
      name="GetCap &gt; UseAsync &gt; should return true for AsAsync"
      classname="https://jsr.io/@std/testing/1.0.17/_test_suite.ts"
      time="0.000"
      line="394"
      col="15"
    >
    </testcase>
    <testcase
      name="GetCap &gt; UseAsync &gt; should return false for AsSync"
      classname="https://jsr.io/@std/testing/1.0.17/_test_suite.ts"
      time="0.000"
      line="394"
      col="15"
    >
    </testcase>
    <testcase
      name="GetCap &gt; UseAsync &gt; should return the default when missing"
      classname="https://jsr.io/@std/testing/1.0.17/_test_suite.ts"
      time="0.000"
      line="394"
      col="15"
    >
    </testcase>
    <testcase
      name="GetCap &gt; UseBuiltin"
      classname="https://jsr.io/@std/testing/1.0.17/_test_suite.ts"
      time="0.005"
      line="394"
      col="15"
    >
    </testcase>
    <testcase
      name="GetCap &gt; UseBuiltin &gt; should return boolean for signature"
      classname="https://jsr.io/@std/testing/1.0.17/_test_suite.ts"
      time="0.000"
      line="394"
      col="15"
    >
    </testcase>
    <testcase
      name="GetCap &gt; UseBuiltin &gt; should return true for AsBuiltin"
      classname="https://jsr.io/@std/testing/1.0.17/_test_suite.ts"
      time="0.000"
      line="394"
      col="15"
    >
    </testcase>
    <testcase
      name="GetCap &gt; UseBuiltin &gt; should return false for AsCustom"
      classname="https://jsr.io/@std/testing/1.0.17/_test_suite.ts"
      time="0.000"
      line="394"
      col="15"
    >
    </testcase>
    <testcase
      name="GetCap &gt; UseBuiltin &gt; should return the default when missing"
      classname="https://jsr.io/@std/testing/1.0.17/_test_suite.ts"
      time="0.000"
      line="394"
      col="15"
    >
    </testcase>
    <testcase
      name="GetCap &gt; UseCollection"
      classname="https://jsr.io/@std/testing/1.0.17/_test_suite.ts"
      time="0.010"
      line="394"
      col="15"
    >
    </testcase>
    <testcase
      name="GetCap &gt; UseCollection &gt; should return CollectionTarget for signature"
      classname="https://jsr.io/@std/testing/1.0.17/_test_suite.ts"
      time="0.000"
      line="394"
      col="15"
    >
    </testcase>
    <testcase
      name="GetCap &gt; UseCollection &gt; should return CollectionTarget for Collection"
      classname="https://jsr.io/@std/testing/1.0.17/_test_suite.ts"
      time="0.000"
      line="394"
      col="15"
    >
    </testcase>
    <testcase
      name="GetCap &gt; UseCollection &gt; should return idents for CollectionIdents"
      classname="https://jsr.io/@std/testing/1.0.17/_test_suite.ts"
      time="0.000"
      line="394"
      col="15"
    >
    </testcase>
    <testcase
      name="GetCap &gt; UseCollection &gt; should return values for CollectionValues"
      classname="https://jsr.io/@std/testing/1.0.17/_test_suite.ts"
      time="0.000"
      line="394"
      col="15"
    >
    </testcase>
    <testcase
      name="GetCap &gt; UseCollection &gt; should return the default when missing"
      classname="https://jsr.io/@std/testing/1.0.17/_test_suite.ts"
      time="0.000"
      line="394"
      col="15"
    >
    </testcase>
    <testcase
      name="GetCap &gt; UseOptional"
      classname="https://jsr.io/@std/testing/1.0.17/_test_suite.ts"
      time="0.001"
      line="394"
      col="15"
    >
    </testcase>
    <testcase
      name="GetCap &gt; UseOptional &gt; should return boolean for signature"
      classname="https://jsr.io/@std/testing/1.0.17/_test_suite.ts"
      time="0.000"
      line="394"
      col="15"
    >
    </testcase>
    <testcase
      name="GetCap &gt; UseOptional &gt; should return true for AsOptional"
      classname="https://jsr.io/@std/testing/1.0.17/_test_suite.ts"
      time="0.000"
      line="394"
      col="15"
    >
    </testcase>
    <testcase
      name="GetCap &gt; UseOptional &gt; should return false for AsRequired"
      classname="https://jsr.io/@std/testing/1.0.17/_test_suite.ts"
      time="0.000"
      line="394"
      col="15"
    >
    </testcase>
    <testcase
      name="GetCap &gt; UseOptional &gt; should return the default when missing"
      classname="https://jsr.io/@std/testing/1.0.17/_test_suite.ts"
      time="0.000"
      line="394"
      col="15"
    >
    </testcase>
    <testcase
      name="GetCap &gt; UseDefault"
      classname="https://jsr.io/@std/testing/1.0.17/_test_suite.ts"
      time="0.001"
      line="394"
      col="15"
    >
    </testcase>
    <testcase
      name="GetCap &gt; UseDefault &gt; should return any for signature"
      classname="https://jsr.io/@std/testing/1.0.17/_test_suite.ts"
      time="0.000"
      line="394"
      col="15"
    >
    </testcase>
    <testcase
      name="GetCap &gt; UseDefault &gt; should return string for DefaultOf&lt;string&gt;"
      classname="https://jsr.io/@std/testing/1.0.17/_test_suite.ts"
      time="0.000"
      line="394"
      col="15"
    >
    </testcase>
    <testcase
      name="GetCap &gt; UseDefault &gt; should return number for DefaultOf&lt;number&gt;"
      classname="https://jsr.io/@std/testing/1.0.17/_test_suite.ts"
      time="0.000"
      line="394"
      col="15"
    >
    </testcase>
    <testcase
      name="GetCap &gt; UseDefault &gt; should return the default when missing"
      classname="https://jsr.io/@std/testing/1.0.17/_test_suite.ts"
      time="0.000"
      line="394"
      col="15"
    >
    </testcase>
    <testcase
      name="GetCap &gt; UseDepth"
      classname="https://jsr.io/@std/testing/1.0.17/_test_suite.ts"
      time="0.011"
      line="394"
      col="15"
    >
    </testcase>
    <testcase
      name="GetCap &gt; UseDepth &gt; should return boolean | DepthLevel for signature"
      classname="https://jsr.io/@std/testing/1.0.17/_test_suite.ts"
      time="0.000"
      line="394"
      col="15"
    >
    </testcase>
    <testcase
      name="GetCap &gt; UseDepth &gt; should return true for AsDeep"
      classname="https://jsr.io/@std/testing/1.0.17/_test_suite.ts"
      time="0.000"
      line="394"
      col="15"
    >
    </testcase>
    <testcase
      name="GetCap &gt; UseDepth &gt; should return false for AsShallow"
      classname="https://jsr.io/@std/testing/1.0.17/_test_suite.ts"
      time="0.000"
      line="394"
      col="15"
    >
    </testcase>
    <testcase
      name="GetCap &gt; UseDepth &gt; should return 1 for LevelOf&lt;1&gt;"
      classname="https://jsr.io/@std/testing/1.0.17/_test_suite.ts"
      time="0.000"
      line="394"
      col="15"
    >
    </testcase>
    <testcase
      name="GetCap &gt; UseDepth &gt; should return 2 for LevelOf&lt;2&gt;"
      classname="https://jsr.io/@std/testing/1.0.17/_test_suite.ts"
      time="0.000"
      line="394"
      col="15"
    >
    </testcase>
    <testcase
      name="GetCap &gt; UseDepth &gt; should return 3 for LevelOf&lt;3&gt;"
      classname="https://jsr.io/@std/testing/1.0.17/_test_suite.ts"
      time="0.000"
      line="394"
      col="15"
    >
    </testcase>
    <testcase
      name="GetCap &gt; UseDepth &gt; should return 4 for LevelOf&lt;4&gt;"
      classname="https://jsr.io/@std/testing/1.0.17/_test_suite.ts"
      time="0.000"
      line="394"
      col="15"
    >
    </testcase>
    <testcase
      name="GetCap &gt; UseDepth &gt; should return 5 for LevelOf&lt;5&gt;"
      classname="https://jsr.io/@std/testing/1.0.17/_test_suite.ts"
      time="0.000"
      line="394"
      col="15"
    >
    </testcase>
    <testcase
      name="GetCap &gt; UseDepth &gt; should return 6 for LevelOf&lt;6&gt;"
      classname="https://jsr.io/@std/testing/1.0.17/_test_suite.ts"
      time="0.000"
      line="394"
      col="15"
    >
    </testcase>
    <testcase
      name="GetCap &gt; UseDepth &gt; should return 7 for LevelOf&lt;7&gt;"
      classname="https://jsr.io/@std/testing/1.0.17/_test_suite.ts"
      time="0.000"
      line="394"
      col="15"
    >
    </testcase>
    <testcase
      name="GetCap &gt; UseDepth &gt; should return 8 for LevelOf&lt;8&gt;"
      classname="https://jsr.io/@std/testing/1.0.17/_test_suite.ts"
      time="0.000"
      line="394"
      col="15"
    >
    </testcase>
    <testcase
      name="GetCap &gt; UseDepth &gt; should return 9 for LevelOf&lt;9&gt;"
      classname="https://jsr.io/@std/testing/1.0.17/_test_suite.ts"
      time="0.000"
      line="394"
      col="15"
    >
    </testcase>
    <testcase
      name="GetCap &gt; UseDepth &gt; should return 10 for LevelOf&lt;10&gt;"
      classname="https://jsr.io/@std/testing/1.0.17/_test_suite.ts"
      time="0.000"
      line="394"
      col="15"
    >
    </testcase>
    <testcase
      name="GetCap &gt; UseDepth &gt; should return the default when missing"
      classname="https://jsr.io/@std/testing/1.0.17/_test_suite.ts"
      time="0.000"
      line="394"
      col="15"
    >
    </testcase>
    <testcase
      name="GetCap &gt; UseReverse"
      classname="https://jsr.io/@std/testing/1.0.17/_test_suite.ts"
      time="0.004"
      line="394"
      col="15"
    >
    </testcase>
    <testcase
      name="GetCap &gt; UseReverse &gt; should return boolean for signature"
      classname="https://jsr.io/@std/testing/1.0.17/_test_suite.ts"
      time="0.000"
      line="394"
      col="15"
    >
    </testcase>
    <testcase
      name="GetCap &gt; UseReverse &gt; should return true for AsReversed"
      classname="https://jsr.io/@std/testing/1.0.17/_test_suite.ts"
      time="0.000"
      line="394"
      col="15"
    >
    </testcase>
    <testcase
      name="GetCap &gt; UseReverse &gt; should return false for AsForward"
      classname="https://jsr.io/@std/testing/1.0.17/_test_suite.ts"
      time="0.000"
      line="394"
      col="15"
    >
    </testcase>
    <testcase
      name="GetCap &gt; UseReverse &gt; should return the default when missing"
      classname="https://jsr.io/@std/testing/1.0.17/_test_suite.ts"
      time="0.000"
      line="394"
      col="15"
    >
    </testcase>
    <testcase
      name="GetCap &gt; UseElse"
      classname="https://jsr.io/@std/testing/1.0.17/_test_suite.ts"
      time="0.001"
      line="394"
      col="15"
    >
    </testcase>
    <testcase
      name="GetCap &gt; UseElse &gt; should return any for signature"
      classname="https://jsr.io/@std/testing/1.0.17/_test_suite.ts"
      time="0.000"
      line="394"
      col="15"
    >
    </testcase>
    <testcase
      name="GetCap &gt; UseElse &gt; should return string for Else&lt;string&gt;"
      classname="https://jsr.io/@std/testing/1.0.17/_test_suite.ts"
      time="0.000"
      line="394"
      col="15"
    >
    </testcase>
    <testcase
      name="GetCap &gt; UseElse &gt; should return number for Else&lt;number&gt;"
      classname="https://jsr.io/@std/testing/1.0.17/_test_suite.ts"
      time="0.001"
      line="394"
      col="15"
    >
    </testcase>
    <testcase
      name="GetCap &gt; UseElse &gt; should return the default when missing"
      classname="https://jsr.io/@std/testing/1.0.17/_test_suite.ts"
      time="0.000"
      line="394"
      col="15"
    >
    </testcase>
    <testcase
      name="GetCap &gt; UseExclusion"
      classname="https://jsr.io/@std/testing/1.0.17/_test_suite.ts"
      time="0.002"
      line="394"
      col="15"
    >
    </testcase>
    <testcase
      name="GetCap &gt; UseExclusion &gt; should return boolean for signature"
      classname="https://jsr.io/@std/testing/1.0.17/_test_suite.ts"
      time="0.000"
      line="394"
      col="15"
    >
    </testcase>
    <testcase
      name="GetCap &gt; UseExclusion &gt; should return true for AsExclude"
      classname="https://jsr.io/@std/testing/1.0.17/_test_suite.ts"
      time="0.000"
      line="394"
      col="15"
    >
    </testcase>
    <testcase
      name="GetCap &gt; UseExclusion &gt; should return false for AsInclude"
      classname="https://jsr.io/@std/testing/1.0.17/_test_suite.ts"
      time="0.000"
      line="394"
      col="15"
    >
    </testcase>
    <testcase
      name="GetCap &gt; UseExclusion &gt; should return the default when missing"
      classname="https://jsr.io/@std/testing/1.0.17/_test_suite.ts"
      time="0.001"
      line="394"
      col="15"
    >
    </testcase>
    <testcase
      name="GetCap &gt; UseStream"
      classname="https://jsr.io/@std/testing/1.0.17/_test_suite.ts"
      time="0.002"
      line="394"
      col="15"
    >
    </testcase>
    <testcase
      name="GetCap &gt; UseStream &gt; should return boolean for signature"
      classname="https://jsr.io/@std/testing/1.0.17/_test_suite.ts"
      time="0.000"
      line="394"
      col="15"
    >
    </testcase>
    <testcase
      name="GetCap &gt; UseStream &gt; should return true for AsFilter"
      classname="https://jsr.io/@std/testing/1.0.17/_test_suite.ts"
      time="0.000"
      line="394"
      col="15"
    >
    </testcase>
    <testcase
      name="GetCap &gt; UseStream &gt; should return false for AsPredicate"
      classname="https://jsr.io/@std/testing/1.0.17/_test_suite.ts"
      time="0.000"
      line="394"
      col="15"
    >
    </testcase>
    <testcase
      name="GetCap &gt; UseStream &gt; should return the default when missing"
      classname="https://jsr.io/@std/testing/1.0.17/_test_suite.ts"
      time="0.000"
      line="394"
      col="15"
    >
    </testcase>
    <testcase
      name="GetCap &gt; InversionKey"
      classname="https://jsr.io/@std/testing/1.0.17/_test_suite.ts"
      time="0.002"
      line="394"
      col="15"
    >
    </testcase>
    <testcase
      name="GetCap &gt; InversionKey &gt; should return boolean for signature"
      classname="https://jsr.io/@std/testing/1.0.17/_test_suite.ts"
      time="0.000"
      line="394"
      col="15"
    >
    </testcase>
    <testcase
      name="GetCap &gt; InversionKey &gt; should return true for AsInverted"
      classname="https://jsr.io/@std/testing/1.0.17/_test_suite.ts"
      time="0.000"
      line="394"
      col="15"
    >
    </testcase>
    <testcase
      name="GetCap &gt; InversionKey &gt; should return the default when missing"
      classname="https://jsr.io/@std/testing/1.0.17/_test_suite.ts"
      time="0.000"
      line="394"
      col="15"
    >
    </testcase>
    <testcase
      name="GetCap &gt; UseIdents"
      classname="https://jsr.io/@std/testing/1.0.17/_test_suite.ts"
      time="0.001"
      line="394"
      col="15"
    >
    </testcase>
    <testcase
      name="GetCap &gt; UseIdents &gt; should return PropertyKey for signature"
      classname="https://jsr.io/@std/testing/1.0.17/_test_suite.ts"
      time="0.000"
      line="394"
      col="15"
    >
    </testcase>
    <testcase
      name="GetCap &gt; UseIdents &gt; should return &apos;first&apos; | &apos;last&apos; for IdentsOf&lt;Type, &apos;first&apos; | &apos;last&apos;&gt;"
      classname="https://jsr.io/@std/testing/1.0.17/_test_suite.ts"
      time="0.000"
      line="394"
      col="15"
    >
    </testcase>
    <testcase
      name="GetCap &gt; UseIdents &gt; should return &apos;age&apos; for IdentsOf&lt;Type, &apos;age&apos;&gt;"
      classname="https://jsr.io/@std/testing/1.0.17/_test_suite.ts"
      time="0.000"
      line="394"
      col="15"
    >
    </testcase>
    <testcase
      name="GetCap &gt; UseIdents &gt; should return the default when missing"
      classname="https://jsr.io/@std/testing/1.0.17/_test_suite.ts"
      time="0.000"
      line="394"
      col="15"
    >
    </testcase>
    <testcase
      name="GetCap &gt; UseImmutable"
      classname="https://jsr.io/@std/testing/1.0.17/_test_suite.ts"
      time="0.001"
      line="394"
      col="15"
    >
    </testcase>
    <testcase
      name="GetCap &gt; UseImmutable &gt; should return boolean for signature"
      classname="https://jsr.io/@std/testing/1.0.17/_test_suite.ts"
      time="0.000"
      line="394"
      col="15"
    >
    </testcase>
    <testcase
      name="GetCap &gt; UseImmutable &gt; should return true for AsImmutable"
      classname="https://jsr.io/@std/testing/1.0.17/_test_suite.ts"
      time="0.000"
      line="394"
      col="15"
    >
    </testcase>
    <testcase
      name="GetCap &gt; UseImmutable &gt; should return false for AsMutable"
      classname="https://jsr.io/@std/testing/1.0.17/_test_suite.ts"
      time="0.000"
      line="394"
      col="15"
    >
    </testcase>
    <testcase
      name="GetCap &gt; UseImmutable &gt; should return the default when missing"
      classname="https://jsr.io/@std/testing/1.0.17/_test_suite.ts"
      time="0.000"
      line="394"
      col="15"
    >
    </testcase>
    <testcase
      name="GetCap &gt; UseSafe"
      classname="https://jsr.io/@std/testing/1.0.17/_test_suite.ts"
      time="0.003"
      line="394"
      col="15"
    >
    </testcase>
    <testcase
      name="GetCap &gt; UseSafe &gt; should return boolean for signature"
      classname="https://jsr.io/@std/testing/1.0.17/_test_suite.ts"
      time="0.000"
      line="394"
      col="15"
    >
    </testcase>
    <testcase
      name="GetCap &gt; UseSafe &gt; should return true for AsSafe"
      classname="https://jsr.io/@std/testing/1.0.17/_test_suite.ts"
      time="0.001"
      line="394"
      col="15"
    >
    </testcase>
    <testcase
      name="GetCap &gt; UseSafe &gt; should return false for AsUnsafe"
      classname="https://jsr.io/@std/testing/1.0.17/_test_suite.ts"
      time="0.000"
      line="394"
      col="15"
    >
    </testcase>
    <testcase
      name="GetCap &gt; UseSafe &gt; should return the default when missing"
      classname="https://jsr.io/@std/testing/1.0.17/_test_suite.ts"
      time="0.000"
      line="394"
      col="15"
    >
    </testcase>
    <testcase
      name="GetCap &gt; UseAccessor"
      classname="https://jsr.io/@std/testing/1.0.17/_test_suite.ts"
      time="0.002"
      line="394"
      col="15"
    >
    </testcase>
    <testcase
      name="GetCap &gt; UseAccessor &gt; should return boolean for signature"
      classname="https://jsr.io/@std/testing/1.0.17/_test_suite.ts"
      time="0.000"
      line="394"
      col="15"
    >
    </testcase>
    <testcase
      name="GetCap &gt; UseAccessor &gt; should return true for AsSetter"
      classname="https://jsr.io/@std/testing/1.0.17/_test_suite.ts"
      time="0.000"
      line="394"
      col="15"
    >
    </testcase>
    <testcase
      name="GetCap &gt; UseAccessor &gt; should return false for AsGetter"
      classname="https://jsr.io/@std/testing/1.0.17/_test_suite.ts"
      time="0.000"
      line="394"
      col="15"
    >
    </testcase>
    <testcase
      name="GetCap &gt; UseAccessor &gt; should return the default when missing"
      classname="https://jsr.io/@std/testing/1.0.17/_test_suite.ts"
      time="0.000"
      line="394"
      col="15"
    >
    </testcase>
    <testcase
      name="GetCap &gt; UseStrict"
      classname="https://jsr.io/@std/testing/1.0.17/_test_suite.ts"
      time="0.001"
      line="394"
      col="15"
    >
    </testcase>
    <testcase
      name="GetCap &gt; UseStrict &gt; should return boolean for signature"
      classname="https://jsr.io/@std/testing/1.0.17/_test_suite.ts"
      time="0.000"
      line="394"
      col="15"
    >
    </testcase>
    <testcase
      name="GetCap &gt; UseStrict &gt; should return true for AsStrict"
      classname="https://jsr.io/@std/testing/1.0.17/_test_suite.ts"
      time="0.000"
      line="394"
      col="15"
    >
    </testcase>
    <testcase
      name="GetCap &gt; UseStrict &gt; should return false for AsLoose"
      classname="https://jsr.io/@std/testing/1.0.17/_test_suite.ts"
      time="0.001"
      line="394"
      col="15"
    >
    </testcase>
    <testcase
      name="GetCap &gt; UseStrict &gt; should return the default when missing"
      classname="https://jsr.io/@std/testing/1.0.17/_test_suite.ts"
      time="0.000"
      line="394"
      col="15"
    >
    </testcase>
    <testcase
      name="GetCap &gt; UseThen"
      classname="https://jsr.io/@std/testing/1.0.17/_test_suite.ts"
      time="0.001"
      line="394"
      col="15"
    >
    </testcase>
    <testcase
      name="GetCap &gt; UseThen &gt; should return any for signature"
      classname="https://jsr.io/@std/testing/1.0.17/_test_suite.ts"
      time="0.000"
      line="394"
      col="15"
    >
    </testcase>
    <testcase
      name="GetCap &gt; UseThen &gt; should return string for Then&lt;string&gt;"
      classname="https://jsr.io/@std/testing/1.0.17/_test_suite.ts"
      time="0.000"
      line="394"
      col="15"
    >
    </testcase>
    <testcase
      name="GetCap &gt; UseThen &gt; should return number for Then&lt;number&gt;"
      classname="https://jsr.io/@std/testing/1.0.17/_test_suite.ts"
      time="0.000"
      line="394"
      col="15"
    >
    </testcase>
    <testcase
      name="GetCap &gt; UseThen &gt; should return the default when missing"
      classname="https://jsr.io/@std/testing/1.0.17/_test_suite.ts"
      time="0.000"
      line="394"
      col="15"
    >
    </testcase>
    <testcase
      name="PickCap &gt; UseAsync &gt; should return UseAsync for signature"
      classname="https://jsr.io/@std/testing/1.0.17/_test_suite.ts"
      time="0.018"
      line="171"
      col="39"
    >
    </testcase>
    <testcase
      name="PickCap &gt; UseAsync &gt; should return AsAsync for AsAsync"
      classname="https://jsr.io/@std/testing/1.0.17/_test_suite.ts"
      time="0.000"
      line="394"
      col="15"
    >
    </testcase>
    <testcase
      name="PickCap &gt; UseAsync &gt; should return AsSync for AsSync"
      classname="https://jsr.io/@std/testing/1.0.17/_test_suite.ts"
      time="0.000"
      line="394"
      col="15"
    >
    </testcase>
    <testcase
      name="PickCap &gt; UseAsync &gt; should return the default when missing"
      classname="https://jsr.io/@std/testing/1.0.17/_test_suite.ts"
      time="0.001"
      line="394"
      col="15"
    >
    </testcase>
    <testcase
      name="PickCap &gt; UseBuiltin"
      classname="https://jsr.io/@std/testing/1.0.17/_test_suite.ts"
      time="0.003"
      line="394"
      col="15"
    >
    </testcase>
    <testcase
      name="PickCap &gt; UseBuiltin &gt; should return UseBuiltin for signature"
      classname="https://jsr.io/@std/testing/1.0.17/_test_suite.ts"
      time="0.000"
      line="394"
      col="15"
    >
    </testcase>
    <testcase
      name="PickCap &gt; UseBuiltin &gt; should return AsBuiltin for AsBuiltin"
      classname="https://jsr.io/@std/testing/1.0.17/_test_suite.ts"
      time="0.000"
      line="394"
      col="15"
    >
    </testcase>
    <testcase
      name="PickCap &gt; UseBuiltin &gt; should return AsCustom for AsCustom"
      classname="https://jsr.io/@std/testing/1.0.17/_test_suite.ts"
      time="0.000"
      line="394"
      col="15"
    >
    </testcase>
    <testcase
      name="PickCap &gt; UseBuiltin &gt; should return the default when missing"
      classname="https://jsr.io/@std/testing/1.0.17/_test_suite.ts"
      time="0.000"
      line="394"
      col="15"
    >
    </testcase>
    <testcase
      name="PickCap &gt; UseCollection"
      classname="https://jsr.io/@std/testing/1.0.17/_test_suite.ts"
      time="0.001"
      line="394"
      col="15"
    >
    </testcase>
    <testcase
      name="PickCap &gt; UseCollection &gt; should return UseCollection for signature"
      classname="https://jsr.io/@std/testing/1.0.17/_test_suite.ts"
      time="0.000"
      line="394"
      col="15"
    >
    </testcase>
    <testcase
      name="PickCap &gt; UseCollection &gt; should return Collection for Collection"
      classname="https://jsr.io/@std/testing/1.0.17/_test_suite.ts"
      time="0.000"
      line="394"
      col="15"
    >
    </testcase>
    <testcase
      name="PickCap &gt; UseCollection &gt; should return CollectionIdents for CollectionIdents"
      classname="https://jsr.io/@std/testing/1.0.17/_test_suite.ts"
      time="0.000"
      line="394"
      col="15"
    >
    </testcase>
    <testcase
      name="PickCap &gt; UseCollection &gt; should return CollectionValues for CollectionValues"
      classname="https://jsr.io/@std/testing/1.0.17/_test_suite.ts"
      time="0.000"
      line="394"
      col="15"
    >
    </testcase>
    <testcase
      name="PickCap &gt; UseCollection &gt; should return the default when missing"
      classname="https://jsr.io/@std/testing/1.0.17/_test_suite.ts"
      time="0.000"
      line="394"
      col="15"
    >
    </testcase>
    <testcase
      name="PickCap &gt; UseOptional"
      classname="https://jsr.io/@std/testing/1.0.17/_test_suite.ts"
      time="0.000"
      line="394"
      col="15"
    >
    </testcase>
    <testcase
      name="PickCap &gt; UseOptional &gt; should return UseOptional for signature"
      classname="https://jsr.io/@std/testing/1.0.17/_test_suite.ts"
      time="0.000"
      line="394"
      col="15"
    >
    </testcase>
    <testcase
      name="PickCap &gt; UseOptional &gt; should return AsOptional for AsOptional"
      classname="https://jsr.io/@std/testing/1.0.17/_test_suite.ts"
      time="0.000"
      line="394"
      col="15"
    >
    </testcase>
    <testcase
      name="PickCap &gt; UseOptional &gt; should return AsRequired for AsRequired"
      classname="https://jsr.io/@std/testing/1.0.17/_test_suite.ts"
      time="0.000"
      line="394"
      col="15"
    >
    </testcase>
    <testcase
      name="PickCap &gt; UseOptional &gt; should return the default when missing"
      classname="https://jsr.io/@std/testing/1.0.17/_test_suite.ts"
      time="0.000"
      line="394"
      col="15"
    >
    </testcase>
    <testcase
      name="PickCap &gt; UseDefault"
      classname="https://jsr.io/@std/testing/1.0.17/_test_suite.ts"
      time="0.000"
      line="394"
      col="15"
    >
    </testcase>
    <testcase
      name="PickCap &gt; UseDefault &gt; should return any for signature"
      classname="https://jsr.io/@std/testing/1.0.17/_test_suite.ts"
      time="0.000"
      line="394"
      col="15"
    >
    </testcase>
    <testcase
      name="PickCap &gt; UseDefault &gt; should return DefaultOf&lt;string&gt; for DefaultOf&lt;string&gt;"
      classname="https://jsr.io/@std/testing/1.0.17/_test_suite.ts"
      time="0.000"
      line="394"
      col="15"
    >
    </testcase>
    <testcase
      name="PickCap &gt; UseDefault &gt; should return DefaultOf&lt;number&gt; for DefaultOf&lt;number&gt;"
      classname="https://jsr.io/@std/testing/1.0.17/_test_suite.ts"
      time="0.000"
      line="394"
      col="15"
    >
    </testcase>
    <testcase
      name="PickCap &gt; UseDefault &gt; should return the default when missing"
      classname="https://jsr.io/@std/testing/1.0.17/_test_suite.ts"
      time="0.000"
      line="394"
      col="15"
    >
    </testcase>
    <testcase
      name="PickCap &gt; UseDepth"
      classname="https://jsr.io/@std/testing/1.0.17/_test_suite.ts"
      time="0.005"
      line="394"
      col="15"
    >
    </testcase>
    <testcase
      name="PickCap &gt; UseDepth &gt; should return UseDepth for signature"
      classname="https://jsr.io/@std/testing/1.0.17/_test_suite.ts"
      time="0.000"
      line="394"
      col="15"
    >
    </testcase>
    <testcase
      name="PickCap &gt; UseDepth &gt; should return AsDeep for AsDeep"
      classname="https://jsr.io/@std/testing/1.0.17/_test_suite.ts"
      time="0.000"
      line="394"
      col="15"
    >
    </testcase>
    <testcase
      name="PickCap &gt; UseDepth &gt; should return AsShallow for AsShallow"
      classname="https://jsr.io/@std/testing/1.0.17/_test_suite.ts"
      time="0.001"
      line="394"
      col="15"
    >
    </testcase>
    <testcase
      name="PickCap &gt; UseDepth &gt; should return LevelOf&lt;1&gt; for LevelOf&lt;1&gt;"
      classname="https://jsr.io/@std/testing/1.0.17/_test_suite.ts"
      time="0.000"
      line="394"
      col="15"
    >
    </testcase>
    <testcase
      name="PickCap &gt; UseDepth &gt; should return LevelOf&lt;2&gt; for LevelOf&lt;2&gt;"
      classname="https://jsr.io/@std/testing/1.0.17/_test_suite.ts"
      time="0.000"
      line="394"
      col="15"
    >
    </testcase>
    <testcase
      name="PickCap &gt; UseDepth &gt; should return LevelOf&lt;3&gt; for LevelOf&lt;3&gt;"
      classname="https://jsr.io/@std/testing/1.0.17/_test_suite.ts"
      time="0.000"
      line="394"
      col="15"
    >
    </testcase>
    <testcase
      name="PickCap &gt; UseDepth &gt; should return LevelOf&lt;4&gt; for LevelOf&lt;4&gt;"
      classname="https://jsr.io/@std/testing/1.0.17/_test_suite.ts"
      time="0.000"
      line="394"
      col="15"
    >
    </testcase>
    <testcase
      name="PickCap &gt; UseDepth &gt; should return LevelOf&lt;5&gt; for LevelOf&lt;5&gt;"
      classname="https://jsr.io/@std/testing/1.0.17/_test_suite.ts"
      time="0.000"
      line="394"
      col="15"
    >
    </testcase>
    <testcase
      name="PickCap &gt; UseDepth &gt; should return LevelOf&lt;6&gt; for LevelOf&lt;6&gt;"
      classname="https://jsr.io/@std/testing/1.0.17/_test_suite.ts"
      time="0.000"
      line="394"
      col="15"
    >
    </testcase>
    <testcase
      name="PickCap &gt; UseDepth &gt; should return LevelOf&lt;7&gt; for LevelOf&lt;7&gt;"
      classname="https://jsr.io/@std/testing/1.0.17/_test_suite.ts"
      time="0.000"
      line="394"
      col="15"
    >
    </testcase>
    <testcase
      name="PickCap &gt; UseDepth &gt; should return LevelOf&lt;8&gt; for LevelOf&lt;8&gt;"
      classname="https://jsr.io/@std/testing/1.0.17/_test_suite.ts"
      time="0.000"
      line="394"
      col="15"
    >
    </testcase>
    <testcase
      name="PickCap &gt; UseDepth &gt; should return LevelOf&lt;9&gt; for LevelOf&lt;9&gt;"
      classname="https://jsr.io/@std/testing/1.0.17/_test_suite.ts"
      time="0.000"
      line="394"
      col="15"
    >
    </testcase>
    <testcase
      name="PickCap &gt; UseDepth &gt; should return LevelOf&lt;10&gt; for LevelOf&lt;10&gt;"
      classname="https://jsr.io/@std/testing/1.0.17/_test_suite.ts"
      time="0.000"
      line="394"
      col="15"
    >
    </testcase>
    <testcase
      name="PickCap &gt; UseDepth &gt; should return the default when missing"
      classname="https://jsr.io/@std/testing/1.0.17/_test_suite.ts"
      time="0.001"
      line="394"
      col="15"
    >
    </testcase>
    <testcase
      name="PickCap &gt; UseReverse"
      classname="https://jsr.io/@std/testing/1.0.17/_test_suite.ts"
      time="0.003"
      line="394"
      col="15"
    >
    </testcase>
    <testcase
      name="PickCap &gt; UseReverse &gt; should return UseReverse for signature"
      classname="https://jsr.io/@std/testing/1.0.17/_test_suite.ts"
      time="0.000"
      line="394"
      col="15"
    >
    </testcase>
    <testcase
      name="PickCap &gt; UseReverse &gt; should return AsReversed for AsReversed"
      classname="https://jsr.io/@std/testing/1.0.17/_test_suite.ts"
      time="0.000"
      line="394"
      col="15"
    >
    </testcase>
    <testcase
      name="PickCap &gt; UseReverse &gt; should return AsForward for AsForward"
      classname="https://jsr.io/@std/testing/1.0.17/_test_suite.ts"
      time="0.000"
      line="394"
      col="15"
    >
    </testcase>
    <testcase
      name="PickCap &gt; UseReverse &gt; should return the default when missing"
      classname="https://jsr.io/@std/testing/1.0.17/_test_suite.ts"
      time="0.000"
      line="394"
      col="15"
    >
    </testcase>
    <testcase
      name="PickCap &gt; UseElse"
      classname="https://jsr.io/@std/testing/1.0.17/_test_suite.ts"
      time="0.001"
      line="394"
      col="15"
    >
    </testcase>
    <testcase
      name="PickCap &gt; UseElse &gt; should return UseElse for signature"
      classname="https://jsr.io/@std/testing/1.0.17/_test_suite.ts"
      time="0.000"
      line="394"
      col="15"
    >
    </testcase>
    <testcase
      name="PickCap &gt; UseElse &gt; should return Else&lt;string&gt; for Else&lt;string&gt;"
      classname="https://jsr.io/@std/testing/1.0.17/_test_suite.ts"
      time="0.000"
      line="394"
      col="15"
    >
    </testcase>
    <testcase
      name="PickCap &gt; UseElse &gt; should return Else&lt;number&gt; for Else&lt;number&gt;"
      classname="https://jsr.io/@std/testing/1.0.17/_test_suite.ts"
      time="0.000"
      line="394"
      col="15"
    >
    </testcase>
    <testcase
      name="PickCap &gt; UseElse &gt; should return the default when missing"
      classname="https://jsr.io/@std/testing/1.0.17/_test_suite.ts"
      time="0.000"
      line="394"
      col="15"
    >
    </testcase>
    <testcase
      name="PickCap &gt; UseExclusion"
      classname="https://jsr.io/@std/testing/1.0.17/_test_suite.ts"
      time="0.001"
      line="394"
      col="15"
    >
    </testcase>
    <testcase
      name="PickCap &gt; UseExclusion &gt; should return UseExclusion for signature"
      classname="https://jsr.io/@std/testing/1.0.17/_test_suite.ts"
      time="0.000"
      line="394"
      col="15"
    >
    </testcase>
    <testcase
      name="PickCap &gt; UseExclusion &gt; should return AsExclude for AsExclude"
      classname="https://jsr.io/@std/testing/1.0.17/_test_suite.ts"
      time="0.000"
      line="394"
      col="15"
    >
    </testcase>
    <testcase
      name="PickCap &gt; UseExclusion &gt; should return AsInclude for AsInclude"
      classname="https://jsr.io/@std/testing/1.0.17/_test_suite.ts"
      time="0.000"
      line="394"
      col="15"
    >
    </testcase>
    <testcase
      name="PickCap &gt; UseExclusion &gt; should return the default when missing"
      classname="https://jsr.io/@std/testing/1.0.17/_test_suite.ts"
      time="0.000"
      line="394"
      col="15"
    >
    </testcase>
    <testcase
      name="PickCap &gt; UseStream"
      classname="https://jsr.io/@std/testing/1.0.17/_test_suite.ts"
      time="0.002"
      line="394"
      col="15"
    >
    </testcase>
    <testcase
      name="PickCap &gt; UseStream &gt; should return UseStream for signature"
      classname="https://jsr.io/@std/testing/1.0.17/_test_suite.ts"
      time="0.000"
      line="394"
      col="15"
    >
    </testcase>
    <testcase
      name="PickCap &gt; UseStream &gt; should return AsFilter for AsFilter"
      classname="https://jsr.io/@std/testing/1.0.17/_test_suite.ts"
      time="0.000"
      line="394"
      col="15"
    >
    </testcase>
    <testcase
      name="PickCap &gt; UseStream &gt; should return AsPredicate for AsPredicate"
      classname="https://jsr.io/@std/testing/1.0.17/_test_suite.ts"
      time="0.000"
      line="394"
      col="15"
    >
    </testcase>
    <testcase
      name="PickCap &gt; UseStream &gt; should return the default when missing"
      classname="https://jsr.io/@std/testing/1.0.17/_test_suite.ts"
      time="0.000"
      line="394"
      col="15"
    >
    </testcase>
    <testcase
      name="PickCap &gt; UseInversion"
      classname="https://jsr.io/@std/testing/1.0.17/_test_suite.ts"
      time="0.001"
      line="394"
      col="15"
    >
    </testcase>
    <testcase
      name="PickCap &gt; UseInversion &gt; should return UseInversion for signature"
      classname="https://jsr.io/@std/testing/1.0.17/_test_suite.ts"
      time="0.000"
      line="394"
      col="15"
    >
    </testcase>
    <testcase
      name="PickCap &gt; UseInversion &gt; should return AsInverted for AsInverted"
      classname="https://jsr.io/@std/testing/1.0.17/_test_suite.ts"
      time="0.000"
      line="394"
      col="15"
    >
    </testcase>
    <testcase
      name="PickCap &gt; UseInversion &gt; should return the default when missing"
      classname="https://jsr.io/@std/testing/1.0.17/_test_suite.ts"
      time="0.000"
      line="394"
      col="15"
    >
    </testcase>
    <testcase
      name="PickCap &gt; UseIdents"
      classname="https://jsr.io/@std/testing/1.0.17/_test_suite.ts"
      time="0.001"
      line="394"
      col="15"
    >
    </testcase>
    <testcase
      name="PickCap &gt; UseIdents &gt; should return UseIdents for signature"
      classname="https://jsr.io/@std/testing/1.0.17/_test_suite.ts"
      time="0.000"
      line="394"
      col="15"
    >
    </testcase>
    <testcase
      name="PickCap &gt; UseIdents &gt; should return IdentsOf&lt;Type, &apos;first&apos; | &apos;last&apos;&gt; for IdentsOf&lt;Type, &apos;first&apos; | &apos;last&apos;&gt;"
      classname="https://jsr.io/@std/testing/1.0.17/_test_suite.ts"
      time="0.000"
      line="394"
      col="15"
    >
    </testcase>
    <testcase
      name="PickCap &gt; UseIdents &gt; should return IdentsOf&lt;Type, &apos;age&apos;&gt; for IdentsOf&lt;Type, &apos;age&apos;&gt;"
      classname="https://jsr.io/@std/testing/1.0.17/_test_suite.ts"
      time="0.000"
      line="394"
      col="15"
    >
    </testcase>
    <testcase
      name="PickCap &gt; UseIdents &gt; should return the default when missing"
      classname="https://jsr.io/@std/testing/1.0.17/_test_suite.ts"
      time="0.000"
      line="394"
      col="15"
    >
    </testcase>
    <testcase
      name="PickCap &gt; UseImmutable"
      classname="https://jsr.io/@std/testing/1.0.17/_test_suite.ts"
      time="0.001"
      line="394"
      col="15"
    >
    </testcase>
    <testcase
      name="PickCap &gt; UseImmutable &gt; should return UseImmutable for signature"
      classname="https://jsr.io/@std/testing/1.0.17/_test_suite.ts"
      time="0.000"
      line="394"
      col="15"
    >
    </testcase>
    <testcase
      name="PickCap &gt; UseImmutable &gt; should return AsImmutable for AsImmutable"
      classname="https://jsr.io/@std/testing/1.0.17/_test_suite.ts"
      time="0.000"
      line="394"
      col="15"
    >
    </testcase>
    <testcase
      name="PickCap &gt; UseImmutable &gt; should return AsMutable for AsMutable"
      classname="https://jsr.io/@std/testing/1.0.17/_test_suite.ts"
      time="0.000"
      line="394"
      col="15"
    >
    </testcase>
    <testcase
      name="PickCap &gt; UseImmutable &gt; should return the default when missing"
      classname="https://jsr.io/@std/testing/1.0.17/_test_suite.ts"
      time="0.000"
      line="394"
      col="15"
    >
    </testcase>
    <testcase
      name="PickCap &gt; UseSafe"
      classname="https://jsr.io/@std/testing/1.0.17/_test_suite.ts"
      time="0.002"
      line="394"
      col="15"
    >
    </testcase>
    <testcase
      name="PickCap &gt; UseSafe &gt; should return UseSafe for signature"
      classname="https://jsr.io/@std/testing/1.0.17/_test_suite.ts"
      time="0.000"
      line="394"
      col="15"
    >
    </testcase>
    <testcase
      name="PickCap &gt; UseSafe &gt; should return AsSafe for AsSafe"
      classname="https://jsr.io/@std/testing/1.0.17/_test_suite.ts"
      time="0.000"
      line="394"
      col="15"
    >
    </testcase>
    <testcase
      name="PickCap &gt; UseSafe &gt; should return AsUnsafe for AsUnsafe"
      classname="https://jsr.io/@std/testing/1.0.17/_test_suite.ts"
      time="0.000"
      line="394"
      col="15"
    >
    </testcase>
    <testcase
      name="PickCap &gt; UseSafe &gt; should return the default when missing"
      classname="https://jsr.io/@std/testing/1.0.17/_test_suite.ts"
      time="0.000"
      line="394"
      col="15"
    >
    </testcase>
    <testcase
      name="PickCap &gt; UseAccessor"
      classname="https://jsr.io/@std/testing/1.0.17/_test_suite.ts"
      time="0.002"
      line="394"
      col="15"
    >
    </testcase>
    <testcase
      name="PickCap &gt; UseAccessor &gt; should return UseAccessor for signature"
      classname="https://jsr.io/@std/testing/1.0.17/_test_suite.ts"
      time="0.000"
      line="394"
      col="15"
    >
    </testcase>
    <testcase
      name="PickCap &gt; UseAccessor &gt; should return AsSetter for AsSetter"
      classname="https://jsr.io/@std/testing/1.0.17/_test_suite.ts"
      time="0.000"
      line="394"
      col="15"
    >
    </testcase>
    <testcase
      name="PickCap &gt; UseAccessor &gt; should return AsGetter for AsGetter"
      classname="https://jsr.io/@std/testing/1.0.17/_test_suite.ts"
      time="0.000"
      line="394"
      col="15"
    >
    </testcase>
    <testcase
      name="PickCap &gt; UseAccessor &gt; should return the default when missing"
      classname="https://jsr.io/@std/testing/1.0.17/_test_suite.ts"
      time="0.000"
      line="394"
      col="15"
    >
    </testcase>
    <testcase
      name="PickCap &gt; UseStrict"
      classname="https://jsr.io/@std/testing/1.0.17/_test_suite.ts"
      time="0.001"
      line="394"
      col="15"
    >
    </testcase>
    <testcase
      name="PickCap &gt; UseStrict &gt; should return UseStrict for signature"
      classname="https://jsr.io/@std/testing/1.0.17/_test_suite.ts"
      time="0.000"
      line="394"
      col="15"
    >
    </testcase>
    <testcase
      name="PickCap &gt; UseStrict &gt; should return AsStrict for AsStrict"
      classname="https://jsr.io/@std/testing/1.0.17/_test_suite.ts"
      time="0.000"
      line="394"
      col="15"
    >
    </testcase>
    <testcase
      name="PickCap &gt; UseStrict &gt; should return AsLoose for AsLoose"
      classname="https://jsr.io/@std/testing/1.0.17/_test_suite.ts"
      time="0.000"
      line="394"
      col="15"
    >
    </testcase>
    <testcase
      name="PickCap &gt; UseStrict &gt; should return the default when missing"
      classname="https://jsr.io/@std/testing/1.0.17/_test_suite.ts"
      time="0.000"
      line="394"
      col="15"
    >
    </testcase>
    <testcase
      name="PickCap &gt; UseThen"
      classname="https://jsr.io/@std/testing/1.0.17/_test_suite.ts"
      time="0.001"
      line="394"
      col="15"
    >
    </testcase>
    <testcase
      name="PickCap &gt; UseThen &gt; should return UseThen for signature"
      classname="https://jsr.io/@std/testing/1.0.17/_test_suite.ts"
      time="0.000"
      line="394"
      col="15"
    >
    </testcase>
    <testcase
      name="PickCap &gt; UseThen &gt; should return Then&lt;string&gt; for Then&lt;string&gt;"
      classname="https://jsr.io/@std/testing/1.0.17/_test_suite.ts"
      time="0.000"
      line="394"
      col="15"
    >
    </testcase>
    <testcase
      name="PickCap &gt; UseThen &gt; should return Then&lt;number&gt; for Then&lt;number&gt;"
      classname="https://jsr.io/@std/testing/1.0.17/_test_suite.ts"
      time="0.000"
      line="394"
      col="15"
    >
    </testcase>
    <testcase
      name="PickCap &gt; UseThen &gt; should return the default when missing"
      classname="https://jsr.io/@std/testing/1.0.17/_test_suite.ts"
      time="0.000"
      line="394"
      col="15"
    >
    </testcase>
    <testcase
      name="UseAccessor &gt; AccessorKeyString &gt; should be the correct string literal"
      classname="https://jsr.io/@std/testing/1.0.17/_test_suite.ts"
      time="0.001"
      line="171"
      col="39"
    >
    </testcase>
    <testcase
      name="UseAccessor &gt; AccessorKey"
      classname="https://jsr.io/@std/testing/1.0.17/_test_suite.ts"
      time="0.003"
      line="394"
      col="15"
    >
    </testcase>
    <testcase
      name="UseAccessor &gt; AccessorKey &gt; should be the type of AccessorKeyString"
      classname="https://jsr.io/@std/testing/1.0.17/_test_suite.ts"
      time="0.001"
      line="394"
      col="15"
    >
    </testcase>
    <testcase
      name="UseAccessor &gt; UseAccessor"
      classname="https://jsr.io/@std/testing/1.0.17/_test_suite.ts"
      time="0.017"
      line="394"
      col="15"
    >
    </testcase>
    <testcase
      name="UseAccessor &gt; UseAccessor &gt; should be an object type with the AccessorKeyString property of boolean value"
      classname="https://jsr.io/@std/testing/1.0.17/_test_suite.ts"
      time="0.000"
      line="394"
      col="15"
    >
    </testcase>
    <testcase
      name="UseAccessor &gt; AsSetter"
      classname="https://jsr.io/@std/testing/1.0.17/_test_suite.ts"
      time="0.004"
      line="394"
      col="15"
    >
    </testcase>
    <testcase
      name="UseAccessor &gt; AsSetter &gt; should be a UseAccessor type with the AccessorKeyString property set to true"
      classname="https://jsr.io/@std/testing/1.0.17/_test_suite.ts"
      time="0.000"
      line="394"
      col="15"
    >
    </testcase>
    <testcase
      name="UseAccessor &gt; AsGetter"
      classname="https://jsr.io/@std/testing/1.0.17/_test_suite.ts"
      time="0.010"
      line="394"
      col="15"
    >
    </testcase>
    <testcase
      name="UseAccessor &gt; AsGetter &gt; should be a UseAccessor type with the AccessorKeyString property set to false"
      classname="https://jsr.io/@std/testing/1.0.17/_test_suite.ts"
      time="0.000"
      line="394"
      col="15"
    >
    </testcase>
    <testcase
      name="UseAccessor &gt; PickAccessor"
      classname="https://jsr.io/@std/testing/1.0.17/_test_suite.ts"
      time="0.022"
      line="394"
      col="15"
    >
    </testcase>
    <testcase
      name="UseAccessor &gt; PickAccessor &gt; should return AsSetter"
      classname="https://jsr.io/@std/testing/1.0.17/_test_suite.ts"
      time="0.000"
      line="394"
      col="15"
    >
    </testcase>
    <testcase
      name="UseAccessor &gt; PickAccessor &gt; should return AsGetter"
      classname="https://jsr.io/@std/testing/1.0.17/_test_suite.ts"
      time="0.000"
      line="394"
      col="15"
    >
    </testcase>
    <testcase
      name="UseAccessor &gt; PickAccessor &gt; should return the default setting"
      classname="https://jsr.io/@std/testing/1.0.17/_test_suite.ts"
      time="0.000"
      line="394"
      col="15"
    >
    </testcase>
    <testcase
      name="UseAccessor &gt; GetAccessor"
      classname="https://jsr.io/@std/testing/1.0.17/_test_suite.ts"
      time="0.003"
      line="394"
      col="15"
    >
    </testcase>
    <testcase
      name="UseAccessor &gt; GetAccessor &gt; should return true"
      classname="https://jsr.io/@std/testing/1.0.17/_test_suite.ts"
      time="0.000"
      line="394"
      col="15"
    >
    </testcase>
    <testcase
      name="UseAccessor &gt; GetAccessor &gt; should return false"
      classname="https://jsr.io/@std/testing/1.0.17/_test_suite.ts"
      time="0.000"
      line="394"
      col="15"
    >
    </testcase>
    <testcase
      name="UseAccessor &gt; GetAccessor &gt; should return the default setting"
      classname="https://jsr.io/@std/testing/1.0.17/_test_suite.ts"
      time="0.000"
      line="394"
      col="15"
    >
    </testcase>
    <testcase
      name="UseAsync &gt; AsyncKeyString &gt; should be the correct string literal"
      classname="https://jsr.io/@std/testing/1.0.17/_test_suite.ts"
      time="0.000"
      line="171"
      col="39"
    >
    </testcase>
    <testcase
      name="UseAsync &gt; AsyncKey"
      classname="https://jsr.io/@std/testing/1.0.17/_test_suite.ts"
      time="0.001"
      line="394"
      col="15"
    >
    </testcase>
    <testcase
      name="UseAsync &gt; AsyncKey &gt; should be the type of AsyncKeyString"
      classname="https://jsr.io/@std/testing/1.0.17/_test_suite.ts"
      time="0.000"
      line="394"
      col="15"
    >
    </testcase>
    <testcase
      name="UseAsync &gt; UseAsync"
      classname="https://jsr.io/@std/testing/1.0.17/_test_suite.ts"
      time="0.001"
      line="394"
      col="15"
    >
    </testcase>
    <testcase
      name="UseAsync &gt; UseAsync &gt; should be an object type with the AsyncKeyString property of boolean value"
      classname="https://jsr.io/@std/testing/1.0.17/_test_suite.ts"
      time="0.000"
      line="394"
      col="15"
    >
    </testcase>
    <testcase
      name="UseAsync &gt; AsAsync"
      classname="https://jsr.io/@std/testing/1.0.17/_test_suite.ts"
      time="0.001"
      line="394"
      col="15"
    >
    </testcase>
    <testcase
      name="UseAsync &gt; AsAsync &gt; should be a UseAsync type with the AsyncKeyString property set to true"
      classname="https://jsr.io/@std/testing/1.0.17/_test_suite.ts"
      time="0.000"
      line="394"
      col="15"
    >
    </testcase>
    <testcase
      name="UseAsync &gt; AsSync"
      classname="https://jsr.io/@std/testing/1.0.17/_test_suite.ts"
      time="0.001"
      line="394"
      col="15"
    >
    </testcase>
    <testcase
      name="UseAsync &gt; AsSync &gt; should be a UseAsync type with the AsyncKeyString property set to false"
      classname="https://jsr.io/@std/testing/1.0.17/_test_suite.ts"
      time="0.000"
      line="394"
      col="15"
    >
    </testcase>
    <testcase
      name="UseAsync &gt; PickAsync"
      classname="https://jsr.io/@std/testing/1.0.17/_test_suite.ts"
      time="0.001"
      line="394"
      col="15"
    >
    </testcase>
    <testcase
      name="UseAsync &gt; PickAsync &gt; should return AsAsync"
      classname="https://jsr.io/@std/testing/1.0.17/_test_suite.ts"
      time="0.000"
      line="394"
      col="15"
    >
    </testcase>
    <testcase
      name="UseAsync &gt; PickAsync &gt; should return AsSync"
      classname="https://jsr.io/@std/testing/1.0.17/_test_suite.ts"
      time="0.000"
      line="394"
      col="15"
    >
    </testcase>
    <testcase
      name="UseAsync &gt; PickAsync &gt; should return the default setting"
      classname="https://jsr.io/@std/testing/1.0.17/_test_suite.ts"
      time="0.000"
      line="394"
      col="15"
    >
    </testcase>
    <testcase
      name="UseAsync &gt; GetAsync"
      classname="https://jsr.io/@std/testing/1.0.17/_test_suite.ts"
      time="0.001"
      line="394"
      col="15"
    >
    </testcase>
    <testcase
      name="UseAsync &gt; GetAsync &gt; should return true"
      classname="https://jsr.io/@std/testing/1.0.17/_test_suite.ts"
      time="0.000"
      line="394"
      col="15"
    >
    </testcase>
    <testcase
      name="UseAsync &gt; GetAsync &gt; should return false"
      classname="https://jsr.io/@std/testing/1.0.17/_test_suite.ts"
      time="0.000"
      line="394"
      col="15"
    >
    </testcase>
    <testcase
      name="UseAsync &gt; GetAsync &gt; should return the default setting"
      classname="https://jsr.io/@std/testing/1.0.17/_test_suite.ts"
      time="0.000"
      line="394"
      col="15"
    >
    </testcase>
    <testcase
      name="UseBuiltin &gt; BuiltinKeyString &gt; should be the correct string literal"
      classname="https://jsr.io/@std/testing/1.0.17/_test_suite.ts"
      time="0.001"
      line="171"
      col="39"
    >
    </testcase>
    <testcase
      name="UseBuiltin &gt; BuiltinKey"
      classname="https://jsr.io/@std/testing/1.0.17/_test_suite.ts"
      time="0.001"
      line="394"
      col="15"
    >
    </testcase>
    <testcase
      name="UseBuiltin &gt; BuiltinKey &gt; should be the type of BuiltinKeyString"
      classname="https://jsr.io/@std/testing/1.0.17/_test_suite.ts"
      time="0.000"
      line="394"
      col="15"
    >
    </testcase>
    <testcase
      name="UseBuiltin &gt; UseBuiltin"
      classname="https://jsr.io/@std/testing/1.0.17/_test_suite.ts"
      time="0.001"
      line="394"
      col="15"
    >
    </testcase>
    <testcase
      name="UseBuiltin &gt; UseBuiltin &gt; should be an object type with the BuiltinKeyString property of boolean value"
      classname="https://jsr.io/@std/testing/1.0.17/_test_suite.ts"
      time="0.001"
      line="394"
      col="15"
    >
    </testcase>
    <testcase
      name="UseBuiltin &gt; AsBuiltin"
      classname="https://jsr.io/@std/testing/1.0.17/_test_suite.ts"
      time="0.001"
      line="394"
      col="15"
    >
    </testcase>
    <testcase
      name="UseBuiltin &gt; AsBuiltin &gt; should be a UseBuiltin type with the BuiltinKeyString property set to true"
      classname="https://jsr.io/@std/testing/1.0.17/_test_suite.ts"
      time="0.001"
      line="394"
      col="15"
    >
    </testcase>
    <testcase
      name="UseBuiltin &gt; AsCustom"
      classname="https://jsr.io/@std/testing/1.0.17/_test_suite.ts"
      time="0.000"
      line="394"
      col="15"
    >
    </testcase>
    <testcase
      name="UseBuiltin &gt; AsCustom &gt; should be a UseBuiltin type with the BuiltinKeyString property set to false"
      classname="https://jsr.io/@std/testing/1.0.17/_test_suite.ts"
      time="0.000"
      line="394"
      col="15"
    >
    </testcase>
    <testcase
      name="UseBuiltin &gt; PickBuiltin"
      classname="https://jsr.io/@std/testing/1.0.17/_test_suite.ts"
      time="0.001"
      line="394"
      col="15"
    >
    </testcase>
    <testcase
      name="UseBuiltin &gt; PickBuiltin &gt; should return AsBuiltin"
      classname="https://jsr.io/@std/testing/1.0.17/_test_suite.ts"
      time="0.000"
      line="394"
      col="15"
    >
    </testcase>
    <testcase
      name="UseBuiltin &gt; PickBuiltin &gt; should return AsCustom"
      classname="https://jsr.io/@std/testing/1.0.17/_test_suite.ts"
      time="0.000"
      line="394"
      col="15"
    >
    </testcase>
    <testcase
      name="UseBuiltin &gt; PickBuiltin &gt; should return the default setting"
      classname="https://jsr.io/@std/testing/1.0.17/_test_suite.ts"
      time="0.000"
      line="394"
      col="15"
    >
    </testcase>
    <testcase
      name="UseBuiltin &gt; GetBuiltin"
      classname="https://jsr.io/@std/testing/1.0.17/_test_suite.ts"
      time="0.001"
      line="394"
      col="15"
    >
    </testcase>
    <testcase
      name="UseBuiltin &gt; GetBuiltin &gt; should return true"
      classname="https://jsr.io/@std/testing/1.0.17/_test_suite.ts"
      time="0.000"
      line="394"
      col="15"
    >
    </testcase>
    <testcase
      name="UseBuiltin &gt; GetBuiltin &gt; should return false"
      classname="https://jsr.io/@std/testing/1.0.17/_test_suite.ts"
      time="0.000"
      line="394"
      col="15"
    >
    </testcase>
    <testcase
      name="UseBuiltin &gt; GetBuiltin &gt; should return the default setting"
      classname="https://jsr.io/@std/testing/1.0.17/_test_suite.ts"
      time="0.000"
      line="394"
      col="15"
    >
    </testcase>
    <testcase
      name="UseCollection &gt; CollectionKeyString &gt; should be the correct string literal"
      classname="https://jsr.io/@std/testing/1.0.17/_test_suite.ts"
      time="0.001"
      line="171"
      col="39"
    >
    </testcase>
    <testcase
      name="UseCollection &gt; CollectionKey"
      classname="https://jsr.io/@std/testing/1.0.17/_test_suite.ts"
      time="0.000"
      line="394"
      col="15"
    >
    </testcase>
    <testcase
      name="UseCollection &gt; CollectionKey &gt; should be the type of CollectionKeyString"
      classname="https://jsr.io/@std/testing/1.0.17/_test_suite.ts"
      time="0.000"
      line="394"
      col="15"
    >
    </testcase>
    <testcase
      name="UseCollection &gt; UseCollection"
      classname="https://jsr.io/@std/testing/1.0.17/_test_suite.ts"
      time="0.001"
      line="394"
      col="15"
    >
    </testcase>
    <testcase
      name="UseCollection &gt; UseCollection &gt; should be an object type with the CollectionKeyString property of any value"
      classname="https://jsr.io/@std/testing/1.0.17/_test_suite.ts"
      time="0.001"
      line="394"
      col="15"
    >
    </testcase>
    <testcase
      name="UseCollection &gt; Collection"
      classname="https://jsr.io/@std/testing/1.0.17/_test_suite.ts"
      time="0.000"
      line="394"
      col="15"
    >
    </testcase>
    <testcase
      name="UseCollection &gt; Collection &gt; should be an object type with the CollectionKeyString property of &apos;collection&apos;"
      classname="https://jsr.io/@std/testing/1.0.17/_test_suite.ts"
      time="0.000"
      line="394"
      col="15"
    >
    </testcase>
    <testcase
      name="UseCollection &gt; CollectionIdents"
      classname="https://jsr.io/@std/testing/1.0.17/_test_suite.ts"
      time="0.000"
      line="394"
      col="15"
    >
    </testcase>
    <testcase
      name="UseCollection &gt; CollectionIdents &gt; should be an object type with the CollectionKeyString property of &apos;idents&apos;"
      classname="https://jsr.io/@std/testing/1.0.17/_test_suite.ts"
      time="0.000"
      line="394"
      col="15"
    >
    </testcase>
    <testcase
      name="UseCollection &gt; CollectionValues"
      classname="https://jsr.io/@std/testing/1.0.17/_test_suite.ts"
      time="0.000"
      line="394"
      col="15"
    >
    </testcase>
    <testcase
      name="UseCollection &gt; CollectionValues &gt; should be an object type with the CollectionKeyString property of &apos;values&apos;"
      classname="https://jsr.io/@std/testing/1.0.17/_test_suite.ts"
      time="0.000"
      line="394"
      col="15"
    >
    </testcase>
    <testcase
      name="UseCollection &gt; PickCollection"
      classname="https://jsr.io/@std/testing/1.0.17/_test_suite.ts"
      time="0.001"
      line="394"
      col="15"
    >
    </testcase>
    <testcase
      name="UseCollection &gt; PickCollection &gt; should return Else"
      classname="https://jsr.io/@std/testing/1.0.17/_test_suite.ts"
      time="0.000"
      line="394"
      col="15"
    >
    </testcase>
    <testcase
      name="UseCollection &gt; PickCollection &gt; should return Collection"
      classname="https://jsr.io/@std/testing/1.0.17/_test_suite.ts"
      time="0.000"
      line="394"
      col="15"
    >
    </testcase>
    <testcase
      name="UseCollection &gt; PickCollection &gt; should return CollectionIdents"
      classname="https://jsr.io/@std/testing/1.0.17/_test_suite.ts"
      time="0.000"
      line="394"
      col="15"
    >
    </testcase>
    <testcase
      name="UseCollection &gt; PickCollection &gt; should return CollectionValues"
      classname="https://jsr.io/@std/testing/1.0.17/_test_suite.ts"
      time="0.000"
      line="394"
      col="15"
    >
    </testcase>
    <testcase
      name="UseCollection &gt; PickCollection &gt; should return the default setting"
      classname="https://jsr.io/@std/testing/1.0.17/_test_suite.ts"
      time="0.000"
      line="394"
      col="15"
    >
    </testcase>
    <testcase
      name="UseCollection &gt; GetCollection"
      classname="https://jsr.io/@std/testing/1.0.17/_test_suite.ts"
      time="0.002"
      line="394"
      col="15"
    >
    </testcase>
    <testcase
      name="UseCollection &gt; GetCollection &gt; should return CollectionTarget"
      classname="https://jsr.io/@std/testing/1.0.17/_test_suite.ts"
      time="0.000"
      line="394"
      col="15"
    >
    </testcase>
    <testcase
      name="UseCollection &gt; GetCollection &gt; should return &apos;collection&apos;"
      classname="https://jsr.io/@std/testing/1.0.17/_test_suite.ts"
      time="0.000"
      line="394"
      col="15"
    >
    </testcase>
    <testcase
      name="UseCollection &gt; GetCollection &gt; should return &apos;idents&apos;"
      classname="https://jsr.io/@std/testing/1.0.17/_test_suite.ts"
      time="0.000"
      line="394"
      col="15"
    >
    </testcase>
    <testcase
      name="UseCollection &gt; GetCollection &gt; should return &apos;values&apos;"
      classname="https://jsr.io/@std/testing/1.0.17/_test_suite.ts"
      time="0.000"
      line="394"
      col="15"
    >
    </testcase>
    <testcase
      name="UseCollection &gt; GetCollection &gt; should return the default setting"
      classname="https://jsr.io/@std/testing/1.0.17/_test_suite.ts"
      time="0.000"
      line="394"
      col="15"
    >
    </testcase>
    <testcase
      name="UseCondition &gt; UseCondition &gt; default behavior"
      classname="https://jsr.io/@std/testing/1.0.17/_test_suite.ts"
      time="0.001"
      line="171"
      col="39"
    >
    </testcase>
    <testcase
      name="UseCondition &gt; UseCondition &gt; default behavior &gt; should return a union of UseThen and UseElse"
      classname="https://jsr.io/@std/testing/1.0.17/_test_suite.ts"
      time="0.000"
      line="365"
      col="39"
    >
    </testcase>
    <testcase
      name="UseCondition &gt; UseCondition &gt; strict behavior"
      classname="https://jsr.io/@std/testing/1.0.17/_test_suite.ts"
      time="0.000"
      line="394"
      col="15"
    >
    </testcase>
    <testcase
      name="UseCondition &gt; UseCondition &gt; strict behavior &gt; should return an intersection of UseThen and UseElse"
      classname="https://jsr.io/@std/testing/1.0.17/_test_suite.ts"
      time="0.000"
      line="394"
      col="15"
    >
    </testcase>
    <testcase
      name="UseCondition &gt; UseSafeCondition"
      classname="https://jsr.io/@std/testing/1.0.17/_test_suite.ts"
      time="0.001"
      line="394"
      col="15"
    >
    </testcase>
    <testcase
      name="UseCondition &gt; UseSafeCondition &gt; should be a shortcut for UseCondition with AsUnsafe"
      classname="https://jsr.io/@std/testing/1.0.17/_test_suite.ts"
      time="0.000"
      line="394"
      col="15"
    >
    </testcase>
    <testcase
      name="UseCondition &gt; ConditionOf"
      classname="https://jsr.io/@std/testing/1.0.17/_test_suite.ts"
      time="0.001"
      line="394"
      col="15"
    >
    </testcase>
    <testcase
      name="UseCondition &gt; ConditionOf &gt; should be an intersection of Then and Else with the specified types"
      classname="https://jsr.io/@std/testing/1.0.17/_test_suite.ts"
      time="0.001"
      line="394"
      col="15"
    >
    </testcase>
    <testcase
      name="UseCondition &gt; AsCondition"
      classname="https://jsr.io/@std/testing/1.0.17/_test_suite.ts"
      time="0.000"
      line="394"
      col="15"
    >
    </testcase>
    <testcase
      name="UseCondition &gt; AsCondition &gt; should be a ConditionOf&lt;true, false&gt;"
      classname="https://jsr.io/@std/testing/1.0.17/_test_suite.ts"
      time="0.000"
      line="394"
      col="15"
    >
    </testcase>
    <testcase
      name="UseCondition &gt; PickCondition"
      classname="https://jsr.io/@std/testing/1.0.17/_test_suite.ts"
      time="0.004"
      line="394"
      col="15"
    >
    </testcase>
    <testcase
      name="UseCondition &gt; PickCondition &gt; should return the Then and Else"
      classname="https://jsr.io/@std/testing/1.0.17/_test_suite.ts"
      time="0.000"
      line="394"
      col="15"
    >
    </testcase>
    <testcase
      name="UseCondition &gt; PickCondition &gt; should return the Else and the default for Then"
      classname="https://jsr.io/@std/testing/1.0.17/_test_suite.ts"
      time="0.000"
      line="394"
      col="15"
    >
    </testcase>
    <testcase
      name="UseCondition &gt; PickCondition &gt; should return the Then and the default for Else"
      classname="https://jsr.io/@std/testing/1.0.17/_test_suite.ts"
      time="0.000"
      line="394"
      col="15"
    >
    </testcase>
    <testcase
      name="UseCondition &gt; PickCondition &gt; should return the default for both Then and Else"
      classname="https://jsr.io/@std/testing/1.0.17/_test_suite.ts"
      time="0.000"
      line="394"
      col="15"
    >
    </testcase>
    <testcase
      name="UseDefault &gt; DefaultKeyString &gt; should be the correct string literal"
      classname="https://jsr.io/@std/testing/1.0.17/_test_suite.ts"
      time="0.000"
      line="171"
      col="39"
    >
    </testcase>
    <testcase
      name="UseDefault &gt; DefaultKey"
      classname="https://jsr.io/@std/testing/1.0.17/_test_suite.ts"
      time="0.000"
      line="394"
      col="15"
    >
    </testcase>
    <testcase
      name="UseDefault &gt; DefaultKey &gt; should be the type of DefaultKeyString"
      classname="https://jsr.io/@std/testing/1.0.17/_test_suite.ts"
      time="0.000"
      line="394"
      col="15"
    >
    </testcase>
    <testcase
      name="UseDefault &gt; UseDefault"
      classname="https://jsr.io/@std/testing/1.0.17/_test_suite.ts"
      time="0.001"
      line="394"
      col="15"
    >
    </testcase>
    <testcase
      name="UseDefault &gt; UseDefault &gt; should be an object type with the DefaultKeyString property of any value"
      classname="https://jsr.io/@std/testing/1.0.17/_test_suite.ts"
      time="0.000"
      line="394"
      col="15"
    >
    </testcase>
    <testcase
      name="UseDefault &gt; Default"
      classname="https://jsr.io/@std/testing/1.0.17/_test_suite.ts"
      time="0.001"
      line="394"
      col="15"
    >
    </testcase>
    <testcase
      name="UseDefault &gt; Default &gt; should be a UseDefault type with the DefaultKeyString property set to any"
      classname="https://jsr.io/@std/testing/1.0.17/_test_suite.ts"
      time="0.000"
      line="394"
      col="15"
    >
    </testcase>
    <testcase
      name="UseDefault &gt; Default&lt;Type&gt;"
      classname="https://jsr.io/@std/testing/1.0.17/_test_suite.ts"
      time="0.001"
      line="394"
      col="15"
    >
    </testcase>
    <testcase
      name="UseDefault &gt; Default&lt;Type&gt; &gt; should be a UseDefault type with the DefaultKeyString property set to string"
      classname="https://jsr.io/@std/testing/1.0.17/_test_suite.ts"
      time="0.000"
      line="394"
      col="15"
    >
    </testcase>
    <testcase
      name="UseDefault &gt; PickDefault"
      classname="https://jsr.io/@std/testing/1.0.17/_test_suite.ts"
      time="0.002"
      line="394"
      col="15"
    >
    </testcase>
    <testcase
      name="UseDefault &gt; PickDefault &gt; should return Default"
      classname="https://jsr.io/@std/testing/1.0.17/_test_suite.ts"
      time="0.000"
      line="394"
      col="15"
    >
    </testcase>
    <testcase
      name="UseDefault &gt; PickDefault &gt; should return Default&lt;string&gt;"
      classname="https://jsr.io/@std/testing/1.0.17/_test_suite.ts"
      time="0.000"
      line="394"
      col="15"
    >
    </testcase>
    <testcase
      name="UseDefault &gt; PickDefault &gt; should return the default setting"
      classname="https://jsr.io/@std/testing/1.0.17/_test_suite.ts"
      time="0.000"
      line="394"
      col="15"
    >
    </testcase>
    <testcase
      name="UseDefault &gt; GetDefault"
      classname="https://jsr.io/@std/testing/1.0.17/_test_suite.ts"
      time="0.001"
      line="394"
      col="15"
    >
    </testcase>
    <testcase
      name="UseDefault &gt; GetDefault &gt; should return any"
      classname="https://jsr.io/@std/testing/1.0.17/_test_suite.ts"
      time="0.000"
      line="394"
      col="15"
    >
    </testcase>
    <testcase
      name="UseDefault &gt; GetDefault &gt; should return string"
      classname="https://jsr.io/@std/testing/1.0.17/_test_suite.ts"
      time="0.000"
      line="394"
      col="15"
    >
    </testcase>
    <testcase
      name="UseDefault &gt; GetDefault &gt; should return the default setting"
      classname="https://jsr.io/@std/testing/1.0.17/_test_suite.ts"
      time="0.000"
      line="394"
      col="15"
    >
    </testcase>
    <testcase
      name="UseDepth &gt; DepthKeyString &gt; should be the correct string literal"
      classname="https://jsr.io/@std/testing/1.0.17/_test_suite.ts"
      time="0.001"
      line="171"
      col="39"
    >
    </testcase>
    <testcase
      name="UseDepth &gt; DepthKey"
      classname="https://jsr.io/@std/testing/1.0.17/_test_suite.ts"
      time="0.001"
      line="394"
      col="15"
    >
    </testcase>
    <testcase
      name="UseDepth &gt; DepthKey &gt; should be the type of DepthKeyString"
      classname="https://jsr.io/@std/testing/1.0.17/_test_suite.ts"
      time="0.001"
      line="394"
      col="15"
    >
    </testcase>
    <testcase
      name="UseDepth &gt; DepthLevel"
      classname="https://jsr.io/@std/testing/1.0.17/_test_suite.ts"
      time="0.002"
      line="394"
      col="15"
    >
    </testcase>
    <testcase
      name="UseDepth &gt; DepthLevel &gt; should be a union of the numbers 1 - 10"
      classname="https://jsr.io/@std/testing/1.0.17/_test_suite.ts"
      time="0.002"
      line="394"
      col="15"
    >
    </testcase>
    <testcase
      name="UseDepth &gt; UseDepth"
      classname="https://jsr.io/@std/testing/1.0.17/_test_suite.ts"
      time="0.000"
      line="394"
      col="15"
    >
    </testcase>
    <testcase
      name="UseDepth &gt; UseDepth &gt; should be an object type with the DepthKeyString property of boolean or DepthLevel"
      classname="https://jsr.io/@std/testing/1.0.17/_test_suite.ts"
      time="0.000"
      line="394"
      col="15"
    >
    </testcase>
    <testcase
      name="UseDepth &gt; AsDeep"
      classname="https://jsr.io/@std/testing/1.0.17/_test_suite.ts"
      time="0.000"
      line="394"
      col="15"
    >
    </testcase>
    <testcase
      name="UseDepth &gt; AsDeep &gt; should be a UseDepth type with the DepthKeyString property set to true"
      classname="https://jsr.io/@std/testing/1.0.17/_test_suite.ts"
      time="0.000"
      line="394"
      col="15"
    >
    </testcase>
    <testcase
      name="UseDepth &gt; AsShallow"
      classname="https://jsr.io/@std/testing/1.0.17/_test_suite.ts"
      time="0.001"
      line="394"
      col="15"
    >
    </testcase>
    <testcase
      name="UseDepth &gt; AsShallow &gt; should be a UseDepth type with the DepthKeyString property set to false"
      classname="https://jsr.io/@std/testing/1.0.17/_test_suite.ts"
      time="0.000"
      line="394"
      col="15"
    >
    </testcase>
    <testcase
      name="UseDepth &gt; LevelOf&lt;1&gt;"
      classname="https://jsr.io/@std/testing/1.0.17/_test_suite.ts"
      time="0.000"
      line="394"
      col="15"
    >
    </testcase>
    <testcase
      name="UseDepth &gt; LevelOf&lt;1&gt; &gt; should be a UseDepth type with the DepthKeyString property set to 1"
      classname="https://jsr.io/@std/testing/1.0.17/_test_suite.ts"
      time="0.000"
      line="394"
      col="15"
    >
    </testcase>
    <testcase
      name="UseDepth &gt; LevelOf&lt;2&gt;"
      classname="https://jsr.io/@std/testing/1.0.17/_test_suite.ts"
      time="0.000"
      line="394"
      col="15"
    >
    </testcase>
    <testcase
      name="UseDepth &gt; LevelOf&lt;2&gt; &gt; should be a UseDepth type with the DepthKeyString property set to 2"
      classname="https://jsr.io/@std/testing/1.0.17/_test_suite.ts"
      time="0.000"
      line="394"
      col="15"
    >
    </testcase>
    <testcase
      name="UseDepth &gt; LevelOf&lt;3&gt;"
      classname="https://jsr.io/@std/testing/1.0.17/_test_suite.ts"
      time="0.000"
      line="394"
      col="15"
    >
    </testcase>
    <testcase
      name="UseDepth &gt; LevelOf&lt;3&gt; &gt; should be a UseDepth type with the DepthKeyString property set to 3"
      classname="https://jsr.io/@std/testing/1.0.17/_test_suite.ts"
      time="0.000"
      line="394"
      col="15"
    >
    </testcase>
    <testcase
      name="UseDepth &gt; LevelOf&lt;4&gt;"
      classname="https://jsr.io/@std/testing/1.0.17/_test_suite.ts"
      time="0.001"
      line="394"
      col="15"
    >
    </testcase>
    <testcase
      name="UseDepth &gt; LevelOf&lt;4&gt; &gt; should be a UseDepth type with the DepthKeyString property set to 4"
      classname="https://jsr.io/@std/testing/1.0.17/_test_suite.ts"
      time="0.001"
      line="394"
      col="15"
    >
    </testcase>
    <testcase
      name="UseDepth &gt; LevelOf&lt;5&gt;"
      classname="https://jsr.io/@std/testing/1.0.17/_test_suite.ts"
      time="0.000"
      line="394"
      col="15"
    >
    </testcase>
    <testcase
      name="UseDepth &gt; LevelOf&lt;5&gt; &gt; should be a UseDepth type with the DepthKeyString property set to 5"
      classname="https://jsr.io/@std/testing/1.0.17/_test_suite.ts"
      time="0.000"
      line="394"
      col="15"
    >
    </testcase>
    <testcase
      name="UseDepth &gt; LevelOf&lt;6&gt;"
      classname="https://jsr.io/@std/testing/1.0.17/_test_suite.ts"
      time="0.000"
      line="394"
      col="15"
    >
    </testcase>
    <testcase
      name="UseDepth &gt; LevelOf&lt;6&gt; &gt; should be a UseDepth type with the DepthKeyString property set to 6"
      classname="https://jsr.io/@std/testing/1.0.17/_test_suite.ts"
      time="0.000"
      line="394"
      col="15"
    >
    </testcase>
    <testcase
      name="UseDepth &gt; LevelOf&lt;7&gt;"
      classname="https://jsr.io/@std/testing/1.0.17/_test_suite.ts"
      time="0.000"
      line="394"
      col="15"
    >
    </testcase>
    <testcase
      name="UseDepth &gt; LevelOf&lt;7&gt; &gt; should be a UseDepth type with the DepthKeyString property set to 7"
      classname="https://jsr.io/@std/testing/1.0.17/_test_suite.ts"
      time="0.000"
      line="394"
      col="15"
    >
    </testcase>
    <testcase
      name="UseDepth &gt; LevelOf&lt;8&gt;"
      classname="https://jsr.io/@std/testing/1.0.17/_test_suite.ts"
      time="0.000"
      line="394"
      col="15"
    >
    </testcase>
    <testcase
      name="UseDepth &gt; LevelOf&lt;8&gt; &gt; should be a UseDepth type with the DepthKeyString property set to 8"
      classname="https://jsr.io/@std/testing/1.0.17/_test_suite.ts"
      time="0.000"
      line="394"
      col="15"
    >
    </testcase>
    <testcase
      name="UseDepth &gt; LevelOf&lt;9&gt;"
      classname="https://jsr.io/@std/testing/1.0.17/_test_suite.ts"
      time="0.009"
      line="394"
      col="15"
    >
    </testcase>
    <testcase
      name="UseDepth &gt; LevelOf&lt;9&gt; &gt; should be a UseDepth type with the DepthKeyString property set to 9"
      classname="https://jsr.io/@std/testing/1.0.17/_test_suite.ts"
      time="0.000"
      line="394"
      col="15"
    >
    </testcase>
    <testcase
      name="UseDepth &gt; LevelOf&lt;10&gt;"
      classname="https://jsr.io/@std/testing/1.0.17/_test_suite.ts"
      time="0.000"
      line="394"
      col="15"
    >
    </testcase>
    <testcase
      name="UseDepth &gt; LevelOf&lt;10&gt; &gt; should be a UseDepth type with the DepthKeyString property set to 10"
      classname="https://jsr.io/@std/testing/1.0.17/_test_suite.ts"
      time="0.000"
      line="394"
      col="15"
    >
    </testcase>
    <testcase
      name="UseDepth &gt; DecrementDepth"
      classname="https://jsr.io/@std/testing/1.0.17/_test_suite.ts"
      time="0.003"
      line="394"
      col="15"
    >
    </testcase>
    <testcase
      name="UseDepth &gt; DecrementDepth &gt; should decrement return AsShallow"
      classname="https://jsr.io/@std/testing/1.0.17/_test_suite.ts"
      time="0.000"
      line="394"
      col="15"
    >
    </testcase>
    <testcase
      name="UseDepth &gt; DecrementDepth &gt; should decrement return AsShallow"
      classname="https://jsr.io/@std/testing/1.0.17/_test_suite.ts"
      time="0.000"
      line="394"
      col="15"
    >
    </testcase>
    <testcase
      name="UseDepth &gt; DecrementDepth &gt; should decrement return AsShallow"
      classname="https://jsr.io/@std/testing/1.0.17/_test_suite.ts"
      time="0.000"
      line="394"
      col="15"
    >
    </testcase>
    <testcase
      name="UseDepth &gt; DecrementDepth &gt; should decrement return LevelOf&lt;2&gt;"
      classname="https://jsr.io/@std/testing/1.0.17/_test_suite.ts"
      time="0.000"
      line="394"
      col="15"
    >
    </testcase>
    <testcase
      name="UseDepth &gt; DecrementDepth &gt; should decrement return LevelOf&lt;3&gt;"
      classname="https://jsr.io/@std/testing/1.0.17/_test_suite.ts"
      time="0.000"
      line="394"
      col="15"
    >
    </testcase>
    <testcase
      name="UseDepth &gt; DecrementDepth &gt; should decrement return LevelOf&lt;4&gt;"
      classname="https://jsr.io/@std/testing/1.0.17/_test_suite.ts"
      time="0.000"
      line="394"
      col="15"
    >
    </testcase>
    <testcase
      name="UseDepth &gt; DecrementDepth &gt; should decrement return LevelOf&lt;5&gt;"
      classname="https://jsr.io/@std/testing/1.0.17/_test_suite.ts"
      time="0.000"
      line="394"
      col="15"
    >
    </testcase>
    <testcase
      name="UseDepth &gt; DecrementDepth &gt; should decrement return LevelOf&lt;6&gt;"
      classname="https://jsr.io/@std/testing/1.0.17/_test_suite.ts"
      time="0.000"
      line="394"
      col="15"
    >
    </testcase>
    <testcase
      name="UseDepth &gt; DecrementDepth &gt; should decrement return LevelOf&lt;7&gt;"
      classname="https://jsr.io/@std/testing/1.0.17/_test_suite.ts"
      time="0.000"
      line="394"
      col="15"
    >
    </testcase>
    <testcase
      name="UseDepth &gt; DecrementDepth &gt; should decrement return LevelOf&lt;8&gt;"
      classname="https://jsr.io/@std/testing/1.0.17/_test_suite.ts"
      time="0.000"
      line="394"
      col="15"
    >
    </testcase>
    <testcase
      name="UseDepth &gt; DecrementDepth &gt; should decrement return LevelOf&lt;9&gt;"
      classname="https://jsr.io/@std/testing/1.0.17/_test_suite.ts"
      time="0.000"
      line="394"
      col="15"
    >
    </testcase>
    <testcase
      name="UseDepth &gt; DecrementDepth &gt; should decrement return LevelOf&lt;9&gt;"
      classname="https://jsr.io/@std/testing/1.0.17/_test_suite.ts"
      time="0.000"
      line="394"
      col="15"
    >
    </testcase>
    <testcase
      name="UseDepth &gt; IsDeep"
      classname="https://jsr.io/@std/testing/1.0.17/_test_suite.ts"
      time="0.004"
      line="394"
      col="15"
    >
    </testcase>
    <testcase
      name="UseDepth &gt; IsDeep &gt; should return false for AsShallow"
      classname="https://jsr.io/@std/testing/1.0.17/_test_suite.ts"
      time="0.000"
      line="394"
      col="15"
    >
    </testcase>
    <testcase
      name="UseDepth &gt; IsDeep &gt; should return true for LevelOf&lt;1&gt;"
      classname="https://jsr.io/@std/testing/1.0.17/_test_suite.ts"
      time="0.000"
      line="394"
      col="15"
    >
    </testcase>
    <testcase
      name="UseDepth &gt; IsDeep &gt; should return true for LevelOf&lt;2&gt;"
      classname="https://jsr.io/@std/testing/1.0.17/_test_suite.ts"
      time="0.000"
      line="394"
      col="15"
    >
    </testcase>
    <testcase
      name="UseDepth &gt; IsDeep &gt; should return true for LevelOf&lt;3&gt;"
      classname="https://jsr.io/@std/testing/1.0.17/_test_suite.ts"
      time="0.001"
      line="394"
      col="15"
    >
    </testcase>
    <testcase
      name="UseDepth &gt; IsDeep &gt; should return true for LevelOf&lt;4&gt;"
      classname="https://jsr.io/@std/testing/1.0.17/_test_suite.ts"
      time="0.000"
      line="394"
      col="15"
    >
    </testcase>
    <testcase
      name="UseDepth &gt; IsDeep &gt; should return true for LevelOf&lt;5&gt;"
      classname="https://jsr.io/@std/testing/1.0.17/_test_suite.ts"
      time="0.000"
      line="394"
      col="15"
    >
    </testcase>
    <testcase
      name="UseDepth &gt; IsDeep &gt; should return true for LevelOf&lt;6&gt;"
      classname="https://jsr.io/@std/testing/1.0.17/_test_suite.ts"
      time="0.000"
      line="394"
      col="15"
    >
    </testcase>
    <testcase
      name="UseDepth &gt; IsDeep &gt; should return true for LevelOf&lt;7&gt;"
      classname="https://jsr.io/@std/testing/1.0.17/_test_suite.ts"
      time="0.000"
      line="394"
      col="15"
    >
    </testcase>
    <testcase
      name="UseDepth &gt; IsDeep &gt; should return true for LevelOf&lt;8&gt;"
      classname="https://jsr.io/@std/testing/1.0.17/_test_suite.ts"
      time="0.000"
      line="394"
      col="15"
    >
    </testcase>
    <testcase
      name="UseDepth &gt; IsDeep &gt; should return true for LevelOf&lt;9&gt;"
      classname="https://jsr.io/@std/testing/1.0.17/_test_suite.ts"
      time="0.000"
      line="394"
      col="15"
    >
    </testcase>
    <testcase
      name="UseDepth &gt; IsDeep &gt; should return true for LevelOf&lt;10&gt;"
      classname="https://jsr.io/@std/testing/1.0.17/_test_suite.ts"
      time="0.001"
      line="394"
      col="15"
    >
    </testcase>
    <testcase
      name="UseDepth &gt; IsDeep &gt; should return true for AsDeep"
      classname="https://jsr.io/@std/testing/1.0.17/_test_suite.ts"
      time="0.000"
      line="394"
      col="15"
    >
    </testcase>
    <testcase
      name="UseDepth &gt; PickDepth"
      classname="https://jsr.io/@std/testing/1.0.17/_test_suite.ts"
      time="0.002"
      line="394"
      col="15"
    >
    </testcase>
    <testcase
      name="UseDepth &gt; PickDepth &gt; should return UseDepth"
      classname="https://jsr.io/@std/testing/1.0.17/_test_suite.ts"
      time="0.000"
      line="394"
      col="15"
    >
    </testcase>
    <testcase
      name="UseDepth &gt; PickDepth &gt; should return AsDeep"
      classname="https://jsr.io/@std/testing/1.0.17/_test_suite.ts"
      time="0.000"
      line="394"
      col="15"
    >
    </testcase>
    <testcase
      name="UseDepth &gt; PickDepth &gt; should return AsShallow"
      classname="https://jsr.io/@std/testing/1.0.17/_test_suite.ts"
      time="0.000"
      line="394"
      col="15"
    >
    </testcase>
    <testcase
      name="UseDepth &gt; PickDepth &gt; should return LevelOf&lt;4&gt;"
      classname="https://jsr.io/@std/testing/1.0.17/_test_suite.ts"
      time="0.000"
      line="394"
      col="15"
    >
    </testcase>
    <testcase
      name="UseDepth &gt; PickDepth &gt; should return the default setting"
      classname="https://jsr.io/@std/testing/1.0.17/_test_suite.ts"
      time="0.000"
      line="394"
      col="15"
    >
    </testcase>
    <testcase
      name="UseDepth &gt; GetDepth"
      classname="https://jsr.io/@std/testing/1.0.17/_test_suite.ts"
      time="0.002"
      line="394"
      col="15"
    >
    </testcase>
    <testcase
      name="UseDepth &gt; GetDepth &gt; should return boolean | DepthLevel"
      classname="https://jsr.io/@std/testing/1.0.17/_test_suite.ts"
      time="0.000"
      line="394"
      col="15"
    >
    </testcase>
    <testcase
      name="UseDepth &gt; GetDepth &gt; should return true"
      classname="https://jsr.io/@std/testing/1.0.17/_test_suite.ts"
      time="0.000"
      line="394"
      col="15"
    >
    </testcase>
    <testcase
      name="UseDepth &gt; GetDepth &gt; should return false"
      classname="https://jsr.io/@std/testing/1.0.17/_test_suite.ts"
      time="0.000"
      line="394"
      col="15"
    >
    </testcase>
    <testcase
      name="UseDepth &gt; GetDepth &gt; should return 4"
      classname="https://jsr.io/@std/testing/1.0.17/_test_suite.ts"
      time="0.000"
      line="394"
      col="15"
    >
    </testcase>
    <testcase
      name="UseDepth &gt; GetDepth &gt; should return the default setting"
      classname="https://jsr.io/@std/testing/1.0.17/_test_suite.ts"
      time="0.000"
      line="394"
      col="15"
    >
    </testcase>
    <testcase
      name="UseElse &gt; ElseKeyString &gt; should be the correct string literal"
      classname="https://jsr.io/@std/testing/1.0.17/_test_suite.ts"
      time="0.001"
      line="171"
      col="39"
    >
    </testcase>
    <testcase
      name="UseElse &gt; ElseKey"
      classname="https://jsr.io/@std/testing/1.0.17/_test_suite.ts"
      time="0.000"
      line="394"
      col="15"
    >
    </testcase>
    <testcase
      name="UseElse &gt; ElseKey &gt; should be the type of ElseKeyString"
      classname="https://jsr.io/@std/testing/1.0.17/_test_suite.ts"
      time="0.000"
      line="394"
      col="15"
    >
    </testcase>
    <testcase
      name="UseElse &gt; UseElse"
      classname="https://jsr.io/@std/testing/1.0.17/_test_suite.ts"
      time="0.001"
      line="394"
      col="15"
    >
    </testcase>
    <testcase
      name="UseElse &gt; UseElse &gt; should be an object type with the ElseKeyString property of any value"
      classname="https://jsr.io/@std/testing/1.0.17/_test_suite.ts"
      time="0.000"
      line="394"
      col="15"
    >
    </testcase>
    <testcase
      name="UseElse &gt; Else"
      classname="https://jsr.io/@std/testing/1.0.17/_test_suite.ts"
      time="0.000"
      line="394"
      col="15"
    >
    </testcase>
    <testcase
      name="UseElse &gt; Else &gt; should be a UseElse type with the ElseKeyString property set to any"
      classname="https://jsr.io/@std/testing/1.0.17/_test_suite.ts"
      time="0.000"
      line="394"
      col="15"
    >
    </testcase>
    <testcase
      name="UseElse &gt; Else&lt;Type&gt;"
      classname="https://jsr.io/@std/testing/1.0.17/_test_suite.ts"
      time="0.001"
      line="394"
      col="15"
    >
    </testcase>
    <testcase
      name="UseElse &gt; Else&lt;Type&gt; &gt; should be a UseElse type with the ElseKeyString property set to string"
      classname="https://jsr.io/@std/testing/1.0.17/_test_suite.ts"
      time="0.000"
      line="394"
      col="15"
    >
    </testcase>
    <testcase
      name="UseElse &gt; PickElse"
      classname="https://jsr.io/@std/testing/1.0.17/_test_suite.ts"
      time="0.001"
      line="394"
      col="15"
    >
    </testcase>
    <testcase
      name="UseElse &gt; PickElse &gt; should return Else"
      classname="https://jsr.io/@std/testing/1.0.17/_test_suite.ts"
      time="0.000"
      line="394"
      col="15"
    >
    </testcase>
    <testcase
      name="UseElse &gt; PickElse &gt; should return Else&lt;string&gt;"
      classname="https://jsr.io/@std/testing/1.0.17/_test_suite.ts"
      time="0.001"
      line="394"
      col="15"
    >
    </testcase>
    <testcase
      name="UseElse &gt; PickElse &gt; should return the default setting"
      classname="https://jsr.io/@std/testing/1.0.17/_test_suite.ts"
      time="0.000"
      line="394"
      col="15"
    >
    </testcase>
    <testcase
      name="UseElse &gt; GetElse"
      classname="https://jsr.io/@std/testing/1.0.17/_test_suite.ts"
      time="0.001"
      line="394"
      col="15"
    >
    </testcase>
    <testcase
      name="UseElse &gt; GetElse &gt; should return any"
      classname="https://jsr.io/@std/testing/1.0.17/_test_suite.ts"
      time="0.001"
      line="394"
      col="15"
    >
    </testcase>
    <testcase
      name="UseElse &gt; GetElse &gt; should return string"
      classname="https://jsr.io/@std/testing/1.0.17/_test_suite.ts"
      time="0.000"
      line="394"
      col="15"
    >
    </testcase>
    <testcase
      name="UseElse &gt; GetElse &gt; should return the default setting"
      classname="https://jsr.io/@std/testing/1.0.17/_test_suite.ts"
      time="0.000"
      line="394"
      col="15"
    >
    </testcase>
    <testcase
      name="UseExclusion &gt; ExclusionKeyString &gt; should be the correct string literal"
      classname="https://jsr.io/@std/testing/1.0.17/_test_suite.ts"
      time="0.000"
      line="171"
      col="39"
    >
    </testcase>
    <testcase
      name="UseExclusion &gt; ExclusionKey"
      classname="https://jsr.io/@std/testing/1.0.17/_test_suite.ts"
      time="0.000"
      line="394"
      col="15"
    >
    </testcase>
    <testcase
      name="UseExclusion &gt; ExclusionKey &gt; should be the type of ExclusionKeyString"
      classname="https://jsr.io/@std/testing/1.0.17/_test_suite.ts"
      time="0.000"
      line="394"
      col="15"
    >
    </testcase>
    <testcase
      name="UseExclusion &gt; UseExclusion"
      classname="https://jsr.io/@std/testing/1.0.17/_test_suite.ts"
      time="0.000"
      line="394"
      col="15"
    >
    </testcase>
    <testcase
      name="UseExclusion &gt; UseExclusion &gt; should be an object type with the ExclusionKeyString property of boolean value"
      classname="https://jsr.io/@std/testing/1.0.17/_test_suite.ts"
      time="0.000"
      line="394"
      col="15"
    >
    </testcase>
    <testcase
      name="UseExclusion &gt; AsExclude"
      classname="https://jsr.io/@std/testing/1.0.17/_test_suite.ts"
      time="0.000"
      line="394"
      col="15"
    >
    </testcase>
    <testcase
      name="UseExclusion &gt; AsExclude &gt; should be a UseExclusion type with the ExclusionKeyString property set to true"
      classname="https://jsr.io/@std/testing/1.0.17/_test_suite.ts"
      time="0.000"
      line="394"
      col="15"
    >
    </testcase>
    <testcase
      name="UseExclusion &gt; AsInclude"
      classname="https://jsr.io/@std/testing/1.0.17/_test_suite.ts"
      time="0.000"
      line="394"
      col="15"
    >
    </testcase>
    <testcase
      name="UseExclusion &gt; AsInclude &gt; should be a UseExclusion type with the ExclusionKeyString property set to false"
      classname="https://jsr.io/@std/testing/1.0.17/_test_suite.ts"
      time="0.000"
      line="394"
      col="15"
    >
    </testcase>
    <testcase
      name="UseExclusion &gt; PickExclusion"
      classname="https://jsr.io/@std/testing/1.0.17/_test_suite.ts"
      time="0.001"
      line="394"
      col="15"
    >
    </testcase>
    <testcase
      name="UseExclusion &gt; PickExclusion &gt; should return AsExclude"
      classname="https://jsr.io/@std/testing/1.0.17/_test_suite.ts"
      time="0.000"
      line="394"
      col="15"
    >
    </testcase>
    <testcase
      name="UseExclusion &gt; PickExclusion &gt; should return AsInclude"
      classname="https://jsr.io/@std/testing/1.0.17/_test_suite.ts"
      time="0.000"
      line="394"
      col="15"
    >
    </testcase>
    <testcase
      name="UseExclusion &gt; PickExclusion &gt; should return the default setting"
      classname="https://jsr.io/@std/testing/1.0.17/_test_suite.ts"
      time="0.001"
      line="394"
      col="15"
    >
    </testcase>
    <testcase
      name="UseExclusion &gt; GetExclusion"
      classname="https://jsr.io/@std/testing/1.0.17/_test_suite.ts"
      time="0.001"
      line="394"
      col="15"
    >
    </testcase>
    <testcase
      name="UseExclusion &gt; GetExclusion &gt; should return true"
      classname="https://jsr.io/@std/testing/1.0.17/_test_suite.ts"
      time="0.000"
      line="394"
      col="15"
    >
    </testcase>
    <testcase
      name="UseExclusion &gt; GetExclusion &gt; should return false"
      classname="https://jsr.io/@std/testing/1.0.17/_test_suite.ts"
      time="0.000"
      line="394"
      col="15"
    >
    </testcase>
    <testcase
      name="UseExclusion &gt; GetExclusion &gt; should return the default setting"
      classname="https://jsr.io/@std/testing/1.0.17/_test_suite.ts"
      time="0.000"
      line="394"
      col="15"
    >
    </testcase>
    <testcase
      name="UseIdents &gt; IdentsKeyString &gt; should be the correct string literal"
      classname="https://jsr.io/@std/testing/1.0.17/_test_suite.ts"
      time="0.000"
      line="171"
      col="39"
    >
    </testcase>
    <testcase
      name="UseIdents &gt; ReferenceTypeKeyString"
      classname="https://jsr.io/@std/testing/1.0.17/_test_suite.ts"
      time="0.000"
      line="394"
      col="15"
    >
    </testcase>
    <testcase
      name="UseIdents &gt; ReferenceTypeKeyString &gt; should be the correct string literal"
      classname="https://jsr.io/@std/testing/1.0.17/_test_suite.ts"
      time="0.000"
      line="394"
      col="15"
    >
    </testcase>
    <testcase
      name="UseIdents &gt; ReferenceTypeKey"
      classname="https://jsr.io/@std/testing/1.0.17/_test_suite.ts"
      time="0.001"
      line="394"
      col="15"
    >
    </testcase>
    <testcase
      name="UseIdents &gt; ReferenceTypeKey &gt; should be the type of ReferenceTypeKeyString"
      classname="https://jsr.io/@std/testing/1.0.17/_test_suite.ts"
      time="0.001"
      line="394"
      col="15"
    >
    </testcase>
    <testcase
      name="UseIdents &gt; ReferenceTypeKey"
      classname="https://jsr.io/@std/testing/1.0.17/_test_suite.ts"
      time="0.001"
      line="394"
      col="15"
    >
    </testcase>
    <testcase
      name="UseIdents &gt; ReferenceTypeKey &gt; should be the type of ReferenceTypeKeyString"
      classname="https://jsr.io/@std/testing/1.0.17/_test_suite.ts"
      time="0.000"
      line="394"
      col="15"
    >
    </testcase>
    <testcase
      name="UseIdents &gt; UseIdents"
      classname="https://jsr.io/@std/testing/1.0.17/_test_suite.ts"
      time="0.001"
      line="394"
      col="15"
    >
    </testcase>
    <testcase
      name="UseIdents &gt; UseIdents &gt; should be an object type with the IdentsKeyString property of any key of the any in ReferenceTypeKeyString"
      classname="https://jsr.io/@std/testing/1.0.17/_test_suite.ts"
      time="0.000"
      line="394"
      col="15"
    >
    </testcase>
    <testcase
      name="UseIdents &gt; IdentsOf"
      classname="https://jsr.io/@std/testing/1.0.17/_test_suite.ts"
      time="0.000"
      line="394"
      col="15"
    >
    </testcase>
    <testcase
      name="UseIdents &gt; IdentsOf &gt; should be a UseIdents type with the IdentsKeyString property of any key of the any in ReferenceTypeKeyString"
      classname="https://jsr.io/@std/testing/1.0.17/_test_suite.ts"
      time="0.000"
      line="394"
      col="15"
    >
    </testcase>
    <testcase
      name="UseIdents &gt; IdentsOf&lt;Type&gt;"
      classname="https://jsr.io/@std/testing/1.0.17/_test_suite.ts"
      time="0.001"
      line="394"
      col="15"
    >
    </testcase>
    <testcase
      name="UseIdents &gt; IdentsOf&lt;Type&gt; &gt; should be a UseIdents type with the IdentsKeyString property set to keys of the type in ReferenceTypeKeyString"
      classname="https://jsr.io/@std/testing/1.0.17/_test_suite.ts"
      time="0.000"
      line="394"
      col="15"
    >
    </testcase>
    <testcase
      name="UseIdents &gt; IdentsOf&lt;Type, &apos;first&apos; | &apos;last&apos; | &apos;middle&apos;&gt;"
      classname="https://jsr.io/@std/testing/1.0.17/_test_suite.ts"
      time="0.000"
      line="394"
      col="15"
    >
    </testcase>
    <testcase
      name="UseIdents &gt; IdentsOf&lt;Type, &apos;first&apos; | &apos;last&apos; | &apos;middle&apos;&gt; &gt; should be a UseIdents type with the IdentsKeyString property set to keys of the type in ReferenceTypeKeyString"
      classname="https://jsr.io/@std/testing/1.0.17/_test_suite.ts"
      time="0.000"
      line="394"
      col="15"
    >
    </testcase>
    <testcase
      name="UseIdents &gt; PickIdents"
      classname="https://jsr.io/@std/testing/1.0.17/_test_suite.ts"
      time="0.000"
      line="394"
      col="15"
    >
    </testcase>
    <testcase
      name="UseIdents &gt; PickIdents &gt; should return IdentsOf"
      classname="https://jsr.io/@std/testing/1.0.17/_test_suite.ts"
      time="0.000"
      line="394"
      col="15"
    >
    </testcase>
    <testcase
      name="UseIdents &gt; PickIdents &gt; should return Else&lt;string&gt;"
      classname="https://jsr.io/@std/testing/1.0.17/_test_suite.ts"
      time="0.000"
      line="394"
      col="15"
    >
    </testcase>
    <testcase
      name="UseIdents &gt; PickIdents &gt; should return the default setting"
      classname="https://jsr.io/@std/testing/1.0.17/_test_suite.ts"
      time="0.000"
      line="394"
      col="15"
    >
    </testcase>
    <testcase
      name="UseIdents &gt; GetIdents"
      classname="https://jsr.io/@std/testing/1.0.17/_test_suite.ts"
      time="0.000"
      line="394"
      col="15"
    >
    </testcase>
    <testcase
      name="UseIdents &gt; GetIdents &gt; should return PropertyKey"
      classname="https://jsr.io/@std/testing/1.0.17/_test_suite.ts"
      time="0.000"
      line="394"
      col="15"
    >
    </testcase>
    <testcase
      name="UseIdents &gt; GetIdents &gt; should return keyof Test"
      classname="https://jsr.io/@std/testing/1.0.17/_test_suite.ts"
      time="0.000"
      line="394"
      col="15"
    >
    </testcase>
    <testcase
      name="UseIdents &gt; GetIdents &gt; should return the default setting"
      classname="https://jsr.io/@std/testing/1.0.17/_test_suite.ts"
      time="0.000"
      line="394"
      col="15"
    >
    </testcase>
    <testcase
      name="UseIdents &gt; GetReferenceType"
      classname="https://jsr.io/@std/testing/1.0.17/_test_suite.ts"
      time="0.000"
      line="394"
      col="15"
    >
    </testcase>
    <testcase
      name="UseIdents &gt; GetReferenceType &gt; should return PropertyKey"
      classname="https://jsr.io/@std/testing/1.0.17/_test_suite.ts"
      time="0.000"
      line="394"
      col="15"
    >
    </testcase>
    <testcase
      name="UseIdents &gt; GetReferenceType &gt; should return Test"
      classname="https://jsr.io/@std/testing/1.0.17/_test_suite.ts"
      time="0.000"
      line="394"
      col="15"
    >
    </testcase>
    <testcase
      name="UseIdents &gt; GetReferenceType &gt; should return the default setting"
      classname="https://jsr.io/@std/testing/1.0.17/_test_suite.ts"
      time="0.000"
      line="394"
      col="15"
    >
    </testcase>
    <testcase
      name="UseImmutable &gt; ImmutableKeyString &gt; should be the correct string literal"
      classname="https://jsr.io/@std/testing/1.0.17/_test_suite.ts"
      time="0.001"
      line="171"
      col="39"
    >
    </testcase>
    <testcase
      name="UseImmutable &gt; ImmutableKey"
      classname="https://jsr.io/@std/testing/1.0.17/_test_suite.ts"
      time="0.001"
      line="394"
      col="15"
    >
    </testcase>
    <testcase
      name="UseImmutable &gt; ImmutableKey &gt; should be the type of ImmutableKeyString"
      classname="https://jsr.io/@std/testing/1.0.17/_test_suite.ts"
      time="0.000"
      line="394"
      col="15"
    >
    </testcase>
    <testcase
      name="UseImmutable &gt; UseImmutable"
      classname="https://jsr.io/@std/testing/1.0.17/_test_suite.ts"
      time="0.000"
      line="394"
      col="15"
    >
    </testcase>
    <testcase
      name="UseImmutable &gt; UseImmutable &gt; should be an object type with the ImmutableKeyString property of boolean value"
      classname="https://jsr.io/@std/testing/1.0.17/_test_suite.ts"
      time="0.000"
      line="394"
      col="15"
    >
    </testcase>
    <testcase
      name="UseImmutable &gt; AsImmutable"
      classname="https://jsr.io/@std/testing/1.0.17/_test_suite.ts"
      time="0.000"
      line="394"
      col="15"
    >
    </testcase>
    <testcase
      name="UseImmutable &gt; AsImmutable &gt; should be a UseImmutable type with the ImmutableKeyString property set to true"
      classname="https://jsr.io/@std/testing/1.0.17/_test_suite.ts"
      time="0.000"
      line="394"
      col="15"
    >
    </testcase>
    <testcase
      name="UseImmutable &gt; AsMutable"
      classname="https://jsr.io/@std/testing/1.0.17/_test_suite.ts"
      time="0.000"
      line="394"
      col="15"
    >
    </testcase>
    <testcase
      name="UseImmutable &gt; AsMutable &gt; should be a UseImmutable type with the ImmutableKeyString property set to false"
      classname="https://jsr.io/@std/testing/1.0.17/_test_suite.ts"
      time="0.000"
      line="394"
      col="15"
    >
    </testcase>
    <testcase
      name="UseImmutable &gt; PickImmutable"
      classname="https://jsr.io/@std/testing/1.0.17/_test_suite.ts"
      time="0.001"
      line="394"
      col="15"
    >
    </testcase>
    <testcase
      name="UseImmutable &gt; PickImmutable &gt; should return AsImmutable"
      classname="https://jsr.io/@std/testing/1.0.17/_test_suite.ts"
      time="0.000"
      line="394"
      col="15"
    >
    </testcase>
    <testcase
      name="UseImmutable &gt; PickImmutable &gt; should return AsMutable"
      classname="https://jsr.io/@std/testing/1.0.17/_test_suite.ts"
      time="0.000"
      line="394"
      col="15"
    >
    </testcase>
    <testcase
      name="UseImmutable &gt; PickImmutable &gt; should return the default setting"
      classname="https://jsr.io/@std/testing/1.0.17/_test_suite.ts"
      time="0.000"
      line="394"
      col="15"
    >
    </testcase>
    <testcase
      name="UseImmutable &gt; GetImmutable"
      classname="https://jsr.io/@std/testing/1.0.17/_test_suite.ts"
      time="0.001"
      line="394"
      col="15"
    >
    </testcase>
    <testcase
      name="UseImmutable &gt; GetImmutable &gt; should return true"
      classname="https://jsr.io/@std/testing/1.0.17/_test_suite.ts"
      time="0.000"
      line="394"
      col="15"
    >
    </testcase>
    <testcase
      name="UseImmutable &gt; GetImmutable &gt; should return false"
      classname="https://jsr.io/@std/testing/1.0.17/_test_suite.ts"
      time="0.000"
      line="394"
      col="15"
    >
    </testcase>
    <testcase
      name="UseImmutable &gt; GetImmutable &gt; should return the default setting"
      classname="https://jsr.io/@std/testing/1.0.17/_test_suite.ts"
      time="0.000"
      line="394"
      col="15"
    >
    </testcase>
    <testcase
      name="UseInversion &gt; InversionKeyString &gt; should be the correct string literal"
      classname="https://jsr.io/@std/testing/1.0.17/_test_suite.ts"
      time="0.000"
      line="171"
      col="39"
    >
    </testcase>
    <testcase
      name="UseInversion &gt; InversionKey"
      classname="https://jsr.io/@std/testing/1.0.17/_test_suite.ts"
      time="0.000"
      line="394"
      col="15"
    >
    </testcase>
    <testcase
      name="UseInversion &gt; InversionKey &gt; should be the type of InversionKeyString"
      classname="https://jsr.io/@std/testing/1.0.17/_test_suite.ts"
      time="0.000"
      line="394"
      col="15"
    >
    </testcase>
    <testcase
      name="UseInversion &gt; UseInversion"
      classname="https://jsr.io/@std/testing/1.0.17/_test_suite.ts"
      time="0.000"
      line="394"
      col="15"
    >
    </testcase>
    <testcase
      name="UseInversion &gt; UseInversion &gt; should be an object type with the InversionKeyString property of boolean value"
      classname="https://jsr.io/@std/testing/1.0.17/_test_suite.ts"
      time="0.000"
      line="394"
      col="15"
    >
    </testcase>
    <testcase
      name="UseInversion &gt; AsInverted"
      classname="https://jsr.io/@std/testing/1.0.17/_test_suite.ts"
      time="0.000"
      line="394"
      col="15"
    >
    </testcase>
    <testcase
      name="UseInversion &gt; AsInverted &gt; should be a UseInversion type with the InversionKeyString property set to true"
      classname="https://jsr.io/@std/testing/1.0.17/_test_suite.ts"
      time="0.000"
      line="394"
      col="15"
    >
    </testcase>
    <testcase
      name="UseInversion &gt; AsInitial"
      classname="https://jsr.io/@std/testing/1.0.17/_test_suite.ts"
      time="0.001"
      line="394"
      col="15"
    >
    </testcase>
    <testcase
      name="UseInversion &gt; AsInitial &gt; should be a UseInversion type with the InversionKeyString property set to false"
      classname="https://jsr.io/@std/testing/1.0.17/_test_suite.ts"
      time="0.000"
      line="394"
      col="15"
    >
    </testcase>
    <testcase
      name="UseInversion &gt; PickInversion"
      classname="https://jsr.io/@std/testing/1.0.17/_test_suite.ts"
      time="0.002"
      line="394"
      col="15"
    >
    </testcase>
    <testcase
      name="UseInversion &gt; PickInversion &gt; should return AsInverted"
      classname="https://jsr.io/@std/testing/1.0.17/_test_suite.ts"
      time="0.000"
      line="394"
      col="15"
    >
    </testcase>
    <testcase
      name="UseInversion &gt; PickInversion &gt; should return AsInitial"
      classname="https://jsr.io/@std/testing/1.0.17/_test_suite.ts"
      time="0.000"
      line="394"
      col="15"
    >
    </testcase>
    <testcase
      name="UseInversion &gt; PickInversion &gt; should return the default setting"
      classname="https://jsr.io/@std/testing/1.0.17/_test_suite.ts"
      time="0.000"
      line="394"
      col="15"
    >
    </testcase>
    <testcase
      name="UseInversion &gt; GetInversion"
      classname="https://jsr.io/@std/testing/1.0.17/_test_suite.ts"
      time="0.001"
      line="394"
      col="15"
    >
    </testcase>
    <testcase
      name="UseInversion &gt; GetInversion &gt; should return true"
      classname="https://jsr.io/@std/testing/1.0.17/_test_suite.ts"
      time="0.000"
      line="394"
      col="15"
    >
    </testcase>
    <testcase
      name="UseInversion &gt; GetInversion &gt; should return false"
      classname="https://jsr.io/@std/testing/1.0.17/_test_suite.ts"
      time="0.000"
      line="394"
      col="15"
    >
    </testcase>
    <testcase
      name="UseInversion &gt; GetInversion &gt; should return the default setting"
      classname="https://jsr.io/@std/testing/1.0.17/_test_suite.ts"
      time="0.000"
      line="394"
      col="15"
    >
    </testcase>
    <testcase
      name="UseNullOption &gt; UseNullOption &gt; should be an empty object"
      classname="https://jsr.io/@std/testing/1.0.17/_test_suite.ts"
      time="0.000"
      line="171"
      col="39"
    >
    </testcase>
    <testcase
      name="UseNullOption &gt; AsNullOption"
      classname="https://jsr.io/@std/testing/1.0.17/_test_suite.ts"
      time="0.000"
      line="394"
      col="15"
    >
    </testcase>
    <testcase
      name="UseNullOption &gt; AsNullOption &gt; should be an empty object"
      classname="https://jsr.io/@std/testing/1.0.17/_test_suite.ts"
      time="0.000"
      line="394"
      col="15"
    >
    </testcase>
    <testcase
      name="UseNullOption &gt; IsNullOption"
      classname="https://jsr.io/@std/testing/1.0.17/_test_suite.ts"
      time="0.008"
      line="394"
      col="15"
    >
    </testcase>
    <testcase
      name="UseNullOption &gt; IsNullOption &gt; defaults"
      classname="https://jsr.io/@std/testing/1.0.17/_test_suite.ts"
      time="0.001"
      line="394"
      col="15"
    >
    </testcase>
    <testcase
      name="UseNullOption &gt; IsNullOption &gt; defaults &gt; should return true for an empty object"
      classname="https://jsr.io/@std/testing/1.0.17/_test_suite.ts"
      time="0.000"
      line="365"
      col="39"
    >
    </testcase>
    <testcase
      name="UseNullOption &gt; IsNullOption &gt; defaults &gt; should return false for a non-empty object"
      classname="https://jsr.io/@std/testing/1.0.17/_test_suite.ts"
      time="0.000"
      line="394"
      col="15"
    >
    </testcase>
    <testcase
      name="UseNullOption &gt; IsNullOption &gt; with Then&lt;string&gt;"
      classname="https://jsr.io/@std/testing/1.0.17/_test_suite.ts"
      time="0.002"
      line="394"
      col="15"
    >
    </testcase>
    <testcase
      name="UseNullOption &gt; IsNullOption &gt; with Then&lt;string&gt; &gt; should return string"
      classname="https://jsr.io/@std/testing/1.0.17/_test_suite.ts"
      time="0.000"
      line="394"
      col="15"
    >
    </testcase>
    <testcase
      name="UseNullOption &gt; IsNullOption &gt; with Then&lt;string&gt; &gt; should return false"
      classname="https://jsr.io/@std/testing/1.0.17/_test_suite.ts"
      time="0.000"
      line="394"
      col="15"
    >
    </testcase>
    <testcase
      name="UseNullOption &gt; IsNullOption &gt; with Else&lt;number&gt;"
      classname="https://jsr.io/@std/testing/1.0.17/_test_suite.ts"
      time="0.001"
      line="394"
      col="15"
    >
    </testcase>
    <testcase
      name="UseNullOption &gt; IsNullOption &gt; with Else&lt;number&gt; &gt; should return true"
      classname="https://jsr.io/@std/testing/1.0.17/_test_suite.ts"
      time="0.000"
      line="394"
      col="15"
    >
    </testcase>
    <testcase
      name="UseNullOption &gt; IsNullOption &gt; with Else&lt;number&gt; &gt; should return number"
      classname="https://jsr.io/@std/testing/1.0.17/_test_suite.ts"
      time="0.000"
      line="394"
      col="15"
    >
    </testcase>
    <testcase
      name="UseNullOption &gt; IsNullOption &gt; with ConditionOf&lt;string, number&gt;"
      classname="https://jsr.io/@std/testing/1.0.17/_test_suite.ts"
      time="0.002"
      line="394"
      col="15"
    >
    </testcase>
    <testcase
      name="UseNullOption &gt; IsNullOption &gt; with ConditionOf&lt;string, number&gt; &gt; should return string"
      classname="https://jsr.io/@std/testing/1.0.17/_test_suite.ts"
      time="0.000"
      line="394"
      col="15"
    >
    </testcase>
    <testcase
      name="UseNullOption &gt; IsNullOption &gt; with ConditionOf&lt;string, number&gt; &gt; should return number"
      classname="https://jsr.io/@std/testing/1.0.17/_test_suite.ts"
      time="0.000"
      line="394"
      col="15"
    >
    </testcase>
    <testcase
      name="UseOfType &gt; OfTypeKeyString &gt; should be the correct string literal"
      classname="https://jsr.io/@std/testing/1.0.17/_test_suite.ts"
      time="0.000"
      line="171"
      col="39"
    >
    </testcase>
    <testcase
      name="UseOfType &gt; OfTypeKey"
      classname="https://jsr.io/@std/testing/1.0.17/_test_suite.ts"
      time="0.000"
      line="394"
      col="15"
    >
    </testcase>
    <testcase
      name="UseOfType &gt; OfTypeKey &gt; should be the type of OfTypeKeyString"
      classname="https://jsr.io/@std/testing/1.0.17/_test_suite.ts"
      time="0.000"
      line="394"
      col="15"
    >
    </testcase>
    <testcase
      name="UseOfType &gt; UseOfType"
      classname="https://jsr.io/@std/testing/1.0.17/_test_suite.ts"
      time="0.001"
      line="394"
      col="15"
    >
    </testcase>
    <testcase
      name="UseOfType &gt; UseOfType &gt; should be an object type with the OfTypeKeyString property of any value"
      classname="https://jsr.io/@std/testing/1.0.17/_test_suite.ts"
      time="0.000"
      line="394"
      col="15"
    >
    </testcase>
    <testcase
      name="UseOfType &gt; OfType"
      classname="https://jsr.io/@std/testing/1.0.17/_test_suite.ts"
      time="0.001"
      line="394"
      col="15"
    >
    </testcase>
    <testcase
      name="UseOfType &gt; OfType &gt; should be a UseOfType type with the OfTypeKeyString property set to any"
      classname="https://jsr.io/@std/testing/1.0.17/_test_suite.ts"
      time="0.001"
      line="394"
      col="15"
    >
    </testcase>
    <testcase
      name="UseOfType &gt; OfType&lt;Type&gt;"
      classname="https://jsr.io/@std/testing/1.0.17/_test_suite.ts"
      time="0.000"
      line="394"
      col="15"
    >
    </testcase>
    <testcase
      name="UseOfType &gt; OfType&lt;Type&gt; &gt; should be a UseOfType type with the OfTypeKeyString property set to string"
      classname="https://jsr.io/@std/testing/1.0.17/_test_suite.ts"
      time="0.000"
      line="394"
      col="15"
    >
    </testcase>
    <testcase
      name="UseOfType &gt; PickOfType"
      classname="https://jsr.io/@std/testing/1.0.17/_test_suite.ts"
      time="0.001"
      line="394"
      col="15"
    >
    </testcase>
    <testcase
      name="UseOfType &gt; PickOfType &gt; should return OfType"
      classname="https://jsr.io/@std/testing/1.0.17/_test_suite.ts"
      time="0.000"
      line="394"
      col="15"
    >
    </testcase>
    <testcase
      name="UseOfType &gt; PickOfType &gt; should return OfType&lt;string&gt;"
      classname="https://jsr.io/@std/testing/1.0.17/_test_suite.ts"
      time="0.000"
      line="394"
      col="15"
    >
    </testcase>
    <testcase
      name="UseOfType &gt; PickOfType &gt; should return the OfType setting"
      classname="https://jsr.io/@std/testing/1.0.17/_test_suite.ts"
      time="0.000"
      line="394"
      col="15"
    >
    </testcase>
    <testcase
      name="UseOfType &gt; GetOfType"
      classname="https://jsr.io/@std/testing/1.0.17/_test_suite.ts"
      time="0.000"
      line="394"
      col="15"
    >
    </testcase>
    <testcase
      name="UseOfType &gt; GetOfType &gt; should return any"
      classname="https://jsr.io/@std/testing/1.0.17/_test_suite.ts"
      time="0.000"
      line="394"
      col="15"
    >
    </testcase>
    <testcase
      name="UseOfType &gt; GetOfType &gt; should return string"
      classname="https://jsr.io/@std/testing/1.0.17/_test_suite.ts"
      time="0.000"
      line="394"
      col="15"
    >
    </testcase>
    <testcase
      name="UseOfType &gt; GetOfType &gt; should return the OfType setting"
      classname="https://jsr.io/@std/testing/1.0.17/_test_suite.ts"
      time="0.000"
      line="394"
      col="15"
    >
    </testcase>
    <testcase
      name="UseOptional &gt; OptionalKeyString &gt; should be the correct string literal"
      classname="https://jsr.io/@std/testing/1.0.17/_test_suite.ts"
      time="0.000"
      line="171"
      col="39"
    >
    </testcase>
    <testcase
      name="UseOptional &gt; OptionalKey"
      classname="https://jsr.io/@std/testing/1.0.17/_test_suite.ts"
      time="0.000"
      line="394"
      col="15"
    >
    </testcase>
    <testcase
      name="UseOptional &gt; OptionalKey &gt; should be the type of OptionalKeyString"
      classname="https://jsr.io/@std/testing/1.0.17/_test_suite.ts"
      time="0.000"
      line="394"
      col="15"
    >
    </testcase>
    <testcase
      name="UseOptional &gt; UseOptional"
      classname="https://jsr.io/@std/testing/1.0.17/_test_suite.ts"
      time="0.000"
      line="394"
      col="15"
    >
    </testcase>
    <testcase
      name="UseOptional &gt; UseOptional &gt; should be an object type with the OptionalKeyString property of boolean value"
      classname="https://jsr.io/@std/testing/1.0.17/_test_suite.ts"
      time="0.000"
      line="394"
      col="15"
    >
    </testcase>
    <testcase
      name="UseOptional &gt; AsRequired"
      classname="https://jsr.io/@std/testing/1.0.17/_test_suite.ts"
      time="0.001"
      line="394"
      col="15"
    >
    </testcase>
    <testcase
      name="UseOptional &gt; AsRequired &gt; should be a UseOptional type with the OptionalKeyString property set to true"
      classname="https://jsr.io/@std/testing/1.0.17/_test_suite.ts"
      time="0.000"
      line="394"
      col="15"
    >
    </testcase>
    <testcase
      name="UseOptional &gt; AsRequired"
      classname="https://jsr.io/@std/testing/1.0.17/_test_suite.ts"
      time="0.000"
      line="394"
      col="15"
    >
    </testcase>
    <testcase
      name="UseOptional &gt; AsRequired &gt; should be a UseOptional type with the OptionalKeyString property set to false"
      classname="https://jsr.io/@std/testing/1.0.17/_test_suite.ts"
      time="0.000"
      line="394"
      col="15"
    >
    </testcase>
    <testcase
      name="UseOptional &gt; PickOptional"
      classname="https://jsr.io/@std/testing/1.0.17/_test_suite.ts"
      time="0.000"
      line="394"
      col="15"
    >
    </testcase>
    <testcase
      name="UseOptional &gt; PickOptional &gt; should return AsOptional"
      classname="https://jsr.io/@std/testing/1.0.17/_test_suite.ts"
      time="0.000"
      line="394"
      col="15"
    >
    </testcase>
    <testcase
      name="UseOptional &gt; PickOptional &gt; should return AsRequired"
      classname="https://jsr.io/@std/testing/1.0.17/_test_suite.ts"
      time="0.000"
      line="394"
      col="15"
    >
    </testcase>
    <testcase
      name="UseOptional &gt; PickOptional &gt; should return the default setting"
      classname="https://jsr.io/@std/testing/1.0.17/_test_suite.ts"
      time="0.000"
      line="394"
      col="15"
    >
    </testcase>
    <testcase
      name="UseOptional &gt; GetOptional"
      classname="https://jsr.io/@std/testing/1.0.17/_test_suite.ts"
      time="0.000"
      line="394"
      col="15"
    >
    </testcase>
    <testcase
      name="UseOptional &gt; GetOptional &gt; should return true"
      classname="https://jsr.io/@std/testing/1.0.17/_test_suite.ts"
      time="0.000"
      line="394"
      col="15"
    >
    </testcase>
    <testcase
      name="UseOptional &gt; GetOptional &gt; should return false"
      classname="https://jsr.io/@std/testing/1.0.17/_test_suite.ts"
      time="0.000"
      line="394"
      col="15"
    >
    </testcase>
    <testcase
      name="UseOptional &gt; GetOptional &gt; should return the default setting"
      classname="https://jsr.io/@std/testing/1.0.17/_test_suite.ts"
      time="0.000"
      line="394"
      col="15"
    >
    </testcase>
    <testcase
      name="UseReverse &gt; ReverseKeyString &gt; should be the correct string literal"
      classname="https://jsr.io/@std/testing/1.0.17/_test_suite.ts"
      time="0.000"
      line="171"
      col="39"
    >
    </testcase>
    <testcase
      name="UseReverse &gt; ReverseKey"
      classname="https://jsr.io/@std/testing/1.0.17/_test_suite.ts"
      time="0.000"
      line="394"
      col="15"
    >
    </testcase>
    <testcase
      name="UseReverse &gt; ReverseKey &gt; should be the type of ReverseKeyString"
      classname="https://jsr.io/@std/testing/1.0.17/_test_suite.ts"
      time="0.000"
      line="394"
      col="15"
    >
    </testcase>
    <testcase
      name="UseReverse &gt; UseReverse"
      classname="https://jsr.io/@std/testing/1.0.17/_test_suite.ts"
      time="0.001"
      line="394"
      col="15"
    >
    </testcase>
    <testcase
      name="UseReverse &gt; UseReverse &gt; should be an object type with the ReverseKeyString property of boolean value"
      classname="https://jsr.io/@std/testing/1.0.17/_test_suite.ts"
      time="0.001"
      line="394"
      col="15"
    >
    </testcase>
    <testcase
      name="UseReverse &gt; AsReversed"
      classname="https://jsr.io/@std/testing/1.0.17/_test_suite.ts"
      time="0.000"
      line="394"
      col="15"
    >
    </testcase>
    <testcase
      name="UseReverse &gt; AsReversed &gt; should be a UseReverse type with the ReverseKeyString property set to true"
      classname="https://jsr.io/@std/testing/1.0.17/_test_suite.ts"
      time="0.000"
      line="394"
      col="15"
    >
    </testcase>
    <testcase
      name="UseReverse &gt; AsForward"
      classname="https://jsr.io/@std/testing/1.0.17/_test_suite.ts"
      time="0.000"
      line="394"
      col="15"
    >
    </testcase>
    <testcase
      name="UseReverse &gt; AsForward &gt; should be a UseReverse type with the ReverseKeyString property set to false"
      classname="https://jsr.io/@std/testing/1.0.17/_test_suite.ts"
      time="0.000"
      line="394"
      col="15"
    >
    </testcase>
    <testcase
      name="UseReverse &gt; PickReverse"
      classname="https://jsr.io/@std/testing/1.0.17/_test_suite.ts"
      time="0.001"
      line="394"
      col="15"
    >
    </testcase>
    <testcase
      name="UseReverse &gt; PickReverse &gt; should return AsReversed"
      classname="https://jsr.io/@std/testing/1.0.17/_test_suite.ts"
      time="0.000"
      line="394"
      col="15"
    >
    </testcase>
    <testcase
      name="UseReverse &gt; PickReverse &gt; should return AsForward"
      classname="https://jsr.io/@std/testing/1.0.17/_test_suite.ts"
      time="0.000"
      line="394"
      col="15"
    >
    </testcase>
    <testcase
      name="UseReverse &gt; PickReverse &gt; should return the default setting"
      classname="https://jsr.io/@std/testing/1.0.17/_test_suite.ts"
      time="0.000"
      line="394"
      col="15"
    >
    </testcase>
    <testcase
      name="UseReverse &gt; GetReverse"
      classname="https://jsr.io/@std/testing/1.0.17/_test_suite.ts"
      time="0.001"
      line="394"
      col="15"
    >
    </testcase>
    <testcase
      name="UseReverse &gt; GetReverse &gt; should return true"
      classname="https://jsr.io/@std/testing/1.0.17/_test_suite.ts"
      time="0.000"
      line="394"
      col="15"
    >
    </testcase>
    <testcase
      name="UseReverse &gt; GetReverse &gt; should return false"
      classname="https://jsr.io/@std/testing/1.0.17/_test_suite.ts"
      time="0.000"
      line="394"
      col="15"
    >
    </testcase>
    <testcase
      name="UseReverse &gt; GetReverse &gt; should return the default setting"
      classname="https://jsr.io/@std/testing/1.0.17/_test_suite.ts"
      time="0.000"
      line="394"
      col="15"
    >
    </testcase>
    <testcase
      name="UseSafe &gt; SafeKeyString &gt; should be the correct string literal"
      classname="https://jsr.io/@std/testing/1.0.17/_test_suite.ts"
      time="0.001"
      line="171"
      col="39"
    >
    </testcase>
    <testcase
      name="UseSafe &gt; SafeKey"
      classname="https://jsr.io/@std/testing/1.0.17/_test_suite.ts"
      time="0.000"
      line="394"
      col="15"
    >
    </testcase>
    <testcase
      name="UseSafe &gt; SafeKey &gt; should be the type of SafeKeyString"
      classname="https://jsr.io/@std/testing/1.0.17/_test_suite.ts"
      time="0.000"
      line="394"
      col="15"
    >
    </testcase>
    <testcase
      name="UseSafe &gt; UseSafe"
      classname="https://jsr.io/@std/testing/1.0.17/_test_suite.ts"
      time="0.001"
      line="394"
      col="15"
    >
    </testcase>
    <testcase
      name="UseSafe &gt; UseSafe &gt; should be an object type with the SafeKeyString property of boolean value"
      classname="https://jsr.io/@std/testing/1.0.17/_test_suite.ts"
      time="0.000"
      line="394"
      col="15"
    >
    </testcase>
    <testcase
      name="UseSafe &gt; AsSafe"
      classname="https://jsr.io/@std/testing/1.0.17/_test_suite.ts"
      time="0.001"
      line="394"
      col="15"
    >
    </testcase>
    <testcase
      name="UseSafe &gt; AsSafe &gt; should be a UseSafe type with the SafeKeyString property set to true"
      classname="https://jsr.io/@std/testing/1.0.17/_test_suite.ts"
      time="0.000"
      line="394"
      col="15"
    >
    </testcase>
    <testcase
      name="UseSafe &gt; AsUnsafe"
      classname="https://jsr.io/@std/testing/1.0.17/_test_suite.ts"
      time="0.000"
      line="394"
      col="15"
    >
    </testcase>
    <testcase
      name="UseSafe &gt; AsUnsafe &gt; should be a UseSafe type with the SafeKeyString property set to false"
      classname="https://jsr.io/@std/testing/1.0.17/_test_suite.ts"
      time="0.000"
      line="394"
      col="15"
    >
    </testcase>
    <testcase
      name="UseSafe &gt; PickSafe"
      classname="https://jsr.io/@std/testing/1.0.17/_test_suite.ts"
      time="0.002"
      line="394"
      col="15"
    >
    </testcase>
    <testcase
      name="UseSafe &gt; PickSafe &gt; should return AsSafe"
      classname="https://jsr.io/@std/testing/1.0.17/_test_suite.ts"
      time="0.000"
      line="394"
      col="15"
    >
    </testcase>
    <testcase
      name="UseSafe &gt; PickSafe &gt; should return AsUnsafe"
      classname="https://jsr.io/@std/testing/1.0.17/_test_suite.ts"
      time="0.000"
      line="394"
      col="15"
    >
    </testcase>
    <testcase
      name="UseSafe &gt; PickSafe &gt; should return the default setting"
      classname="https://jsr.io/@std/testing/1.0.17/_test_suite.ts"
      time="0.000"
      line="394"
      col="15"
    >
    </testcase>
    <testcase
      name="UseSafe &gt; GetSafe"
      classname="https://jsr.io/@std/testing/1.0.17/_test_suite.ts"
      time="0.001"
      line="394"
      col="15"
    >
    </testcase>
    <testcase
      name="UseSafe &gt; GetSafe &gt; should return true"
      classname="https://jsr.io/@std/testing/1.0.17/_test_suite.ts"
      time="0.000"
      line="394"
      col="15"
    >
    </testcase>
    <testcase
      name="UseSafe &gt; GetSafe &gt; should return false"
      classname="https://jsr.io/@std/testing/1.0.17/_test_suite.ts"
      time="0.000"
      line="394"
      col="15"
    >
    </testcase>
    <testcase
      name="UseSafe &gt; GetSafe &gt; should return the default setting"
      classname="https://jsr.io/@std/testing/1.0.17/_test_suite.ts"
      time="0.000"
      line="394"
      col="15"
    >
    </testcase>
    <testcase
      name="UseStream &gt; StreamKeyString &gt; should be the correct string literal"
      classname="https://jsr.io/@std/testing/1.0.17/_test_suite.ts"
      time="0.001"
      line="171"
      col="39"
    >
    </testcase>
    <testcase
      name="UseStream &gt; StreamKey"
      classname="https://jsr.io/@std/testing/1.0.17/_test_suite.ts"
      time="0.000"
      line="394"
      col="15"
    >
    </testcase>
    <testcase
      name="UseStream &gt; StreamKey &gt; should be the type of StreamKeyString"
      classname="https://jsr.io/@std/testing/1.0.17/_test_suite.ts"
      time="0.000"
      line="394"
      col="15"
    >
    </testcase>
    <testcase
      name="UseStream &gt; UseStream"
      classname="https://jsr.io/@std/testing/1.0.17/_test_suite.ts"
      time="0.001"
      line="394"
      col="15"
    >
    </testcase>
    <testcase
      name="UseStream &gt; UseStream &gt; should be an object type with the StreamKeyString property of boolean value"
      classname="https://jsr.io/@std/testing/1.0.17/_test_suite.ts"
      time="0.000"
      line="394"
      col="15"
    >
    </testcase>
    <testcase
      name="UseStream &gt; AsFilter"
      classname="https://jsr.io/@std/testing/1.0.17/_test_suite.ts"
      time="0.000"
      line="394"
      col="15"
    >
    </testcase>
    <testcase
      name="UseStream &gt; AsFilter &gt; should be a UseStream type with the StreamKeyString property set to true"
      classname="https://jsr.io/@std/testing/1.0.17/_test_suite.ts"
      time="0.000"
      line="394"
      col="15"
    >
    </testcase>
    <testcase
      name="UseStream &gt; AsPredicate"
      classname="https://jsr.io/@std/testing/1.0.17/_test_suite.ts"
      time="0.001"
      line="394"
      col="15"
    >
    </testcase>
    <testcase
      name="UseStream &gt; AsPredicate &gt; should be a UseStream type with the StreamKeyString property set to false"
      classname="https://jsr.io/@std/testing/1.0.17/_test_suite.ts"
      time="0.000"
      line="394"
      col="15"
    >
    </testcase>
    <testcase
      name="UseStream &gt; PickStream"
      classname="https://jsr.io/@std/testing/1.0.17/_test_suite.ts"
      time="0.002"
      line="394"
      col="15"
    >
    </testcase>
    <testcase
      name="UseStream &gt; PickStream &gt; should Stream AsFilter"
      classname="https://jsr.io/@std/testing/1.0.17/_test_suite.ts"
      time="0.000"
      line="394"
      col="15"
    >
    </testcase>
    <testcase
      name="UseStream &gt; PickStream &gt; should return AsPredicate"
      classname="https://jsr.io/@std/testing/1.0.17/_test_suite.ts"
      time="0.000"
      line="394"
      col="15"
    >
    </testcase>
    <testcase
      name="UseStream &gt; PickStream &gt; should return the default setting"
      classname="https://jsr.io/@std/testing/1.0.17/_test_suite.ts"
      time="0.000"
      line="394"
      col="15"
    >
    </testcase>
    <testcase
      name="UseStream &gt; GetStream"
      classname="https://jsr.io/@std/testing/1.0.17/_test_suite.ts"
      time="0.001"
      line="394"
      col="15"
    >
    </testcase>
    <testcase
      name="UseStream &gt; GetStream &gt; should return true"
      classname="https://jsr.io/@std/testing/1.0.17/_test_suite.ts"
      time="0.000"
      line="394"
      col="15"
    >
    </testcase>
    <testcase
      name="UseStream &gt; GetStream &gt; should return false"
      classname="https://jsr.io/@std/testing/1.0.17/_test_suite.ts"
      time="0.000"
      line="394"
      col="15"
    >
    </testcase>
    <testcase
      name="UseStream &gt; GetStream &gt; should return the default setting"
      classname="https://jsr.io/@std/testing/1.0.17/_test_suite.ts"
      time="0.001"
      line="394"
      col="15"
    >
    </testcase>
    <testcase
      name="UseStrict &gt; StrictKeyString &gt; should be the correct string literal"
      classname="https://jsr.io/@std/testing/1.0.17/_test_suite.ts"
      time="0.000"
      line="171"
      col="39"
    >
    </testcase>
    <testcase
      name="UseStrict &gt; StrictKey"
      classname="https://jsr.io/@std/testing/1.0.17/_test_suite.ts"
      time="0.001"
      line="394"
      col="15"
    >
    </testcase>
    <testcase
      name="UseStrict &gt; StrictKey &gt; should be the type of StrictKeyString"
      classname="https://jsr.io/@std/testing/1.0.17/_test_suite.ts"
      time="0.000"
      line="394"
      col="15"
    >
    </testcase>
    <testcase
      name="UseStrict &gt; UseStrict"
      classname="https://jsr.io/@std/testing/1.0.17/_test_suite.ts"
      time="0.001"
      line="394"
      col="15"
    >
    </testcase>
    <testcase
      name="UseStrict &gt; UseStrict &gt; should be an object type with the StrictKeyString property of boolean value"
      classname="https://jsr.io/@std/testing/1.0.17/_test_suite.ts"
      time="0.000"
      line="394"
      col="15"
    >
    </testcase>
    <testcase
      name="UseStrict &gt; AsStrict"
      classname="https://jsr.io/@std/testing/1.0.17/_test_suite.ts"
      time="0.001"
      line="394"
      col="15"
    >
    </testcase>
    <testcase
      name="UseStrict &gt; AsStrict &gt; should be a UseStrict type with the StrictKeyString property set to true"
      classname="https://jsr.io/@std/testing/1.0.17/_test_suite.ts"
      time="0.000"
      line="394"
      col="15"
    >
    </testcase>
    <testcase
      name="UseStrict &gt; AsLoose"
      classname="https://jsr.io/@std/testing/1.0.17/_test_suite.ts"
      time="0.001"
      line="394"
      col="15"
    >
    </testcase>
    <testcase
      name="UseStrict &gt; AsLoose &gt; should be a UseStrict type with the StrictKeyString property set to false"
      classname="https://jsr.io/@std/testing/1.0.17/_test_suite.ts"
      time="0.000"
      line="394"
      col="15"
    >
    </testcase>
    <testcase
      name="UseStrict &gt; PickStrict"
      classname="https://jsr.io/@std/testing/1.0.17/_test_suite.ts"
      time="0.002"
      line="394"
      col="15"
    >
    </testcase>
    <testcase
      name="UseStrict &gt; PickStrict &gt; should return AsStrict"
      classname="https://jsr.io/@std/testing/1.0.17/_test_suite.ts"
      time="0.000"
      line="394"
      col="15"
    >
    </testcase>
    <testcase
      name="UseStrict &gt; PickStrict &gt; should return AsLoose"
      classname="https://jsr.io/@std/testing/1.0.17/_test_suite.ts"
      time="0.000"
      line="394"
      col="15"
    >
    </testcase>
    <testcase
      name="UseStrict &gt; PickStrict &gt; should return the default setting"
      classname="https://jsr.io/@std/testing/1.0.17/_test_suite.ts"
      time="0.000"
      line="394"
      col="15"
    >
    </testcase>
    <testcase
      name="UseStrict &gt; GetStrict"
      classname="https://jsr.io/@std/testing/1.0.17/_test_suite.ts"
      time="0.002"
      line="394"
      col="15"
    >
    </testcase>
    <testcase
      name="UseStrict &gt; GetStrict &gt; should return true"
      classname="https://jsr.io/@std/testing/1.0.17/_test_suite.ts"
      time="0.000"
      line="394"
      col="15"
    >
    </testcase>
    <testcase
      name="UseStrict &gt; GetStrict &gt; should return false"
      classname="https://jsr.io/@std/testing/1.0.17/_test_suite.ts"
      time="0.000"
      line="394"
      col="15"
    >
    </testcase>
    <testcase
      name="UseStrict &gt; GetStrict &gt; should return the default setting"
      classname="https://jsr.io/@std/testing/1.0.17/_test_suite.ts"
      time="0.000"
      line="394"
      col="15"
    >
    </testcase>
    <testcase
      name="UseThen &gt; ThenKeyString &gt; should be the correct string literal"
      classname="https://jsr.io/@std/testing/1.0.17/_test_suite.ts"
      time="0.000"
      line="171"
      col="39"
    >
    </testcase>
    <testcase
      name="UseThen &gt; ThenKey"
      classname="https://jsr.io/@std/testing/1.0.17/_test_suite.ts"
      time="0.000"
      line="394"
      col="15"
    >
    </testcase>
    <testcase
      name="UseThen &gt; ThenKey &gt; should be the type of ThenKeyString"
      classname="https://jsr.io/@std/testing/1.0.17/_test_suite.ts"
      time="0.000"
      line="394"
      col="15"
    >
    </testcase>
    <testcase
      name="UseThen &gt; UseThen"
      classname="https://jsr.io/@std/testing/1.0.17/_test_suite.ts"
      time="0.000"
      line="394"
      col="15"
    >
    </testcase>
    <testcase
      name="UseThen &gt; UseThen &gt; should be an object type with the ThenKeyString property of any value"
      classname="https://jsr.io/@std/testing/1.0.17/_test_suite.ts"
      time="0.000"
      line="394"
      col="15"
    >
    </testcase>
    <testcase
      name="UseThen &gt; Then"
      classname="https://jsr.io/@std/testing/1.0.17/_test_suite.ts"
      time="0.000"
      line="394"
      col="15"
    >
    </testcase>
    <testcase
      name="UseThen &gt; Then &gt; should be a UseThen type with the ThenKeyString property set to any"
      classname="https://jsr.io/@std/testing/1.0.17/_test_suite.ts"
      time="0.000"
      line="394"
      col="15"
    >
    </testcase>
    <testcase
      name="UseThen &gt; Then&lt;Type&gt;"
      classname="https://jsr.io/@std/testing/1.0.17/_test_suite.ts"
      time="0.001"
      line="394"
      col="15"
    >
    </testcase>
    <testcase
      name="UseThen &gt; Then&lt;Type&gt; &gt; should be a UseThen type with the ThenKeyString property set to string"
      classname="https://jsr.io/@std/testing/1.0.17/_test_suite.ts"
      time="0.001"
      line="394"
      col="15"
    >
    </testcase>
    <testcase
      name="UseThen &gt; PickThen"
      classname="https://jsr.io/@std/testing/1.0.17/_test_suite.ts"
      time="0.001"
      line="394"
      col="15"
    >
    </testcase>
    <testcase
      name="UseThen &gt; PickThen &gt; should return Then"
      classname="https://jsr.io/@std/testing/1.0.17/_test_suite.ts"
      time="0.000"
      line="394"
      col="15"
    >
    </testcase>
    <testcase
      name="UseThen &gt; PickThen &gt; should return Then&lt;string&gt;"
      classname="https://jsr.io/@std/testing/1.0.17/_test_suite.ts"
      time="0.001"
      line="394"
      col="15"
    >
    </testcase>
    <testcase
      name="UseThen &gt; PickThen &gt; should return the default setting"
      classname="https://jsr.io/@std/testing/1.0.17/_test_suite.ts"
      time="0.000"
      line="394"
      col="15"
    >
    </testcase>
    <testcase
      name="UseThen &gt; GetThen"
      classname="https://jsr.io/@std/testing/1.0.17/_test_suite.ts"
      time="0.001"
      line="394"
      col="15"
    >
    </testcase>
    <testcase
      name="UseThen &gt; GetThen &gt; should return any"
      classname="https://jsr.io/@std/testing/1.0.17/_test_suite.ts"
      time="0.000"
      line="394"
      col="15"
    >
    </testcase>
    <testcase
      name="UseThen &gt; GetThen &gt; should return string"
      classname="https://jsr.io/@std/testing/1.0.17/_test_suite.ts"
      time="0.000"
      line="394"
      col="15"
    >
    </testcase>
    <testcase
      name="UseThen &gt; GetThen &gt; should return the default setting"
      classname="https://jsr.io/@std/testing/1.0.17/_test_suite.ts"
      time="0.000"
      line="394"
      col="15"
    >
    </testcase>
    <testcase
      name="BannedTypePermitter &gt; will not accept an empty reason"
      classname="https://jsr.io/@std/testing/1.0.17/_test_suite.ts"
      time="0.000"
      line="394"
      col="15"
    >
    </testcase>
    <testcase
      name="BannedTypePermitter &gt; permits the any type with a reason"
      classname="https://jsr.io/@std/testing/1.0.17/_test_suite.ts"
      time="0.000"
      line="394"
      col="15"
    >
    </testcase>
    <testcase
      name="BannedTypePermitter &gt; permits the Function type with a reason"
      classname="https://jsr.io/@std/testing/1.0.17/_test_suite.ts"
      time="0.000"
      line="394"
      col="15"
    >
    </testcase>
    <testcase
      name="BannedTypePermitter &gt; permits the Boolean type with a reason"
      classname="https://jsr.io/@std/testing/1.0.17/_test_suite.ts"
      time="0.000"
      line="394"
      col="15"
    >
    </testcase>
    <testcase
      name="BannedTypePermitter &gt; permits the Number type with a reason"
      classname="https://jsr.io/@std/testing/1.0.17/_test_suite.ts"
      time="0.000"
      line="394"
      col="15"
    >
    </testcase>
    <testcase
      name="BannedTypePermitter &gt; permits the String type with a reason"
      classname="https://jsr.io/@std/testing/1.0.17/_test_suite.ts"
      time="0.000"
      line="394"
      col="15"
    >
    </testcase>
    <testcase
      name="BannedTypePermitter &gt; permits the Symbol type with a reason"
      classname="https://jsr.io/@std/testing/1.0.17/_test_suite.ts"
      time="0.000"
      line="394"
      col="15"
    >
    </testcase>
    <testcase
      name="BannedTypePermitter &gt; permits the Object type with a reason"
      classname="https://jsr.io/@std/testing/1.0.17/_test_suite.ts"
      time="0.000"
      line="394"
      col="15"
    >
    </testcase>
    <testcase
      name="BannedTypePermitter &gt; permits the `{}` (any non-nullish) type with a reason"
      classname="https://jsr.io/@std/testing/1.0.17/_test_suite.ts"
      time="0.000"
      line="394"
      col="15"
    >
    </testcase>
    <testcase
      name="BannedTypes &gt; type support &gt; supports the `any` type"
      classname="https://jsr.io/@std/testing/1.0.17/_test_suite.ts"
      time="0.000"
      line="171"
      col="39"
    >
    </testcase>
    <testcase
      name="BannedTypes &gt; type support &gt; supports the `Function` type"
      classname="https://jsr.io/@std/testing/1.0.17/_test_suite.ts"
      time="0.000"
      line="394"
      col="15"
    >
    </testcase>
    <testcase
      name="BannedTypes &gt; type support &gt; supports the `Boolean` type"
      classname="https://jsr.io/@std/testing/1.0.17/_test_suite.ts"
      time="0.001"
      line="394"
      col="15"
    >
    </testcase>
    <testcase
      name="BannedTypes &gt; type support &gt; supports the `Number` type"
      classname="https://jsr.io/@std/testing/1.0.17/_test_suite.ts"
      time="0.000"
      line="394"
      col="15"
    >
    </testcase>
    <testcase
      name="BannedTypes &gt; type support &gt; supports the `String` type"
      classname="https://jsr.io/@std/testing/1.0.17/_test_suite.ts"
      time="0.000"
      line="394"
      col="15"
    >
    </testcase>
    <testcase
      name="BannedTypes &gt; type support &gt; supports the `Symbol` type"
      classname="https://jsr.io/@std/testing/1.0.17/_test_suite.ts"
      time="0.000"
      line="394"
      col="15"
    >
    </testcase>
    <testcase
      name="BannedTypes &gt; type support &gt; supports the `Object` type"
      classname="https://jsr.io/@std/testing/1.0.17/_test_suite.ts"
      time="0.000"
      line="394"
      col="15"
    >
    </testcase>
    <testcase
      name="BannedTypes &gt; type support &gt; supports the `{}` type"
      classname="https://jsr.io/@std/testing/1.0.17/_test_suite.ts"
      time="0.000"
      line="394"
      col="15"
    >
    </testcase>
    <testcase
      name="Permit &gt; will not accept an empty reason"
      classname="https://jsr.io/@std/testing/1.0.17/_test_suite.ts"
      time="0.000"
      line="394"
      col="15"
    >
    </testcase>
    <testcase
      name="Permit &gt; permits the any type with a reason"
      classname="https://jsr.io/@std/testing/1.0.17/_test_suite.ts"
      time="0.000"
      line="394"
      col="15"
    >
    </testcase>
    <testcase
      name="Permit &gt; permits the Function type with a reason"
      classname="https://jsr.io/@std/testing/1.0.17/_test_suite.ts"
      time="0.000"
      line="394"
      col="15"
    >
    </testcase>
    <testcase
      name="Permit &gt; permits the Boolean type with a reason"
      classname="https://jsr.io/@std/testing/1.0.17/_test_suite.ts"
      time="0.000"
      line="394"
      col="15"
    >
    </testcase>
    <testcase
      name="Permit &gt; permits the Number type with a reason"
      classname="https://jsr.io/@std/testing/1.0.17/_test_suite.ts"
      time="0.000"
      line="394"
      col="15"
    >
    </testcase>
    <testcase
      name="Permit &gt; permits the String type with a reason"
      classname="https://jsr.io/@std/testing/1.0.17/_test_suite.ts"
      time="0.000"
      line="394"
      col="15"
    >
    </testcase>
    <testcase
      name="Permit &gt; permits the Symbol type with a reason"
      classname="https://jsr.io/@std/testing/1.0.17/_test_suite.ts"
      time="0.000"
      line="394"
      col="15"
    >
    </testcase>
    <testcase
      name="Permit &gt; permits the Object type with a reason"
      classname="https://jsr.io/@std/testing/1.0.17/_test_suite.ts"
      time="0.000"
      line="394"
      col="15"
    >
    </testcase>
    <testcase
      name="Permit &gt; permits the `{}` (any non-nullish) type with a reason"
      classname="https://jsr.io/@std/testing/1.0.17/_test_suite.ts"
      time="0.000"
      line="394"
      col="15"
    >
    </testcase>
    <testcase
      name="Logic - And &gt; with defaults &gt; should return true"
      classname="https://jsr.io/@std/testing/1.0.17/_test_suite.ts"
      time="0.000"
      line="171"
      col="39"
    >
    </testcase>
    <testcase
      name="Logic - And &gt; with defaults &gt; should return false"
      classname="https://jsr.io/@std/testing/1.0.17/_test_suite.ts"
      time="0.000"
      line="394"
      col="15"
    >
    </testcase>
    <testcase
      name="Logic - And &gt; with defaults &gt; should return false"
      classname="https://jsr.io/@std/testing/1.0.17/_test_suite.ts"
      time="0.000"
      line="394"
      col="15"
    >
    </testcase>
    <testcase
      name="Logic - And &gt; with defaults &gt; should return false"
      classname="https://jsr.io/@std/testing/1.0.17/_test_suite.ts"
      time="0.001"
      line="394"
      col="15"
    >
    </testcase>
    <testcase
      name="Logic - And &gt; with Then option"
      classname="https://jsr.io/@std/testing/1.0.17/_test_suite.ts"
      time="0.000"
      line="394"
      col="15"
    >
    </testcase>
    <testcase
      name="Logic - And &gt; with Then option &gt; should return the Then type"
      classname="https://jsr.io/@std/testing/1.0.17/_test_suite.ts"
      time="0.000"
      line="394"
      col="15"
    >
    </testcase>
    <testcase
      name="Logic - And &gt; with Else option"
      classname="https://jsr.io/@std/testing/1.0.17/_test_suite.ts"
      time="0.001"
      line="394"
      col="15"
    >
    </testcase>
    <testcase
      name="Logic - And &gt; with Else option &gt; should return the Else type"
      classname="https://jsr.io/@std/testing/1.0.17/_test_suite.ts"
      time="0.001"
      line="394"
      col="15"
    >
    </testcase>
    <testcase
      name="Logic - And &gt; with both Then and Else options"
      classname="https://jsr.io/@std/testing/1.0.17/_test_suite.ts"
      time="0.001"
      line="394"
      col="15"
    >
    </testcase>
    <testcase
      name="Logic - And &gt; with both Then and Else options &gt; should return the Then type"
      classname="https://jsr.io/@std/testing/1.0.17/_test_suite.ts"
      time="0.000"
      line="394"
      col="15"
    >
    </testcase>
    <testcase
      name="Logic - And &gt; with both Then and Else options &gt; should return the Else type"
      classname="https://jsr.io/@std/testing/1.0.17/_test_suite.ts"
      time="0.000"
      line="394"
      col="15"
    >
    </testcase>
    <testcase
      name="Logic - And &gt; AsFilter"
      classname="https://jsr.io/@std/testing/1.0.17/_test_suite.ts"
      time="0.002"
      line="394"
      col="15"
    >
    </testcase>
    <testcase
      name="Logic - And &gt; AsFilter &gt; Defaults"
      classname="https://jsr.io/@std/testing/1.0.17/_test_suite.ts"
      time="0.001"
      line="394"
      col="15"
    >
    </testcase>
    <testcase
      name="Logic - And &gt; AsFilter &gt; Defaults &gt; should return true"
      classname="https://jsr.io/@std/testing/1.0.17/_test_suite.ts"
      time="0.000"
      line="365"
      col="39"
    >
    </testcase>
    <testcase
      name="Logic - And &gt; AsFilter &gt; Defaults &gt; should return never"
      classname="https://jsr.io/@std/testing/1.0.17/_test_suite.ts"
      time="0.000"
      line="394"
      col="15"
    >
    </testcase>
    <testcase
      name="Logic - And &gt; AsFilter &gt; custom DefaultOf"
      classname="https://jsr.io/@std/testing/1.0.17/_test_suite.ts"
      time="0.001"
      line="394"
      col="15"
    >
    </testcase>
    <testcase
      name="Logic - And &gt; AsFilter &gt; custom DefaultOf &gt; should return the DefaultOf type"
      classname="https://jsr.io/@std/testing/1.0.17/_test_suite.ts"
      time="0.000"
      line="394"
      col="15"
    >
    </testcase>
    <testcase
      name="Logic - And &gt; AsFilter &gt; custom DefaultOf &gt; should return never"
      classname="https://jsr.io/@std/testing/1.0.17/_test_suite.ts"
      time="0.000"
      line="394"
      col="15"
    >
    </testcase>
    <testcase
      name="Logic - And &gt; with AsInverted"
      classname="https://jsr.io/@std/testing/1.0.17/_test_suite.ts"
      time="0.016"
      line="394"
      col="15"
    >
    </testcase>
    <testcase
      name="Logic - And &gt; with AsInverted &gt; with defaults"
      classname="https://jsr.io/@std/testing/1.0.17/_test_suite.ts"
      time="0.002"
      line="394"
      col="15"
    >
    </testcase>
    <testcase
      name="Logic - And &gt; with AsInverted &gt; with defaults &gt; should return false"
      classname="https://jsr.io/@std/testing/1.0.17/_test_suite.ts"
      time="0.000"
      line="365"
      col="39"
    >
    </testcase>
    <testcase
      name="Logic - And &gt; with AsInverted &gt; with defaults &gt; should return true"
      classname="https://jsr.io/@std/testing/1.0.17/_test_suite.ts"
      time="0.000"
      line="394"
      col="15"
    >
    </testcase>
    <testcase
      name="Logic - And &gt; with AsInverted &gt; with defaults &gt; should return true"
      classname="https://jsr.io/@std/testing/1.0.17/_test_suite.ts"
      time="0.000"
      line="394"
      col="15"
    >
    </testcase>
    <testcase
      name="Logic - And &gt; with AsInverted &gt; with defaults &gt; should return true"
      classname="https://jsr.io/@std/testing/1.0.17/_test_suite.ts"
      time="0.000"
      line="394"
      col="15"
    >
    </testcase>
    <testcase
      name="Logic - And &gt; with AsInverted &gt; with Then option"
      classname="https://jsr.io/@std/testing/1.0.17/_test_suite.ts"
      time="0.000"
      line="394"
      col="15"
    >
    </testcase>
    <testcase
      name="Logic - And &gt; with AsInverted &gt; with Then option &gt; should return false"
      classname="https://jsr.io/@std/testing/1.0.17/_test_suite.ts"
      time="0.000"
      line="394"
      col="15"
    >
    </testcase>
    <testcase
      name="Logic - And &gt; with AsInverted &gt; with Else option"
      classname="https://jsr.io/@std/testing/1.0.17/_test_suite.ts"
      time="0.000"
      line="394"
      col="15"
    >
    </testcase>
    <testcase
      name="Logic - And &gt; with AsInverted &gt; with Else option &gt; should return true"
      classname="https://jsr.io/@std/testing/1.0.17/_test_suite.ts"
      time="0.000"
      line="394"
      col="15"
    >
    </testcase>
    <testcase
      name="Logic - And &gt; with AsInverted &gt; with both Then and Else options"
      classname="https://jsr.io/@std/testing/1.0.17/_test_suite.ts"
      time="0.009"
      line="394"
      col="15"
    >
    </testcase>
    <testcase
      name="Logic - And &gt; with AsInverted &gt; with both Then and Else options &gt; should return the Else type"
      classname="https://jsr.io/@std/testing/1.0.17/_test_suite.ts"
      time="0.000"
      line="394"
      col="15"
    >
    </testcase>
    <testcase
      name="Logic - And &gt; with AsInverted &gt; with both Then and Else options &gt; should return the Then type"
      classname="https://jsr.io/@std/testing/1.0.17/_test_suite.ts"
      time="0.000"
      line="394"
      col="15"
    >
    </testcase>
    <testcase
      name="Logic - And &gt; with AsInverted &gt; AsFilter"
      classname="https://jsr.io/@std/testing/1.0.17/_test_suite.ts"
      time="0.003"
      line="394"
      col="15"
    >
    </testcase>
    <testcase
      name="Logic - And &gt; with AsInverted &gt; AsFilter &gt; Defaults"
      classname="https://jsr.io/@std/testing/1.0.17/_test_suite.ts"
      time="0.001"
      line="394"
      col="15"
    >
    </testcase>
    <testcase
      name="Logic - And &gt; with AsInverted &gt; AsFilter &gt; Defaults &gt; should return never"
      classname="https://jsr.io/@std/testing/1.0.17/_test_suite.ts"
      time="0.000"
      line="365"
      col="39"
    >
    </testcase>
    <testcase
      name="Logic - And &gt; with AsInverted &gt; AsFilter &gt; Defaults &gt; should return true"
      classname="https://jsr.io/@std/testing/1.0.17/_test_suite.ts"
      time="0.000"
      line="394"
      col="15"
    >
    </testcase>
    <testcase
      name="Logic - And &gt; with AsInverted &gt; AsFilter &gt; custom DefaultOf"
      classname="https://jsr.io/@std/testing/1.0.17/_test_suite.ts"
      time="0.000"
      line="394"
      col="15"
    >
    </testcase>
    <testcase
      name="Logic - And &gt; with AsInverted &gt; AsFilter &gt; custom DefaultOf &gt; should return never"
      classname="https://jsr.io/@std/testing/1.0.17/_test_suite.ts"
      time="0.000"
      line="394"
      col="15"
    >
    </testcase>
    <testcase
      name="Logic - And &gt; with AsInverted &gt; AsFilter &gt; custom DefaultOf &gt; should return the DefaultOf type"
      classname="https://jsr.io/@std/testing/1.0.17/_test_suite.ts"
      time="0.000"
      line="394"
      col="15"
    >
    </testcase>
    <testcase
      name="Logic - If &gt; with defaults &gt; should return true"
      classname="https://jsr.io/@std/testing/1.0.17/_test_suite.ts"
      time="0.001"
      line="171"
      col="39"
    >
    </testcase>
    <testcase
      name="Logic - If &gt; with defaults &gt; should return false"
      classname="https://jsr.io/@std/testing/1.0.17/_test_suite.ts"
      time="0.000"
      line="394"
      col="15"
    >
    </testcase>
    <testcase
      name="Logic - If &gt; with Then option"
      classname="https://jsr.io/@std/testing/1.0.17/_test_suite.ts"
      time="0.000"
      line="394"
      col="15"
    >
    </testcase>
    <testcase
      name="Logic - If &gt; with Then option &gt; should return the Then type"
      classname="https://jsr.io/@std/testing/1.0.17/_test_suite.ts"
      time="0.000"
      line="394"
      col="15"
    >
    </testcase>
    <testcase
      name="Logic - If &gt; with Else option"
      classname="https://jsr.io/@std/testing/1.0.17/_test_suite.ts"
      time="0.001"
      line="394"
      col="15"
    >
    </testcase>
    <testcase
      name="Logic - If &gt; with Else option &gt; should return the Else type"
      classname="https://jsr.io/@std/testing/1.0.17/_test_suite.ts"
      time="0.000"
      line="394"
      col="15"
    >
    </testcase>
    <testcase
      name="Logic - If &gt; with both Then and Else options"
      classname="https://jsr.io/@std/testing/1.0.17/_test_suite.ts"
      time="0.001"
      line="394"
      col="15"
    >
    </testcase>
    <testcase
      name="Logic - If &gt; with both Then and Else options &gt; should return the Then type"
      classname="https://jsr.io/@std/testing/1.0.17/_test_suite.ts"
      time="0.001"
      line="394"
      col="15"
    >
    </testcase>
    <testcase
      name="Logic - If &gt; with both Then and Else options &gt; should return the Else type"
      classname="https://jsr.io/@std/testing/1.0.17/_test_suite.ts"
      time="0.000"
      line="394"
      col="15"
    >
    </testcase>
    <testcase
      name="Logic - If &gt; AsFilter"
      classname="https://jsr.io/@std/testing/1.0.17/_test_suite.ts"
      time="0.002"
      line="394"
      col="15"
    >
    </testcase>
    <testcase
      name="Logic - If &gt; AsFilter &gt; Defaults"
      classname="https://jsr.io/@std/testing/1.0.17/_test_suite.ts"
      time="0.000"
      line="394"
      col="15"
    >
    </testcase>
    <testcase
      name="Logic - If &gt; AsFilter &gt; Defaults &gt; should return true"
      classname="https://jsr.io/@std/testing/1.0.17/_test_suite.ts"
      time="0.000"
      line="365"
      col="39"
    >
    </testcase>
    <testcase
      name="Logic - If &gt; AsFilter &gt; Defaults &gt; should return never"
      classname="https://jsr.io/@std/testing/1.0.17/_test_suite.ts"
      time="0.000"
      line="394"
      col="15"
    >
    </testcase>
    <testcase
      name="Logic - If &gt; AsFilter &gt; custom DefaultOf"
      classname="https://jsr.io/@std/testing/1.0.17/_test_suite.ts"
      time="0.001"
      line="394"
      col="15"
    >
    </testcase>
    <testcase
      name="Logic - If &gt; AsFilter &gt; custom DefaultOf &gt; should return the DefaultOf type"
      classname="https://jsr.io/@std/testing/1.0.17/_test_suite.ts"
      time="0.000"
      line="394"
      col="15"
    >
    </testcase>
    <testcase
      name="Logic - If &gt; AsFilter &gt; custom DefaultOf &gt; should return never"
      classname="https://jsr.io/@std/testing/1.0.17/_test_suite.ts"
      time="0.000"
      line="394"
      col="15"
    >
    </testcase>
    <testcase
      name="Logic - If &gt; with AsInverted"
      classname="https://jsr.io/@std/testing/1.0.17/_test_suite.ts"
      time="0.023"
      line="394"
      col="15"
    >
    </testcase>
    <testcase
      name="Logic - If &gt; with AsInverted &gt; with defaults"
      classname="https://jsr.io/@std/testing/1.0.17/_test_suite.ts"
      time="0.000"
      line="394"
      col="15"
    >
    </testcase>
    <testcase
      name="Logic - If &gt; with AsInverted &gt; with defaults &gt; should return false"
      classname="https://jsr.io/@std/testing/1.0.17/_test_suite.ts"
      time="0.000"
      line="365"
      col="39"
    >
    </testcase>
    <testcase
      name="Logic - If &gt; with AsInverted &gt; with defaults &gt; should return true"
      classname="https://jsr.io/@std/testing/1.0.17/_test_suite.ts"
      time="0.000"
      line="394"
      col="15"
    >
    </testcase>
    <testcase
      name="Logic - If &gt; with AsInverted &gt; with Then option"
      classname="https://jsr.io/@std/testing/1.0.17/_test_suite.ts"
      time="0.001"
      line="394"
      col="15"
    >
    </testcase>
    <testcase
      name="Logic - If &gt; with AsInverted &gt; with Then option &gt; should return false"
      classname="https://jsr.io/@std/testing/1.0.17/_test_suite.ts"
      time="0.000"
      line="394"
      col="15"
    >
    </testcase>
    <testcase
      name="Logic - If &gt; with AsInverted &gt; with Else option"
      classname="https://jsr.io/@std/testing/1.0.17/_test_suite.ts"
      time="0.000"
      line="394"
      col="15"
    >
    </testcase>
    <testcase
      name="Logic - If &gt; with AsInverted &gt; with Else option &gt; should return true"
      classname="https://jsr.io/@std/testing/1.0.17/_test_suite.ts"
      time="0.000"
      line="394"
      col="15"
    >
    </testcase>
    <testcase
      name="Logic - If &gt; with AsInverted &gt; with both Then and Else options"
      classname="https://jsr.io/@std/testing/1.0.17/_test_suite.ts"
      time="0.001"
      line="394"
      col="15"
    >
    </testcase>
    <testcase
      name="Logic - If &gt; with AsInverted &gt; with both Then and Else options &gt; should return the Else type"
      classname="https://jsr.io/@std/testing/1.0.17/_test_suite.ts"
      time="0.000"
      line="394"
      col="15"
    >
    </testcase>
    <testcase
      name="Logic - If &gt; with AsInverted &gt; with both Then and Else options &gt; should return the Then type"
      classname="https://jsr.io/@std/testing/1.0.17/_test_suite.ts"
      time="0.000"
      line="394"
      col="15"
    >
    </testcase>
    <testcase
      name="Logic - If &gt; with AsInverted &gt; AsFilter"
      classname="https://jsr.io/@std/testing/1.0.17/_test_suite.ts"
      time="0.016"
      line="394"
      col="15"
    >
    </testcase>
    <testcase
      name="Logic - If &gt; with AsInverted &gt; AsFilter &gt; Defaults"
      classname="https://jsr.io/@std/testing/1.0.17/_test_suite.ts"
      time="0.015"
      line="394"
      col="15"
    >
    </testcase>
    <testcase
      name="Logic - If &gt; with AsInverted &gt; AsFilter &gt; Defaults &gt; should return never"
      classname="https://jsr.io/@std/testing/1.0.17/_test_suite.ts"
      time="0.000"
      line="365"
      col="39"
    >
    </testcase>
    <testcase
      name="Logic - If &gt; with AsInverted &gt; AsFilter &gt; Defaults &gt; should return the DefaultOf type"
      classname="https://jsr.io/@std/testing/1.0.17/_test_suite.ts"
      time="0.014"
      line="394"
      col="15"
    >
    </testcase>
    <testcase
      name="Logic - If &gt; with AsInverted &gt; AsFilter &gt; custom DefaultOf"
      classname="https://jsr.io/@std/testing/1.0.17/_test_suite.ts"
      time="0.001"
      line="394"
      col="15"
    >
    </testcase>
    <testcase
      name="Logic - If &gt; with AsInverted &gt; AsFilter &gt; custom DefaultOf &gt; should return never"
      classname="https://jsr.io/@std/testing/1.0.17/_test_suite.ts"
      time="0.000"
      line="394"
      col="15"
    >
    </testcase>
    <testcase
      name="Logic - If &gt; with AsInverted &gt; AsFilter &gt; custom DefaultOf &gt; should return the DefaultOf type"
      classname="https://jsr.io/@std/testing/1.0.17/_test_suite.ts"
      time="0.000"
      line="394"
      col="15"
    >
    </testcase>
    <testcase
      name="Logic - Not &gt; with defaults &gt; should return false"
      classname="https://jsr.io/@std/testing/1.0.17/_test_suite.ts"
      time="0.000"
      line="171"
      col="39"
    >
    </testcase>
    <testcase
      name="Logic - Not &gt; with defaults &gt; should return true"
      classname="https://jsr.io/@std/testing/1.0.17/_test_suite.ts"
      time="0.000"
      line="394"
      col="15"
    >
    </testcase>
    <testcase
      name="Logic - Not &gt; with Then option"
      classname="https://jsr.io/@std/testing/1.0.17/_test_suite.ts"
      time="0.001"
      line="394"
      col="15"
    >
    </testcase>
    <testcase
      name="Logic - Not &gt; with Then option &gt; should return the Then type"
      classname="https://jsr.io/@std/testing/1.0.17/_test_suite.ts"
      time="0.000"
      line="394"
      col="15"
    >
    </testcase>
    <testcase
      name="Logic - Not &gt; with Else option"
      classname="https://jsr.io/@std/testing/1.0.17/_test_suite.ts"
      time="0.001"
      line="394"
      col="15"
    >
    </testcase>
    <testcase
      name="Logic - Not &gt; with Else option &gt; should return the Else type"
      classname="https://jsr.io/@std/testing/1.0.17/_test_suite.ts"
      time="0.001"
      line="394"
      col="15"
    >
    </testcase>
    <testcase
      name="Logic - Not &gt; with both Then and Else options"
      classname="https://jsr.io/@std/testing/1.0.17/_test_suite.ts"
      time="0.001"
      line="394"
      col="15"
    >
    </testcase>
    <testcase
      name="Logic - Not &gt; with both Then and Else options &gt; should return the Else type"
      classname="https://jsr.io/@std/testing/1.0.17/_test_suite.ts"
      time="0.000"
      line="394"
      col="15"
    >
    </testcase>
    <testcase
      name="Logic - Not &gt; with both Then and Else options &gt; should return the Then type"
      classname="https://jsr.io/@std/testing/1.0.17/_test_suite.ts"
      time="0.000"
      line="394"
      col="15"
    >
    </testcase>
    <testcase
      name="Logic - Not &gt; AsFilter"
      classname="https://jsr.io/@std/testing/1.0.17/_test_suite.ts"
      time="0.003"
      line="394"
      col="15"
    >
    </testcase>
    <testcase
      name="Logic - Not &gt; AsFilter &gt; Defaults"
      classname="https://jsr.io/@std/testing/1.0.17/_test_suite.ts"
      time="0.001"
      line="394"
      col="15"
    >
    </testcase>
    <testcase
      name="Logic - Not &gt; AsFilter &gt; Defaults &gt; should return never"
      classname="https://jsr.io/@std/testing/1.0.17/_test_suite.ts"
      time="0.000"
      line="365"
      col="39"
    >
    </testcase>
    <testcase
      name="Logic - Not &gt; AsFilter &gt; Defaults &gt; should return true"
      classname="https://jsr.io/@std/testing/1.0.17/_test_suite.ts"
      time="0.000"
      line="394"
      col="15"
    >
    </testcase>
    <testcase
      name="Logic - Not &gt; AsFilter &gt; custom DefaultOf"
      classname="https://jsr.io/@std/testing/1.0.17/_test_suite.ts"
      time="0.001"
      line="394"
      col="15"
    >
    </testcase>
    <testcase
      name="Logic - Not &gt; AsFilter &gt; custom DefaultOf &gt; should return never"
      classname="https://jsr.io/@std/testing/1.0.17/_test_suite.ts"
      time="0.000"
      line="394"
      col="15"
    >
    </testcase>
    <testcase
      name="Logic - Not &gt; AsFilter &gt; custom DefaultOf &gt; should return the DefaultOf type"
      classname="https://jsr.io/@std/testing/1.0.17/_test_suite.ts"
      time="0.000"
      line="394"
      col="15"
    >
    </testcase>
    <testcase
      name="Logic - Not &gt; with AsInverted"
      classname="https://jsr.io/@std/testing/1.0.17/_test_suite.ts"
      time="0.021"
      line="394"
      col="15"
    >
    </testcase>
    <testcase
      name="Logic - Not &gt; with AsInverted &gt; with defaults"
      classname="https://jsr.io/@std/testing/1.0.17/_test_suite.ts"
      time="0.001"
      line="394"
      col="15"
    >
    </testcase>
    <testcase
      name="Logic - Not &gt; with AsInverted &gt; with defaults &gt; should return true"
      classname="https://jsr.io/@std/testing/1.0.17/_test_suite.ts"
      time="0.000"
      line="365"
      col="39"
    >
    </testcase>
    <testcase
      name="Logic - Not &gt; with AsInverted &gt; with defaults &gt; should return false"
      classname="https://jsr.io/@std/testing/1.0.17/_test_suite.ts"
      time="0.000"
      line="394"
      col="15"
    >
    </testcase>
    <testcase
      name="Logic - Not &gt; with AsInverted &gt; with Then option"
      classname="https://jsr.io/@std/testing/1.0.17/_test_suite.ts"
      time="0.001"
      line="394"
      col="15"
    >
    </testcase>
    <testcase
      name="Logic - Not &gt; with AsInverted &gt; with Then option &gt; should return false"
      classname="https://jsr.io/@std/testing/1.0.17/_test_suite.ts"
      time="0.000"
      line="394"
      col="15"
    >
    </testcase>
    <testcase
      name="Logic - Not &gt; with AsInverted &gt; with Else option"
      classname="https://jsr.io/@std/testing/1.0.17/_test_suite.ts"
      time="0.001"
      line="394"
      col="15"
    >
    </testcase>
    <testcase
      name="Logic - Not &gt; with AsInverted &gt; with Else option &gt; should return true"
      classname="https://jsr.io/@std/testing/1.0.17/_test_suite.ts"
      time="0.000"
      line="394"
      col="15"
    >
    </testcase>
    <testcase
      name="Logic - Not &gt; with AsInverted &gt; with both Then and Else options"
      classname="https://jsr.io/@std/testing/1.0.17/_test_suite.ts"
      time="0.001"
      line="394"
      col="15"
    >
    </testcase>
    <testcase
      name="Logic - Not &gt; with AsInverted &gt; with both Then and Else options &gt; should return the Then type"
      classname="https://jsr.io/@std/testing/1.0.17/_test_suite.ts"
      time="0.000"
      line="394"
      col="15"
    >
    </testcase>
    <testcase
      name="Logic - Not &gt; with AsInverted &gt; with both Then and Else options &gt; should return the else type"
      classname="https://jsr.io/@std/testing/1.0.17/_test_suite.ts"
      time="0.000"
      line="394"
      col="15"
    >
    </testcase>
    <testcase
      name="Logic - Not &gt; with AsInverted &gt; AsFilter"
      classname="https://jsr.io/@std/testing/1.0.17/_test_suite.ts"
      time="0.016"
      line="394"
      col="15"
    >
    </testcase>
    <testcase
      name="Logic - Not &gt; with AsInverted &gt; AsFilter &gt; Defaults"
      classname="https://jsr.io/@std/testing/1.0.17/_test_suite.ts"
      time="0.014"
      line="394"
      col="15"
    >
    </testcase>
    <testcase
      name="Logic - Not &gt; with AsInverted &gt; AsFilter &gt; Defaults &gt; should return true"
      classname="https://jsr.io/@std/testing/1.0.17/_test_suite.ts"
      time="0.000"
      line="365"
      col="39"
    >
    </testcase>
    <testcase
      name="Logic - Not &gt; with AsInverted &gt; AsFilter &gt; Defaults &gt; should return never"
      classname="https://jsr.io/@std/testing/1.0.17/_test_suite.ts"
      time="0.013"
      line="394"
      col="15"
    >
    </testcase>
    <testcase
      name="Logic - Not &gt; with AsInverted &gt; AsFilter &gt; custom DefaultOf"
      classname="https://jsr.io/@std/testing/1.0.17/_test_suite.ts"
      time="0.000"
      line="394"
      col="15"
    >
    </testcase>
    <testcase
      name="Logic - Not &gt; with AsInverted &gt; AsFilter &gt; custom DefaultOf &gt; should return the DefaultOf type"
      classname="https://jsr.io/@std/testing/1.0.17/_test_suite.ts"
      time="0.000"
      line="394"
      col="15"
    >
    </testcase>
    <testcase
      name="Logic - Not &gt; with AsInverted &gt; AsFilter &gt; custom DefaultOf &gt; should return never"
      classname="https://jsr.io/@std/testing/1.0.17/_test_suite.ts"
      time="0.000"
      line="394"
      col="15"
    >
    </testcase>
    <testcase
      name="Logic - Or &gt; with defaults &gt; should return true"
      classname="https://jsr.io/@std/testing/1.0.17/_test_suite.ts"
      time="0.001"
      line="171"
      col="39"
    >
    </testcase>
    <testcase
      name="Logic - Or &gt; with defaults &gt; should return true"
      classname="https://jsr.io/@std/testing/1.0.17/_test_suite.ts"
      time="0.000"
      line="394"
      col="15"
    >
    </testcase>
    <testcase
      name="Logic - Or &gt; with defaults &gt; should return true"
      classname="https://jsr.io/@std/testing/1.0.17/_test_suite.ts"
      time="0.000"
      line="394"
      col="15"
    >
    </testcase>
    <testcase
      name="Logic - Or &gt; with defaults &gt; should return false"
      classname="https://jsr.io/@std/testing/1.0.17/_test_suite.ts"
      time="0.000"
      line="394"
      col="15"
    >
    </testcase>
    <testcase
      name="Logic - Or &gt; with Then option"
      classname="https://jsr.io/@std/testing/1.0.17/_test_suite.ts"
      time="0.000"
      line="394"
      col="15"
    >
    </testcase>
    <testcase
      name="Logic - Or &gt; with Then option &gt; should return the Then type"
      classname="https://jsr.io/@std/testing/1.0.17/_test_suite.ts"
      time="0.000"
      line="394"
      col="15"
    >
    </testcase>
    <testcase
      name="Logic - Or &gt; with Else option"
      classname="https://jsr.io/@std/testing/1.0.17/_test_suite.ts"
      time="0.001"
      line="394"
      col="15"
    >
    </testcase>
    <testcase
      name="Logic - Or &gt; with Else option &gt; should return the Then type"
      classname="https://jsr.io/@std/testing/1.0.17/_test_suite.ts"
      time="0.000"
      line="394"
      col="15"
    >
    </testcase>
    <testcase
      name="Logic - Or &gt; with both Then and Else options"
      classname="https://jsr.io/@std/testing/1.0.17/_test_suite.ts"
      time="0.002"
      line="394"
      col="15"
    >
    </testcase>
    <testcase
      name="Logic - Or &gt; with both Then and Else options &gt; should return the Then type"
      classname="https://jsr.io/@std/testing/1.0.17/_test_suite.ts"
      time="0.000"
      line="394"
      col="15"
    >
    </testcase>
    <testcase
      name="Logic - Or &gt; with both Then and Else options &gt; should return the Then type"
      classname="https://jsr.io/@std/testing/1.0.17/_test_suite.ts"
      time="0.000"
      line="394"
      col="15"
    >
    </testcase>
    <testcase
      name="Logic - Or &gt; AsFilter"
      classname="https://jsr.io/@std/testing/1.0.17/_test_suite.ts"
      time="0.004"
      line="394"
      col="15"
    >
    </testcase>
    <testcase
      name="Logic - Or &gt; AsFilter &gt; Defaults"
      classname="https://jsr.io/@std/testing/1.0.17/_test_suite.ts"
      time="0.002"
      line="394"
      col="15"
    >
    </testcase>
    <testcase
      name="Logic - Or &gt; AsFilter &gt; Defaults &gt; should return true"
      classname="https://jsr.io/@std/testing/1.0.17/_test_suite.ts"
      time="0.000"
      line="365"
      col="39"
    >
    </testcase>
    <testcase
      name="Logic - Or &gt; AsFilter &gt; Defaults &gt; should return never"
      classname="https://jsr.io/@std/testing/1.0.17/_test_suite.ts"
      time="0.000"
      line="394"
      col="15"
    >
    </testcase>
    <testcase
      name="Logic - Or &gt; AsFilter &gt; custom DefaultOf"
      classname="https://jsr.io/@std/testing/1.0.17/_test_suite.ts"
      time="0.002"
      line="394"
      col="15"
    >
    </testcase>
    <testcase
      name="Logic - Or &gt; AsFilter &gt; custom DefaultOf &gt; should return the DefaultOf type"
      classname="https://jsr.io/@std/testing/1.0.17/_test_suite.ts"
      time="0.000"
      line="394"
      col="15"
    >
    </testcase>
    <testcase
      name="Logic - Or &gt; AsFilter &gt; custom DefaultOf &gt; should return never"
      classname="https://jsr.io/@std/testing/1.0.17/_test_suite.ts"
      time="0.000"
      line="394"
      col="15"
    >
    </testcase>
    <testcase
      name="Logic - Or &gt; with AsInverted"
      classname="https://jsr.io/@std/testing/1.0.17/_test_suite.ts"
      time="0.029"
      line="394"
      col="15"
    >
    </testcase>
    <testcase
      name="Logic - Or &gt; with AsInverted &gt; with defaults"
      classname="https://jsr.io/@std/testing/1.0.17/_test_suite.ts"
      time="0.003"
      line="394"
      col="15"
    >
    </testcase>
    <testcase
      name="Logic - Or &gt; with AsInverted &gt; with defaults &gt; should return false"
      classname="https://jsr.io/@std/testing/1.0.17/_test_suite.ts"
      time="0.000"
      line="365"
      col="39"
    >
    </testcase>
    <testcase
      name="Logic - Or &gt; with AsInverted &gt; with defaults &gt; should return false"
      classname="https://jsr.io/@std/testing/1.0.17/_test_suite.ts"
      time="0.000"
      line="394"
      col="15"
    >
    </testcase>
    <testcase
      name="Logic - Or &gt; with AsInverted &gt; with defaults &gt; should return false"
      classname="https://jsr.io/@std/testing/1.0.17/_test_suite.ts"
      time="0.000"
      line="394"
      col="15"
    >
    </testcase>
    <testcase
      name="Logic - Or &gt; with AsInverted &gt; with defaults &gt; should return true"
      classname="https://jsr.io/@std/testing/1.0.17/_test_suite.ts"
      time="0.000"
      line="394"
      col="15"
    >
    </testcase>
    <testcase
      name="Logic - Or &gt; with AsInverted &gt; with Then option"
      classname="https://jsr.io/@std/testing/1.0.17/_test_suite.ts"
      time="0.000"
      line="394"
      col="15"
    >
    </testcase>
    <testcase
      name="Logic - Or &gt; with AsInverted &gt; with Then option &gt; should return false"
      classname="https://jsr.io/@std/testing/1.0.17/_test_suite.ts"
      time="0.000"
      line="394"
      col="15"
    >
    </testcase>
    <testcase
      name="Logic - Or &gt; with AsInverted &gt; with Else option"
      classname="https://jsr.io/@std/testing/1.0.17/_test_suite.ts"
      time="0.001"
      line="394"
      col="15"
    >
    </testcase>
    <testcase
      name="Logic - Or &gt; with AsInverted &gt; with Else option &gt; should return the Else type"
      classname="https://jsr.io/@std/testing/1.0.17/_test_suite.ts"
      time="0.000"
      line="394"
      col="15"
    >
    </testcase>
    <testcase
      name="Logic - Or &gt; with AsInverted &gt; with both Then and Else options"
      classname="https://jsr.io/@std/testing/1.0.17/_test_suite.ts"
      time="0.016"
      line="394"
      col="15"
    >
    </testcase>
    <testcase
      name="Logic - Or &gt; with AsInverted &gt; with both Then and Else options &gt; should return the Else type"
      classname="https://jsr.io/@std/testing/1.0.17/_test_suite.ts"
      time="0.001"
      line="394"
      col="15"
    >
    </testcase>
    <testcase
      name="Logic - Or &gt; with AsInverted &gt; with both Then and Else options &gt; should return the Else type"
      classname="https://jsr.io/@std/testing/1.0.17/_test_suite.ts"
      time="0.000"
      line="394"
      col="15"
    >
    </testcase>
    <testcase
      name="Logic - Or &gt; with AsInverted &gt; AsFilter"
      classname="https://jsr.io/@std/testing/1.0.17/_test_suite.ts"
      time="0.003"
      line="394"
      col="15"
    >
    </testcase>
    <testcase
      name="Logic - Or &gt; with AsInverted &gt; AsFilter &gt; Defaults"
      classname="https://jsr.io/@std/testing/1.0.17/_test_suite.ts"
      time="0.000"
      line="394"
      col="15"
    >
    </testcase>
    <testcase
      name="Logic - Or &gt; with AsInverted &gt; AsFilter &gt; Defaults &gt; should return never"
      classname="https://jsr.io/@std/testing/1.0.17/_test_suite.ts"
      time="0.000"
      line="365"
      col="39"
    >
    </testcase>
    <testcase
      name="Logic - Or &gt; with AsInverted &gt; AsFilter &gt; Defaults &gt; should return true"
      classname="https://jsr.io/@std/testing/1.0.17/_test_suite.ts"
      time="0.000"
      line="394"
      col="15"
    >
    </testcase>
    <testcase
      name="Logic - Or &gt; with AsInverted &gt; AsFilter &gt; custom DefaultOf"
      classname="https://jsr.io/@std/testing/1.0.17/_test_suite.ts"
      time="0.000"
      line="394"
      col="15"
    >
    </testcase>
    <testcase
      name="Logic - Or &gt; with AsInverted &gt; AsFilter &gt; custom DefaultOf &gt; should return never"
      classname="https://jsr.io/@std/testing/1.0.17/_test_suite.ts"
      time="0.000"
      line="394"
      col="15"
    >
    </testcase>
    <testcase
      name="Logic - Or &gt; with AsInverted &gt; AsFilter &gt; custom DefaultOf &gt; should return the DefaultOf type"
      classname="https://jsr.io/@std/testing/1.0.17/_test_suite.ts"
      time="0.000"
      line="394"
      col="15"
    >
    </testcase>
    <testcase
      name="Logic - Xnor &gt; with defaults &gt; should return true"
      classname="https://jsr.io/@std/testing/1.0.17/_test_suite.ts"
      time="0.000"
      line="171"
      col="39"
    >
    </testcase>
    <testcase
      name="Logic - Xnor &gt; with defaults &gt; should return false"
      classname="https://jsr.io/@std/testing/1.0.17/_test_suite.ts"
      time="0.000"
      line="394"
      col="15"
    >
    </testcase>
    <testcase
      name="Logic - Xnor &gt; with defaults &gt; should return false"
      classname="https://jsr.io/@std/testing/1.0.17/_test_suite.ts"
      time="0.000"
      line="394"
      col="15"
    >
    </testcase>
    <testcase
      name="Logic - Xnor &gt; with defaults &gt; should return true"
      classname="https://jsr.io/@std/testing/1.0.17/_test_suite.ts"
      time="0.000"
      line="394"
      col="15"
    >
    </testcase>
    <testcase
      name="Logic - Xnor &gt; with Then option"
      classname="https://jsr.io/@std/testing/1.0.17/_test_suite.ts"
      time="0.001"
      line="394"
      col="15"
    >
    </testcase>
    <testcase
      name="Logic - Xnor &gt; with Then option &gt; should return the Then type"
      classname="https://jsr.io/@std/testing/1.0.17/_test_suite.ts"
      time="0.000"
      line="394"
      col="15"
    >
    </testcase>
    <testcase
      name="Logic - Xnor &gt; with Else option"
      classname="https://jsr.io/@std/testing/1.0.17/_test_suite.ts"
      time="0.000"
      line="394"
      col="15"
    >
    </testcase>
    <testcase
      name="Logic - Xnor &gt; with Else option &gt; should return the Else type"
      classname="https://jsr.io/@std/testing/1.0.17/_test_suite.ts"
      time="0.000"
      line="394"
      col="15"
    >
    </testcase>
    <testcase
      name="Logic - Xnor &gt; with both Then Or Else options"
      classname="https://jsr.io/@std/testing/1.0.17/_test_suite.ts"
      time="0.001"
      line="394"
      col="15"
    >
    </testcase>
    <testcase
      name="Logic - Xnor &gt; with both Then Or Else options &gt; should return the Then type"
      classname="https://jsr.io/@std/testing/1.0.17/_test_suite.ts"
      time="0.000"
      line="394"
      col="15"
    >
    </testcase>
    <testcase
      name="Logic - Xnor &gt; with both Then Or Else options &gt; should return the Else type"
      classname="https://jsr.io/@std/testing/1.0.17/_test_suite.ts"
      time="0.000"
      line="394"
      col="15"
    >
    </testcase>
    <testcase
      name="Logic - Xnor &gt; with both Then Or Else options &gt; should return the Then type"
      classname="https://jsr.io/@std/testing/1.0.17/_test_suite.ts"
      time="0.000"
      line="394"
      col="15"
    >
    </testcase>
    <testcase
      name="Logic - Xnor &gt; AsFilter"
      classname="https://jsr.io/@std/testing/1.0.17/_test_suite.ts"
      time="0.002"
      line="394"
      col="15"
    >
    </testcase>
    <testcase
      name="Logic - Xnor &gt; AsFilter &gt; Defaults"
      classname="https://jsr.io/@std/testing/1.0.17/_test_suite.ts"
      time="0.000"
      line="394"
      col="15"
    >
    </testcase>
    <testcase
      name="Logic - Xnor &gt; AsFilter &gt; Defaults &gt; should return never"
      classname="https://jsr.io/@std/testing/1.0.17/_test_suite.ts"
      time="0.000"
      line="365"
      col="39"
    >
    </testcase>
    <testcase
      name="Logic - Xnor &gt; AsFilter &gt; Defaults &gt; should return true"
      classname="https://jsr.io/@std/testing/1.0.17/_test_suite.ts"
      time="0.000"
      line="394"
      col="15"
    >
    </testcase>
    <testcase
      name="Logic - Xnor &gt; AsFilter &gt; custom DefaultOf"
      classname="https://jsr.io/@std/testing/1.0.17/_test_suite.ts"
      time="0.001"
      line="394"
      col="15"
    >
    </testcase>
    <testcase
      name="Logic - Xnor &gt; AsFilter &gt; custom DefaultOf &gt; should return never"
      classname="https://jsr.io/@std/testing/1.0.17/_test_suite.ts"
      time="0.000"
      line="394"
      col="15"
    >
    </testcase>
    <testcase
      name="Logic - Xnor &gt; AsFilter &gt; custom DefaultOf &gt; should return the DefaultOf type"
      classname="https://jsr.io/@std/testing/1.0.17/_test_suite.ts"
      time="0.000"
      line="394"
      col="15"
    >
    </testcase>
    <testcase
      name="Logic - Xnor &gt; with AsInverted"
      classname="https://jsr.io/@std/testing/1.0.17/_test_suite.ts"
      time="0.019"
      line="394"
      col="15"
    >
    </testcase>
    <testcase
      name="Logic - Xnor &gt; with AsInverted &gt; with defaults"
      classname="https://jsr.io/@std/testing/1.0.17/_test_suite.ts"
      time="0.001"
      line="394"
      col="15"
    >
    </testcase>
    <testcase
      name="Logic - Xnor &gt; with AsInverted &gt; with defaults &gt; should return false"
      classname="https://jsr.io/@std/testing/1.0.17/_test_suite.ts"
      time="0.000"
      line="365"
      col="39"
    >
    </testcase>
    <testcase
      name="Logic - Xnor &gt; with AsInverted &gt; with defaults &gt; should return true"
      classname="https://jsr.io/@std/testing/1.0.17/_test_suite.ts"
      time="0.000"
      line="394"
      col="15"
    >
    </testcase>
    <testcase
      name="Logic - Xnor &gt; with AsInverted &gt; with defaults &gt; should return true"
      classname="https://jsr.io/@std/testing/1.0.17/_test_suite.ts"
      time="0.000"
      line="394"
      col="15"
    >
    </testcase>
    <testcase
      name="Logic - Xnor &gt; with AsInverted &gt; with defaults &gt; should return false"
      classname="https://jsr.io/@std/testing/1.0.17/_test_suite.ts"
      time="0.000"
      line="394"
      col="15"
    >
    </testcase>
    <testcase
      name="Logic - Xnor &gt; with AsInverted &gt; with Then option"
      classname="https://jsr.io/@std/testing/1.0.17/_test_suite.ts"
      time="0.001"
      line="394"
      col="15"
    >
    </testcase>
    <testcase
      name="Logic - Xnor &gt; with AsInverted &gt; with Then option &gt; should return false"
      classname="https://jsr.io/@std/testing/1.0.17/_test_suite.ts"
      time="0.000"
      line="394"
      col="15"
    >
    </testcase>
    <testcase
      name="Logic - Xnor &gt; with AsInverted &gt; with Else option"
      classname="https://jsr.io/@std/testing/1.0.17/_test_suite.ts"
      time="0.000"
      line="394"
      col="15"
    >
    </testcase>
    <testcase
      name="Logic - Xnor &gt; with AsInverted &gt; with Else option &gt; should return true"
      classname="https://jsr.io/@std/testing/1.0.17/_test_suite.ts"
      time="0.000"
      line="394"
      col="15"
    >
    </testcase>
    <testcase
      name="Logic - Xnor &gt; with AsInverted &gt; with both Then Or Else options"
      classname="https://jsr.io/@std/testing/1.0.17/_test_suite.ts"
      time="0.014"
      line="394"
      col="15"
    >
    </testcase>
    <testcase
      name="Logic - Xnor &gt; with AsInverted &gt; with both Then Or Else options &gt; should return the Else type"
      classname="https://jsr.io/@std/testing/1.0.17/_test_suite.ts"
      time="0.000"
      line="394"
      col="15"
    >
    </testcase>
    <testcase
      name="Logic - Xnor &gt; with AsInverted &gt; with both Then Or Else options &gt; should return the Then type"
      classname="https://jsr.io/@std/testing/1.0.17/_test_suite.ts"
      time="0.000"
      line="394"
      col="15"
    >
    </testcase>
    <testcase
      name="Logic - Xnor &gt; with AsInverted &gt; with both Then Or Else options &gt; should return the Else type"
      classname="https://jsr.io/@std/testing/1.0.17/_test_suite.ts"
      time="0.000"
      line="394"
      col="15"
    >
    </testcase>
    <testcase
      name="Logic - Xnor &gt; with AsInverted &gt; AsFilter"
      classname="https://jsr.io/@std/testing/1.0.17/_test_suite.ts"
      time="0.001"
      line="394"
      col="15"
    >
    </testcase>
    <testcase
      name="Logic - Xnor &gt; with AsInverted &gt; AsFilter &gt; Defaults"
      classname="https://jsr.io/@std/testing/1.0.17/_test_suite.ts"
      time="0.000"
      line="394"
      col="15"
    >
    </testcase>
    <testcase
      name="Logic - Xnor &gt; with AsInverted &gt; AsFilter &gt; Defaults &gt; should return true"
      classname="https://jsr.io/@std/testing/1.0.17/_test_suite.ts"
      time="0.000"
      line="365"
      col="39"
    >
    </testcase>
    <testcase
      name="Logic - Xnor &gt; with AsInverted &gt; AsFilter &gt; Defaults &gt; should return never"
      classname="https://jsr.io/@std/testing/1.0.17/_test_suite.ts"
      time="0.000"
      line="394"
      col="15"
    >
    </testcase>
    <testcase
      name="Logic - Xnor &gt; with AsInverted &gt; AsFilter &gt; custom DefaultOf"
      classname="https://jsr.io/@std/testing/1.0.17/_test_suite.ts"
      time="0.000"
      line="394"
      col="15"
    >
    </testcase>
    <testcase
      name="Logic - Xnor &gt; with AsInverted &gt; AsFilter &gt; custom DefaultOf &gt; should return the DefaultOf type"
      classname="https://jsr.io/@std/testing/1.0.17/_test_suite.ts"
      time="0.000"
      line="394"
      col="15"
    >
    </testcase>
    <testcase
      name="Logic - Xnor &gt; with AsInverted &gt; AsFilter &gt; custom DefaultOf &gt; should return never"
      classname="https://jsr.io/@std/testing/1.0.17/_test_suite.ts"
      time="0.000"
      line="394"
      col="15"
    >
    </testcase>
    <testcase
      name="Logic - Xor &gt; with defaults &gt; should return false"
      classname="https://jsr.io/@std/testing/1.0.17/_test_suite.ts"
      time="0.000"
      line="171"
      col="39"
    >
    </testcase>
    <testcase
      name="Logic - Xor &gt; with defaults &gt; should return true"
      classname="https://jsr.io/@std/testing/1.0.17/_test_suite.ts"
      time="0.001"
      line="394"
      col="15"
    >
    </testcase>
    <testcase
      name="Logic - Xor &gt; with defaults &gt; should return true"
      classname="https://jsr.io/@std/testing/1.0.17/_test_suite.ts"
      time="0.000"
      line="394"
      col="15"
    >
    </testcase>
    <testcase
      name="Logic - Xor &gt; with defaults &gt; should return false"
      classname="https://jsr.io/@std/testing/1.0.17/_test_suite.ts"
      time="0.000"
      line="394"
      col="15"
    >
    </testcase>
    <testcase
      name="Logic - Xor &gt; with Then option"
      classname="https://jsr.io/@std/testing/1.0.17/_test_suite.ts"
      time="0.001"
      line="394"
      col="15"
    >
    </testcase>
    <testcase
      name="Logic - Xor &gt; with Then option &gt; should return the Else type"
      classname="https://jsr.io/@std/testing/1.0.17/_test_suite.ts"
      time="0.000"
      line="394"
      col="15"
    >
    </testcase>
    <testcase
      name="Logic - Xor &gt; with Else option"
      classname="https://jsr.io/@std/testing/1.0.17/_test_suite.ts"
      time="0.001"
      line="394"
      col="15"
    >
    </testcase>
    <testcase
      name="Logic - Xor &gt; with Else option &gt; should return the Then type"
      classname="https://jsr.io/@std/testing/1.0.17/_test_suite.ts"
      time="0.000"
      line="394"
      col="15"
    >
    </testcase>
    <testcase
      name="Logic - Xor &gt; with both Then Or Else options"
      classname="https://jsr.io/@std/testing/1.0.17/_test_suite.ts"
      time="0.001"
      line="394"
      col="15"
    >
    </testcase>
    <testcase
      name="Logic - Xor &gt; with both Then Or Else options &gt; should return the Else type"
      classname="https://jsr.io/@std/testing/1.0.17/_test_suite.ts"
      time="0.000"
      line="394"
      col="15"
    >
    </testcase>
    <testcase
      name="Logic - Xor &gt; with both Then Or Else options &gt; should return the Then type"
      classname="https://jsr.io/@std/testing/1.0.17/_test_suite.ts"
      time="0.000"
      line="394"
      col="15"
    >
    </testcase>
    <testcase
      name="Logic - Xor &gt; AsFilter"
      classname="https://jsr.io/@std/testing/1.0.17/_test_suite.ts"
      time="0.003"
      line="394"
      col="15"
    >
    </testcase>
    <testcase
      name="Logic - Xor &gt; AsFilter &gt; Defaults"
      classname="https://jsr.io/@std/testing/1.0.17/_test_suite.ts"
      time="0.002"
      line="394"
      col="15"
    >
    </testcase>
    <testcase
      name="Logic - Xor &gt; AsFilter &gt; Defaults &gt; should return true"
      classname="https://jsr.io/@std/testing/1.0.17/_test_suite.ts"
      time="0.000"
      line="365"
      col="39"
    >
    </testcase>
    <testcase
      name="Logic - Xor &gt; AsFilter &gt; Defaults &gt; should return never"
      classname="https://jsr.io/@std/testing/1.0.17/_test_suite.ts"
      time="0.000"
      line="394"
      col="15"
    >
    </testcase>
    <testcase
      name="Logic - Xor &gt; AsFilter &gt; custom DefaultOf"
      classname="https://jsr.io/@std/testing/1.0.17/_test_suite.ts"
      time="0.001"
      line="394"
      col="15"
    >
    </testcase>
    <testcase
      name="Logic - Xor &gt; AsFilter &gt; custom DefaultOf &gt; should return the DefaultOf type"
      classname="https://jsr.io/@std/testing/1.0.17/_test_suite.ts"
      time="0.000"
      line="394"
      col="15"
    >
    </testcase>
    <testcase
      name="Logic - Xor &gt; AsFilter &gt; custom DefaultOf &gt; should return never"
      classname="https://jsr.io/@std/testing/1.0.17/_test_suite.ts"
      time="0.000"
      line="394"
      col="15"
    >
    </testcase>
    <testcase
      name="Logic - Xor &gt; with AsInverted"
      classname="https://jsr.io/@std/testing/1.0.17/_test_suite.ts"
      time="0.030"
      line="394"
      col="15"
    >
    </testcase>
    <testcase
      name="Logic - Xor &gt; with AsInverted &gt; with defaults"
      classname="https://jsr.io/@std/testing/1.0.17/_test_suite.ts"
      time="0.001"
      line="394"
      col="15"
    >
    </testcase>
    <testcase
      name="Logic - Xor &gt; with AsInverted &gt; with defaults &gt; should return true"
      classname="https://jsr.io/@std/testing/1.0.17/_test_suite.ts"
      time="0.000"
      line="365"
      col="39"
    >
    </testcase>
    <testcase
      name="Logic - Xor &gt; with AsInverted &gt; with defaults &gt; should return false"
      classname="https://jsr.io/@std/testing/1.0.17/_test_suite.ts"
      time="0.000"
      line="394"
      col="15"
    >
    </testcase>
    <testcase
      name="Logic - Xor &gt; with AsInverted &gt; with defaults &gt; should return false"
      classname="https://jsr.io/@std/testing/1.0.17/_test_suite.ts"
      time="0.000"
      line="394"
      col="15"
    >
    </testcase>
    <testcase
      name="Logic - Xor &gt; with AsInverted &gt; with defaults &gt; should return true"
      classname="https://jsr.io/@std/testing/1.0.17/_test_suite.ts"
      time="0.000"
      line="394"
      col="15"
    >
    </testcase>
    <testcase
      name="Logic - Xor &gt; with AsInverted &gt; with Then option"
      classname="https://jsr.io/@std/testing/1.0.17/_test_suite.ts"
      time="0.000"
      line="394"
      col="15"
    >
    </testcase>
    <testcase
      name="Logic - Xor &gt; with AsInverted &gt; with Then option &gt; should return the Then type"
      classname="https://jsr.io/@std/testing/1.0.17/_test_suite.ts"
      time="0.000"
      line="394"
      col="15"
    >
    </testcase>
    <testcase
      name="Logic - Xor &gt; with AsInverted &gt; with Else option"
      classname="https://jsr.io/@std/testing/1.0.17/_test_suite.ts"
      time="0.000"
      line="394"
      col="15"
    >
    </testcase>
    <testcase
      name="Logic - Xor &gt; with AsInverted &gt; with Else option &gt; should return the Else type"
      classname="https://jsr.io/@std/testing/1.0.17/_test_suite.ts"
      time="0.000"
      line="394"
      col="15"
    >
    </testcase>
    <testcase
      name="Logic - Xor &gt; with AsInverted &gt; with both Then Or Else options"
      classname="https://jsr.io/@std/testing/1.0.17/_test_suite.ts"
      time="0.023"
      line="394"
      col="15"
    >
    </testcase>
    <testcase
      name="Logic - Xor &gt; with AsInverted &gt; with both Then Or Else options &gt; should return the Then type"
      classname="https://jsr.io/@std/testing/1.0.17/_test_suite.ts"
      time="0.000"
      line="394"
      col="15"
    >
    </testcase>
    <testcase
      name="Logic - Xor &gt; with AsInverted &gt; with both Then Or Else options &gt; should return the Else type"
      classname="https://jsr.io/@std/testing/1.0.17/_test_suite.ts"
      time="0.000"
      line="394"
      col="15"
    >
    </testcase>
    <testcase
      name="Logic - Xor &gt; with AsInverted &gt; AsFilter"
      classname="https://jsr.io/@std/testing/1.0.17/_test_suite.ts"
      time="0.002"
      line="394"
      col="15"
    >
    </testcase>
    <testcase
      name="Logic - Xor &gt; with AsInverted &gt; AsFilter &gt; Defaults"
      classname="https://jsr.io/@std/testing/1.0.17/_test_suite.ts"
      time="0.001"
      line="394"
      col="15"
    >
    </testcase>
    <testcase
      name="Logic - Xor &gt; with AsInverted &gt; AsFilter &gt; Defaults &gt; should return never"
      classname="https://jsr.io/@std/testing/1.0.17/_test_suite.ts"
      time="0.000"
      line="365"
      col="39"
    >
    </testcase>
    <testcase
      name="Logic - Xor &gt; with AsInverted &gt; AsFilter &gt; Defaults &gt; should return true"
      classname="https://jsr.io/@std/testing/1.0.17/_test_suite.ts"
      time="0.000"
      line="394"
      col="15"
    >
    </testcase>
    <testcase
      name="Logic - Xor &gt; with AsInverted &gt; AsFilter &gt; custom DefaultOf"
      classname="https://jsr.io/@std/testing/1.0.17/_test_suite.ts"
      time="0.000"
      line="394"
      col="15"
    >
    </testcase>
    <testcase
      name="Logic - Xor &gt; with AsInverted &gt; AsFilter &gt; custom DefaultOf &gt; should return never"
      classname="https://jsr.io/@std/testing/1.0.17/_test_suite.ts"
      time="0.000"
      line="394"
      col="15"
    >
    </testcase>
    <testcase
      name="Logic - Xor &gt; with AsInverted &gt; AsFilter &gt; custom DefaultOf &gt; should return the DefaultOf type"
      classname="https://jsr.io/@std/testing/1.0.17/_test_suite.ts"
      time="0.000"
      line="394"
      col="15"
    >
    </testcase>
    <testcase
      name="Brand &gt; should be able to assign a value with a type assertion"
      classname="https://jsr.io/@std/testing/1.0.17/_test_suite.ts"
      time="0.000"
      line="394"
      col="15"
    >
    </testcase>
    <testcase
      name="Brand &gt; should allow sub-typing"
      classname="https://jsr.io/@std/testing/1.0.17/_test_suite.ts"
      time="0.000"
      line="394"
      col="15"
    >
    </testcase>
    <testcase
      name="Brand &gt; should widen to the unbranded type"
      classname="https://jsr.io/@std/testing/1.0.17/_test_suite.ts"
      time="0.001"
      line="394"
      col="15"
    >
    </testcase>
    <testcase
      name="ExtractTaggedMetadata &gt; should extract metadata from a tagged union type"
      classname="https://jsr.io/@std/testing/1.0.17/_test_suite.ts"
      time="0.000"
      line="394"
      col="15"
    >
    </testcase>
    <testcase
      name="Flavor &gt; should be able to assign a value with a type assertion"
      classname="https://jsr.io/@std/testing/1.0.17/_test_suite.ts"
      time="0.000"
      line="394"
      col="15"
    >
    </testcase>
    <testcase
      name="Flavor &gt; should allow sub-typing"
      classname="https://jsr.io/@std/testing/1.0.17/_test_suite.ts"
      time="0.000"
      line="394"
      col="15"
    >
    </testcase>
    <testcase
      name="Flavor &gt; should widen to the unflavored type"
      classname="https://jsr.io/@std/testing/1.0.17/_test_suite.ts"
      time="0.000"
      line="394"
      col="15"
    >
    </testcase>
    <testcase
      name="Struct &gt; should be able to assign a value with a type assertion"
      classname="https://jsr.io/@std/testing/1.0.17/_test_suite.ts"
      time="0.001"
      line="394"
      col="15"
    >
    </testcase>
    <testcase
      name="Struct &gt; should allow sub-typing"
      classname="https://jsr.io/@std/testing/1.0.17/_test_suite.ts"
      time="0.000"
      line="394"
      col="15"
    >
    </testcase>
    <testcase
      name="Struct &gt; should widen to the unstructured type"
      classname="https://jsr.io/@std/testing/1.0.17/_test_suite.ts"
      time="0.000"
      line="394"
      col="15"
    >
    </testcase>
    <testcase
      name="Tagged &gt; should be able to assign a value with a type assertion"
      classname="https://jsr.io/@std/testing/1.0.17/_test_suite.ts"
      time="0.000"
      line="394"
      col="15"
    >
    </testcase>
    <testcase
      name="Tagged &gt; should allow sub-typing"
      classname="https://jsr.io/@std/testing/1.0.17/_test_suite.ts"
      time="0.000"
      line="394"
      col="15"
    >
    </testcase>
    <testcase
      name="Tagged &gt; should allow metadata"
      classname="https://jsr.io/@std/testing/1.0.17/_test_suite.ts"
      time="0.000"
      line="394"
      col="15"
    >
    </testcase>
    <testcase
      name="Tagged &gt; should widen to the untagged type"
      classname="https://jsr.io/@std/testing/1.0.17/_test_suite.ts"
      time="0.001"
      line="394"
      col="15"
    >
    </testcase>
    <testcase
      name="TaggedUnion &gt; should extract tagged union keys"
      classname="https://jsr.io/@std/testing/1.0.17/_test_suite.ts"
      time="0.000"
      line="394"
      col="15"
    >
    </testcase>
    <testcase
      name="TaggedUnion &gt; should extract metadata from a tagged union"
      classname="https://jsr.io/@std/testing/1.0.17/_test_suite.ts"
      time="0.000"
      line="394"
      col="15"
    >
    </testcase>
    <testcase
      name="TaggedUnion &gt; should widen to the untagged type"
      classname="https://jsr.io/@std/testing/1.0.17/_test_suite.ts"
      time="0.000"
      line="394"
      col="15"
    >
    </testcase>
    <testcase
      name="TaggedUnionKeys &gt; should extract tagged union keys with custom tag"
      classname="https://jsr.io/@std/testing/1.0.17/_test_suite.ts"
      time="0.000"
      line="394"
      col="15"
    >
    </testcase>
    <testcase
      name="ApplyDefault &gt; should return the settings when UseDefault is present"
      classname="https://jsr.io/@std/testing/1.0.17/_test_suite.ts"
      time="0.000"
      line="394"
      col="15"
    >
    </testcase>
    <testcase
      name="ApplyUnified &gt; should return the settings when UseUnified is present"
      classname="https://jsr.io/@std/testing/1.0.17/_test_suite.ts"
      time="0.001"
      line="394"
      col="15"
    >
    </testcase>
    <testcase
      name="CheckType &gt; any &gt; AsStrict (default)"
      classname="https://jsr.io/@std/testing/1.0.17/_test_suite.ts"
      time="0.021"
      line="171"
      col="39"
    >
    </testcase>
    <testcase
      name="CheckType &gt; any &gt; AsStrict (default) &gt; AsSafe (default)"
      classname="https://jsr.io/@std/testing/1.0.17/_test_suite.ts"
      time="0.009"
      line="365"
      col="39"
    >
    </testcase>
    <testcase
      name="CheckType &gt; any &gt; AsStrict (default) &gt; AsSafe (default) &gt; AsUnified (default)"
      classname="https://jsr.io/@std/testing/1.0.17/_test_suite.ts"
      time="0.004"
      line="365"
      col="39"
    >
    </testcase>
    <testcase
      name="CheckType &gt; any &gt; AsStrict (default) &gt; AsSafe (default) &gt; AsUnified (default) &gt; should return true for any type"
      classname="https://jsr.io/@std/testing/1.0.17/_test_suite.ts"
      time="0.000"
      line="365"
      col="39"
    >
    </testcase>
    <testcase
      name="CheckType &gt; any &gt; AsStrict (default) &gt; AsSafe (default) &gt; AsUnified (default) &gt; should return false for never type"
      classname="https://jsr.io/@std/testing/1.0.17/_test_suite.ts"
      time="0.000"
      line="394"
      col="15"
    >
    </testcase>
    <testcase
      name="CheckType &gt; any &gt; AsStrict (default) &gt; AsSafe (default) &gt; AsUnified (default) &gt; should return false for void type"
      classname="https://jsr.io/@std/testing/1.0.17/_test_suite.ts"
      time="0.000"
      line="394"
      col="15"
    >
    </testcase>
    <testcase
      name="CheckType &gt; any &gt; AsStrict (default) &gt; AsSafe (default) &gt; AsUnified (default) &gt; should return false for unknown type"
      classname="https://jsr.io/@std/testing/1.0.17/_test_suite.ts"
      time="0.000"
      line="394"
      col="15"
    >
    </testcase>
    <testcase
      name="CheckType &gt; any &gt; AsStrict (default) &gt; AsSafe (default) &gt; AsUnified (default) &gt; should return false for string type"
      classname="https://jsr.io/@std/testing/1.0.17/_test_suite.ts"
      time="0.000"
      line="394"
      col="15"
    >
    </testcase>
    <testcase
      name="CheckType &gt; any &gt; AsStrict (default) &gt; AsSafe (default) &gt; AsDistributed"
      classname="https://jsr.io/@std/testing/1.0.17/_test_suite.ts"
      time="0.003"
      line="394"
      col="15"
    >
    </testcase>
    <testcase
      name="CheckType &gt; any &gt; AsStrict (default) &gt; AsSafe (default) &gt; AsDistributed &gt; should return true for any type"
      classname="https://jsr.io/@std/testing/1.0.17/_test_suite.ts"
      time="0.000"
      line="394"
      col="15"
    >
    </testcase>
    <testcase
      name="CheckType &gt; any &gt; AsStrict (default) &gt; AsSafe (default) &gt; AsDistributed &gt; should return false for never type"
      classname="https://jsr.io/@std/testing/1.0.17/_test_suite.ts"
      time="0.000"
      line="394"
      col="15"
    >
    </testcase>
    <testcase
      name="CheckType &gt; any &gt; AsStrict (default) &gt; AsSafe (default) &gt; AsDistributed &gt; should return false for void type"
      classname="https://jsr.io/@std/testing/1.0.17/_test_suite.ts"
      time="0.000"
      line="394"
      col="15"
    >
    </testcase>
    <testcase
      name="CheckType &gt; any &gt; AsStrict (default) &gt; AsSafe (default) &gt; AsDistributed &gt; should return false for unknown type"
      classname="https://jsr.io/@std/testing/1.0.17/_test_suite.ts"
      time="0.000"
      line="394"
      col="15"
    >
    </testcase>
    <testcase
      name="CheckType &gt; any &gt; AsStrict (default) &gt; AsSafe (default) &gt; AsDistributed &gt; should return false for string type"
      classname="https://jsr.io/@std/testing/1.0.17/_test_suite.ts"
      time="0.000"
      line="394"
      col="15"
    >
    </testcase>
    <testcase
      name="CheckType &gt; any &gt; AsStrict (default) &gt; AsUnsafe"
      classname="https://jsr.io/@std/testing/1.0.17/_test_suite.ts"
      time="0.009"
      line="394"
      col="15"
    >
    </testcase>
    <testcase
      name="CheckType &gt; any &gt; AsStrict (default) &gt; AsUnsafe &gt; AsUnified (default)"
      classname="https://jsr.io/@std/testing/1.0.17/_test_suite.ts"
      time="0.004"
      line="394"
      col="15"
    >
    </testcase>
    <testcase
      name="CheckType &gt; any &gt; AsStrict (default) &gt; AsUnsafe &gt; AsUnified (default) &gt; should return true for any type"
      classname="https://jsr.io/@std/testing/1.0.17/_test_suite.ts"
      time="0.000"
      line="365"
      col="39"
    >
    </testcase>
    <testcase
      name="CheckType &gt; any &gt; AsStrict (default) &gt; AsUnsafe &gt; AsUnified (default) &gt; should return false for never type"
      classname="https://jsr.io/@std/testing/1.0.17/_test_suite.ts"
      time="0.001"
      line="394"
      col="15"
    >
    </testcase>
    <testcase
      name="CheckType &gt; any &gt; AsStrict (default) &gt; AsUnsafe &gt; AsUnified (default) &gt; should return false for void type"
      classname="https://jsr.io/@std/testing/1.0.17/_test_suite.ts"
      time="0.000"
      line="394"
      col="15"
    >
    </testcase>
    <testcase
      name="CheckType &gt; any &gt; AsStrict (default) &gt; AsUnsafe &gt; AsUnified (default) &gt; should return false for unknown type"
      classname="https://jsr.io/@std/testing/1.0.17/_test_suite.ts"
      time="0.000"
      line="394"
      col="15"
    >
    </testcase>
    <testcase
      name="CheckType &gt; any &gt; AsStrict (default) &gt; AsUnsafe &gt; AsUnified (default) &gt; should return false for string type"
      classname="https://jsr.io/@std/testing/1.0.17/_test_suite.ts"
      time="0.000"
      line="394"
      col="15"
    >
    </testcase>
    <testcase
      name="CheckType &gt; any &gt; AsStrict (default) &gt; AsUnsafe &gt; AsDistributed"
      classname="https://jsr.io/@std/testing/1.0.17/_test_suite.ts"
      time="0.002"
      line="394"
      col="15"
    >
    </testcase>
    <testcase
      name="CheckType &gt; any &gt; AsStrict (default) &gt; AsUnsafe &gt; AsDistributed &gt; should return true for any type"
      classname="https://jsr.io/@std/testing/1.0.17/_test_suite.ts"
      time="0.000"
      line="394"
      col="15"
    >
    </testcase>
    <testcase
      name="CheckType &gt; any &gt; AsStrict (default) &gt; AsUnsafe &gt; AsDistributed &gt; should return false for never type"
      classname="https://jsr.io/@std/testing/1.0.17/_test_suite.ts"
      time="0.000"
      line="394"
      col="15"
    >
    </testcase>
    <testcase
      name="CheckType &gt; any &gt; AsStrict (default) &gt; AsUnsafe &gt; AsDistributed &gt; should return false for void type"
      classname="https://jsr.io/@std/testing/1.0.17/_test_suite.ts"
      time="0.000"
      line="394"
      col="15"
    >
    </testcase>
    <testcase
      name="CheckType &gt; any &gt; AsStrict (default) &gt; AsUnsafe &gt; AsDistributed &gt; should return false for unknown type"
      classname="https://jsr.io/@std/testing/1.0.17/_test_suite.ts"
      time="0.000"
      line="394"
      col="15"
    >
    </testcase>
    <testcase
      name="CheckType &gt; any &gt; AsStrict (default) &gt; AsUnsafe &gt; AsDistributed &gt; should return false for string type"
      classname="https://jsr.io/@std/testing/1.0.17/_test_suite.ts"
      time="0.000"
      line="394"
      col="15"
    >
    </testcase>
    <testcase
      name="CheckType &gt; any &gt; AsLoose"
      classname="https://jsr.io/@std/testing/1.0.17/_test_suite.ts"
      time="0.011"
      line="394"
      col="15"
    >
    </testcase>
    <testcase
      name="CheckType &gt; any &gt; AsLoose &gt; AsSafe (default)"
      classname="https://jsr.io/@std/testing/1.0.17/_test_suite.ts"
      time="0.004"
      line="394"
      col="15"
    >
    </testcase>
    <testcase
      name="CheckType &gt; any &gt; AsLoose &gt; AsSafe (default) &gt; AsUnified (default)"
      classname="https://jsr.io/@std/testing/1.0.17/_test_suite.ts"
      time="0.002"
      line="365"
      col="39"
    >
    </testcase>
    <testcase
      name="CheckType &gt; any &gt; AsLoose &gt; AsSafe (default) &gt; AsUnified (default) &gt; should return true for any type"
      classname="https://jsr.io/@std/testing/1.0.17/_test_suite.ts"
      time="0.000"
      line="365"
      col="39"
    >
    </testcase>
    <testcase
      name="CheckType &gt; any &gt; AsLoose &gt; AsSafe (default) &gt; AsUnified (default) &gt; should return boolean for never type"
      classname="https://jsr.io/@std/testing/1.0.17/_test_suite.ts"
      time="0.000"
      line="394"
      col="15"
    >
    </testcase>
    <testcase
      name="CheckType &gt; any &gt; AsLoose &gt; AsSafe (default) &gt; AsUnified (default) &gt; should return boolean for void type"
      classname="https://jsr.io/@std/testing/1.0.17/_test_suite.ts"
      time="0.000"
      line="394"
      col="15"
    >
    </testcase>
    <testcase
      name="CheckType &gt; any &gt; AsLoose &gt; AsSafe (default) &gt; AsUnified (default) &gt; should return true for unknown type"
      classname="https://jsr.io/@std/testing/1.0.17/_test_suite.ts"
      time="0.000"
      line="394"
      col="15"
    >
    </testcase>
    <testcase
      name="CheckType &gt; any &gt; AsLoose &gt; AsSafe (default) &gt; AsUnified (default) &gt; should return boolean for string type"
      classname="https://jsr.io/@std/testing/1.0.17/_test_suite.ts"
      time="0.000"
      line="394"
      col="15"
    >
    </testcase>
    <testcase
      name="CheckType &gt; any &gt; AsLoose &gt; AsSafe (default) &gt; AsDistributed"
      classname="https://jsr.io/@std/testing/1.0.17/_test_suite.ts"
      time="0.001"
      line="394"
      col="15"
    >
    </testcase>
    <testcase
      name="CheckType &gt; any &gt; AsLoose &gt; AsSafe (default) &gt; AsDistributed &gt; should return true for any type"
      classname="https://jsr.io/@std/testing/1.0.17/_test_suite.ts"
      time="0.000"
      line="394"
      col="15"
    >
    </testcase>
    <testcase
      name="CheckType &gt; any &gt; AsLoose &gt; AsSafe (default) &gt; AsDistributed &gt; should return boolean for never type"
      classname="https://jsr.io/@std/testing/1.0.17/_test_suite.ts"
      time="0.001"
      line="394"
      col="15"
    >
    </testcase>
    <testcase
      name="CheckType &gt; any &gt; AsLoose &gt; AsSafe (default) &gt; AsDistributed &gt; should return boolean for void type"
      classname="https://jsr.io/@std/testing/1.0.17/_test_suite.ts"
      time="0.000"
      line="394"
      col="15"
    >
    </testcase>
    <testcase
      name="CheckType &gt; any &gt; AsLoose &gt; AsSafe (default) &gt; AsDistributed &gt; should return true for unknown type"
      classname="https://jsr.io/@std/testing/1.0.17/_test_suite.ts"
      time="0.000"
      line="394"
      col="15"
    >
    </testcase>
    <testcase
      name="CheckType &gt; any &gt; AsLoose &gt; AsSafe (default) &gt; AsDistributed &gt; should return boolean for string type"
      classname="https://jsr.io/@std/testing/1.0.17/_test_suite.ts"
      time="0.000"
      line="394"
      col="15"
    >
    </testcase>
    <testcase
      name="CheckType &gt; any &gt; AsLoose &gt; AsUnsafe"
      classname="https://jsr.io/@std/testing/1.0.17/_test_suite.ts"
      time="0.004"
      line="394"
      col="15"
    >
    </testcase>
    <testcase
      name="CheckType &gt; any &gt; AsLoose &gt; AsUnsafe &gt; AsUnified (default)"
      classname="https://jsr.io/@std/testing/1.0.17/_test_suite.ts"
      time="0.001"
      line="394"
      col="15"
    >
    </testcase>
    <testcase
      name="CheckType &gt; any &gt; AsLoose &gt; AsUnsafe &gt; AsUnified (default) &gt; should return true for any type"
      classname="https://jsr.io/@std/testing/1.0.17/_test_suite.ts"
      time="0.000"
      line="365"
      col="39"
    >
    </testcase>
    <testcase
      name="CheckType &gt; any &gt; AsLoose &gt; AsUnsafe &gt; AsUnified (default) &gt; should return true for never type"
      classname="https://jsr.io/@std/testing/1.0.17/_test_suite.ts"
      time="0.000"
      line="394"
      col="15"
    >
    </testcase>
    <testcase
      name="CheckType &gt; any &gt; AsLoose &gt; AsUnsafe &gt; AsUnified (default) &gt; should return true for void type"
      classname="https://jsr.io/@std/testing/1.0.17/_test_suite.ts"
      time="0.000"
      line="394"
      col="15"
    >
    </testcase>
    <testcase
      name="CheckType &gt; any &gt; AsLoose &gt; AsUnsafe &gt; AsUnified (default) &gt; should return true for unknown type"
      classname="https://jsr.io/@std/testing/1.0.17/_test_suite.ts"
      time="0.000"
      line="394"
      col="15"
    >
    </testcase>
    <testcase
      name="CheckType &gt; any &gt; AsLoose &gt; AsUnsafe &gt; AsUnified (default) &gt; should return true for string type"
      classname="https://jsr.io/@std/testing/1.0.17/_test_suite.ts"
      time="0.000"
      line="394"
      col="15"
    >
    </testcase>
    <testcase
      name="CheckType &gt; any &gt; AsLoose &gt; AsUnsafe &gt; AsDistributed"
      classname="https://jsr.io/@std/testing/1.0.17/_test_suite.ts"
      time="0.001"
      line="394"
      col="15"
    >
    </testcase>
    <testcase
      name="CheckType &gt; any &gt; AsLoose &gt; AsUnsafe &gt; AsDistributed &gt; should return true for any type"
      classname="https://jsr.io/@std/testing/1.0.17/_test_suite.ts"
      time="0.000"
      line="394"
      col="15"
    >
    </testcase>
    <testcase
      name="CheckType &gt; any &gt; AsLoose &gt; AsUnsafe &gt; AsDistributed &gt; should return true for never type"
      classname="https://jsr.io/@std/testing/1.0.17/_test_suite.ts"
      time="0.001"
      line="394"
      col="15"
    >
    </testcase>
    <testcase
      name="CheckType &gt; any &gt; AsLoose &gt; AsUnsafe &gt; AsDistributed &gt; should return true for void type"
      classname="https://jsr.io/@std/testing/1.0.17/_test_suite.ts"
      time="0.000"
      line="394"
      col="15"
    >
    </testcase>
    <testcase
      name="CheckType &gt; any &gt; AsLoose &gt; AsUnsafe &gt; AsDistributed &gt; should return true for unknown type"
      classname="https://jsr.io/@std/testing/1.0.17/_test_suite.ts"
      time="0.000"
      line="394"
      col="15"
    >
    </testcase>
    <testcase
      name="CheckType &gt; any &gt; AsLoose &gt; AsUnsafe &gt; AsDistributed &gt; should return true for string type"
      classname="https://jsr.io/@std/testing/1.0.17/_test_suite.ts"
      time="0.000"
      line="394"
      col="15"
    >
    </testcase>
    <testcase
      name="CheckType &gt; unknown"
      classname="https://jsr.io/@std/testing/1.0.17/_test_suite.ts"
      time="0.026"
      line="394"
      col="15"
    >
    </testcase>
    <testcase
      name="CheckType &gt; unknown &gt; AsStrict (default)"
      classname="https://jsr.io/@std/testing/1.0.17/_test_suite.ts"
      time="0.010"
      line="394"
      col="15"
    >
    </testcase>
    <testcase
      name="CheckType &gt; unknown &gt; AsStrict (default) &gt; AsSafe (default)"
      classname="https://jsr.io/@std/testing/1.0.17/_test_suite.ts"
      time="0.004"
      line="365"
      col="39"
    >
    </testcase>
    <testcase
      name="CheckType &gt; unknown &gt; AsStrict (default) &gt; AsSafe (default) &gt; AsUnified (default)"
      classname="https://jsr.io/@std/testing/1.0.17/_test_suite.ts"
      time="0.002"
      line="365"
      col="39"
    >
    </testcase>
    <testcase
      name="CheckType &gt; unknown &gt; AsStrict (default) &gt; AsSafe (default) &gt; AsUnified (default) &gt; should return true for any type"
      classname="https://jsr.io/@std/testing/1.0.17/_test_suite.ts"
      time="0.001"
      line="365"
      col="39"
    >
    </testcase>
    <testcase
      name="CheckType &gt; unknown &gt; AsStrict (default) &gt; AsSafe (default) &gt; AsUnified (default) &gt; should return true for never type"
      classname="https://jsr.io/@std/testing/1.0.17/_test_suite.ts"
      time="0.000"
      line="394"
      col="15"
    >
    </testcase>
    <testcase
      name="CheckType &gt; unknown &gt; AsStrict (default) &gt; AsSafe (default) &gt; AsUnified (default) &gt; should return true for void type"
      classname="https://jsr.io/@std/testing/1.0.17/_test_suite.ts"
      time="0.000"
      line="394"
      col="15"
    >
    </testcase>
    <testcase
      name="CheckType &gt; unknown &gt; AsStrict (default) &gt; AsSafe (default) &gt; AsUnified (default) &gt; should return true for unknown type"
      classname="https://jsr.io/@std/testing/1.0.17/_test_suite.ts"
      time="0.000"
      line="394"
      col="15"
    >
    </testcase>
    <testcase
      name="CheckType &gt; unknown &gt; AsStrict (default) &gt; AsSafe (default) &gt; AsUnified (default) &gt; should return true for string type"
      classname="https://jsr.io/@std/testing/1.0.17/_test_suite.ts"
      time="0.000"
      line="394"
      col="15"
    >
    </testcase>
    <testcase
      name="CheckType &gt; unknown &gt; AsStrict (default) &gt; AsSafe (default) &gt; AsDistributed"
      classname="https://jsr.io/@std/testing/1.0.17/_test_suite.ts"
      time="0.001"
      line="394"
      col="15"
    >
    </testcase>
    <testcase
      name="CheckType &gt; unknown &gt; AsStrict (default) &gt; AsSafe (default) &gt; AsDistributed &gt; should return true for any type"
      classname="https://jsr.io/@std/testing/1.0.17/_test_suite.ts"
      time="0.000"
      line="394"
      col="15"
    >
    </testcase>
    <testcase
      name="CheckType &gt; unknown &gt; AsStrict (default) &gt; AsSafe (default) &gt; AsDistributed &gt; should return true for never type"
      classname="https://jsr.io/@std/testing/1.0.17/_test_suite.ts"
      time="0.001"
      line="394"
      col="15"
    >
    </testcase>
    <testcase
      name="CheckType &gt; unknown &gt; AsStrict (default) &gt; AsSafe (default) &gt; AsDistributed &gt; should return true for void type"
      classname="https://jsr.io/@std/testing/1.0.17/_test_suite.ts"
      time="0.000"
      line="394"
      col="15"
    >
    </testcase>
    <testcase
      name="CheckType &gt; unknown &gt; AsStrict (default) &gt; AsSafe (default) &gt; AsDistributed &gt; should return true for unknown type"
      classname="https://jsr.io/@std/testing/1.0.17/_test_suite.ts"
      time="0.000"
      line="394"
      col="15"
    >
    </testcase>
    <testcase
      name="CheckType &gt; unknown &gt; AsStrict (default) &gt; AsSafe (default) &gt; AsDistributed &gt; should return true for string type"
      classname="https://jsr.io/@std/testing/1.0.17/_test_suite.ts"
      time="0.000"
      line="394"
      col="15"
    >
    </testcase>
    <testcase
      name="CheckType &gt; unknown &gt; AsStrict (default) &gt; AsUnsafe"
      classname="https://jsr.io/@std/testing/1.0.17/_test_suite.ts"
      time="0.004"
      line="394"
      col="15"
    >
    </testcase>
    <testcase
      name="CheckType &gt; unknown &gt; AsStrict (default) &gt; AsUnsafe &gt; AsUnified (default)"
      classname="https://jsr.io/@std/testing/1.0.17/_test_suite.ts"
      time="0.001"
      line="394"
      col="15"
    >
    </testcase>
    <testcase
      name="CheckType &gt; unknown &gt; AsStrict (default) &gt; AsUnsafe &gt; AsUnified (default) &gt; should return true for any type"
      classname="https://jsr.io/@std/testing/1.0.17/_test_suite.ts"
      time="0.000"
      line="365"
      col="39"
    >
    </testcase>
    <testcase
      name="CheckType &gt; unknown &gt; AsStrict (default) &gt; AsUnsafe &gt; AsUnified (default) &gt; should return true for never type"
      classname="https://jsr.io/@std/testing/1.0.17/_test_suite.ts"
      time="0.000"
      line="394"
      col="15"
    >
    </testcase>
    <testcase
      name="CheckType &gt; unknown &gt; AsStrict (default) &gt; AsUnsafe &gt; AsUnified (default) &gt; should return true for void type"
      classname="https://jsr.io/@std/testing/1.0.17/_test_suite.ts"
      time="0.000"
      line="394"
      col="15"
    >
    </testcase>
    <testcase
      name="CheckType &gt; unknown &gt; AsStrict (default) &gt; AsUnsafe &gt; AsUnified (default) &gt; should return true for unknown type"
      classname="https://jsr.io/@std/testing/1.0.17/_test_suite.ts"
      time="0.000"
      line="394"
      col="15"
    >
    </testcase>
    <testcase
      name="CheckType &gt; unknown &gt; AsStrict (default) &gt; AsUnsafe &gt; AsUnified (default) &gt; should return true for string type"
      classname="https://jsr.io/@std/testing/1.0.17/_test_suite.ts"
      time="0.000"
      line="394"
      col="15"
    >
    </testcase>
    <testcase
      name="CheckType &gt; unknown &gt; AsStrict (default) &gt; AsUnsafe &gt; AsDistributed"
      classname="https://jsr.io/@std/testing/1.0.17/_test_suite.ts"
      time="0.002"
      line="394"
      col="15"
    >
    </testcase>
    <testcase
      name="CheckType &gt; unknown &gt; AsStrict (default) &gt; AsUnsafe &gt; AsDistributed &gt; should return true for any type"
      classname="https://jsr.io/@std/testing/1.0.17/_test_suite.ts"
      time="0.000"
      line="394"
      col="15"
    >
    </testcase>
    <testcase
      name="CheckType &gt; unknown &gt; AsStrict (default) &gt; AsUnsafe &gt; AsDistributed &gt; should return true for never type"
      classname="https://jsr.io/@std/testing/1.0.17/_test_suite.ts"
      time="0.000"
      line="394"
      col="15"
    >
    </testcase>
    <testcase
      name="CheckType &gt; unknown &gt; AsStrict (default) &gt; AsUnsafe &gt; AsDistributed &gt; should return true for void type"
      classname="https://jsr.io/@std/testing/1.0.17/_test_suite.ts"
      time="0.000"
      line="394"
      col="15"
    >
    </testcase>
    <testcase
      name="CheckType &gt; unknown &gt; AsStrict (default) &gt; AsUnsafe &gt; AsDistributed &gt; should return true for unknown type"
      classname="https://jsr.io/@std/testing/1.0.17/_test_suite.ts"
      time="0.000"
      line="394"
      col="15"
    >
    </testcase>
    <testcase
      name="CheckType &gt; unknown &gt; AsStrict (default) &gt; AsUnsafe &gt; AsDistributed &gt; should return true for string type"
      classname="https://jsr.io/@std/testing/1.0.17/_test_suite.ts"
      time="0.001"
      line="394"
      col="15"
    >
    </testcase>
    <testcase
      name="CheckType &gt; unknown &gt; AsLoose"
      classname="https://jsr.io/@std/testing/1.0.17/_test_suite.ts"
      time="0.010"
      line="394"
      col="15"
    >
    </testcase>
    <testcase
      name="CheckType &gt; unknown &gt; AsLoose &gt; AsSafe (default)"
      classname="https://jsr.io/@std/testing/1.0.17/_test_suite.ts"
      time="0.004"
      line="394"
      col="15"
    >
    </testcase>
    <testcase
      name="CheckType &gt; unknown &gt; AsLoose &gt; AsSafe (default) &gt; AsUnified (default)"
      classname="https://jsr.io/@std/testing/1.0.17/_test_suite.ts"
      time="0.001"
      line="365"
      col="39"
    >
    </testcase>
    <testcase
      name="CheckType &gt; unknown &gt; AsLoose &gt; AsSafe (default) &gt; AsUnified (default) &gt; should return true for any type"
      classname="https://jsr.io/@std/testing/1.0.17/_test_suite.ts"
      time="0.000"
      line="365"
      col="39"
    >
    </testcase>
    <testcase
      name="CheckType &gt; unknown &gt; AsLoose &gt; AsSafe (default) &gt; AsUnified (default) &gt; should return false for never type"
      classname="https://jsr.io/@std/testing/1.0.17/_test_suite.ts"
      time="0.000"
      line="394"
      col="15"
    >
    </testcase>
    <testcase
      name="CheckType &gt; unknown &gt; AsLoose &gt; AsSafe (default) &gt; AsUnified (default) &gt; should return false for void type"
      classname="https://jsr.io/@std/testing/1.0.17/_test_suite.ts"
      time="0.000"
      line="394"
      col="15"
    >
    </testcase>
    <testcase
      name="CheckType &gt; unknown &gt; AsLoose &gt; AsSafe (default) &gt; AsUnified (default) &gt; should return true for unknown type"
      classname="https://jsr.io/@std/testing/1.0.17/_test_suite.ts"
      time="0.000"
      line="394"
      col="15"
    >
    </testcase>
    <testcase
      name="CheckType &gt; unknown &gt; AsLoose &gt; AsSafe (default) &gt; AsUnified (default) &gt; should return false for string type"
      classname="https://jsr.io/@std/testing/1.0.17/_test_suite.ts"
      time="0.000"
      line="394"
      col="15"
    >
    </testcase>
    <testcase
      name="CheckType &gt; unknown &gt; AsLoose &gt; AsSafe (default) &gt; AsDistributed"
      classname="https://jsr.io/@std/testing/1.0.17/_test_suite.ts"
      time="0.002"
      line="394"
      col="15"
    >
    </testcase>
    <testcase
      name="CheckType &gt; unknown &gt; AsLoose &gt; AsSafe (default) &gt; AsDistributed &gt; should return true for any type"
      classname="https://jsr.io/@std/testing/1.0.17/_test_suite.ts"
      time="0.000"
      line="394"
      col="15"
    >
    </testcase>
    <testcase
      name="CheckType &gt; unknown &gt; AsLoose &gt; AsSafe (default) &gt; AsDistributed &gt; should return false for never type"
      classname="https://jsr.io/@std/testing/1.0.17/_test_suite.ts"
      time="0.000"
      line="394"
      col="15"
    >
    </testcase>
    <testcase
      name="CheckType &gt; unknown &gt; AsLoose &gt; AsSafe (default) &gt; AsDistributed &gt; should return false for void type"
      classname="https://jsr.io/@std/testing/1.0.17/_test_suite.ts"
      time="0.000"
      line="394"
      col="15"
    >
    </testcase>
    <testcase
      name="CheckType &gt; unknown &gt; AsLoose &gt; AsSafe (default) &gt; AsDistributed &gt; should return true for unknown type"
      classname="https://jsr.io/@std/testing/1.0.17/_test_suite.ts"
      time="0.000"
      line="394"
      col="15"
    >
    </testcase>
    <testcase
      name="CheckType &gt; unknown &gt; AsLoose &gt; AsSafe (default) &gt; AsDistributed &gt; should return false for string type"
      classname="https://jsr.io/@std/testing/1.0.17/_test_suite.ts"
      time="0.001"
      line="394"
      col="15"
    >
    </testcase>
    <testcase
      name="CheckType &gt; unknown &gt; AsLoose &gt; AsUnsafe"
      classname="https://jsr.io/@std/testing/1.0.17/_test_suite.ts"
      time="0.003"
      line="394"
      col="15"
    >
    </testcase>
    <testcase
      name="CheckType &gt; unknown &gt; AsLoose &gt; AsUnsafe &gt; AsUnified (default)"
      classname="https://jsr.io/@std/testing/1.0.17/_test_suite.ts"
      time="0.001"
      line="394"
      col="15"
    >
    </testcase>
    <testcase
      name="CheckType &gt; unknown &gt; AsLoose &gt; AsUnsafe &gt; AsUnified (default) &gt; should return true for any type"
      classname="https://jsr.io/@std/testing/1.0.17/_test_suite.ts"
      time="0.000"
      line="365"
      col="39"
    >
    </testcase>
    <testcase
      name="CheckType &gt; unknown &gt; AsLoose &gt; AsUnsafe &gt; AsUnified (default) &gt; should return false for never type"
      classname="https://jsr.io/@std/testing/1.0.17/_test_suite.ts"
      time="0.000"
      line="394"
      col="15"
    >
    </testcase>
    <testcase
      name="CheckType &gt; unknown &gt; AsLoose &gt; AsUnsafe &gt; AsUnified (default) &gt; should return false for void type"
      classname="https://jsr.io/@std/testing/1.0.17/_test_suite.ts"
      time="0.000"
      line="394"
      col="15"
    >
    </testcase>
    <testcase
      name="CheckType &gt; unknown &gt; AsLoose &gt; AsUnsafe &gt; AsUnified (default) &gt; should return true for unknown type"
      classname="https://jsr.io/@std/testing/1.0.17/_test_suite.ts"
      time="0.000"
      line="394"
      col="15"
    >
    </testcase>
    <testcase
      name="CheckType &gt; unknown &gt; AsLoose &gt; AsUnsafe &gt; AsUnified (default) &gt; should return true for string type"
      classname="https://jsr.io/@std/testing/1.0.17/_test_suite.ts"
      time="0.000"
      line="394"
      col="15"
    >
    </testcase>
    <testcase
      name="CheckType &gt; unknown &gt; AsLoose &gt; AsUnsafe &gt; AsDistributed"
      classname="https://jsr.io/@std/testing/1.0.17/_test_suite.ts"
      time="0.001"
      line="394"
      col="15"
    >
    </testcase>
    <testcase
      name="CheckType &gt; unknown &gt; AsLoose &gt; AsUnsafe &gt; AsDistributed &gt; should return true for any type"
      classname="https://jsr.io/@std/testing/1.0.17/_test_suite.ts"
      time="0.000"
      line="394"
      col="15"
    >
    </testcase>
    <testcase
      name="CheckType &gt; unknown &gt; AsLoose &gt; AsUnsafe &gt; AsDistributed &gt; should return true for never type"
      classname="https://jsr.io/@std/testing/1.0.17/_test_suite.ts"
      time="0.000"
      line="394"
      col="15"
    >
    </testcase>
    <testcase
      name="CheckType &gt; unknown &gt; AsLoose &gt; AsUnsafe &gt; AsDistributed &gt; should return true for void type"
      classname="https://jsr.io/@std/testing/1.0.17/_test_suite.ts"
      time="0.000"
      line="394"
      col="15"
    >
    </testcase>
    <testcase
      name="CheckType &gt; unknown &gt; AsLoose &gt; AsUnsafe &gt; AsDistributed &gt; should return true for unknown type"
      classname="https://jsr.io/@std/testing/1.0.17/_test_suite.ts"
      time="0.000"
      line="394"
      col="15"
    >
    </testcase>
    <testcase
      name="CheckType &gt; unknown &gt; AsLoose &gt; AsUnsafe &gt; AsDistributed &gt; should return true for string type"
      classname="https://jsr.io/@std/testing/1.0.17/_test_suite.ts"
      time="0.000"
      line="394"
      col="15"
    >
    </testcase>
    <testcase
      name="CheckType &gt; never"
      classname="https://jsr.io/@std/testing/1.0.17/_test_suite.ts"
      time="0.042"
      line="394"
      col="15"
    >
    </testcase>
    <testcase
      name="CheckType &gt; never &gt; AsStrict (default)"
      classname="https://jsr.io/@std/testing/1.0.17/_test_suite.ts"
      time="0.016"
      line="394"
      col="15"
    >
    </testcase>
    <testcase
      name="CheckType &gt; never &gt; AsStrict (default) &gt; AsSafe (default)"
      classname="https://jsr.io/@std/testing/1.0.17/_test_suite.ts"
      time="0.004"
      line="365"
      col="39"
    >
    </testcase>
    <testcase
      name="CheckType &gt; never &gt; AsStrict (default) &gt; AsSafe (default) &gt; AsUnified (default)"
      classname="https://jsr.io/@std/testing/1.0.17/_test_suite.ts"
      time="0.001"
      line="365"
      col="39"
    >
    </testcase>
    <testcase
      name="CheckType &gt; never &gt; AsStrict (default) &gt; AsSafe (default) &gt; AsUnified (default) &gt; should return false for any type"
      classname="https://jsr.io/@std/testing/1.0.17/_test_suite.ts"
      time="0.000"
      line="365"
      col="39"
    >
    </testcase>
    <testcase
      name="CheckType &gt; never &gt; AsStrict (default) &gt; AsSafe (default) &gt; AsUnified (default) &gt; should return true for never type"
      classname="https://jsr.io/@std/testing/1.0.17/_test_suite.ts"
      time="0.000"
      line="394"
      col="15"
    >
    </testcase>
    <testcase
      name="CheckType &gt; never &gt; AsStrict (default) &gt; AsSafe (default) &gt; AsUnified (default) &gt; should return false for void type"
      classname="https://jsr.io/@std/testing/1.0.17/_test_suite.ts"
      time="0.000"
      line="394"
      col="15"
    >
    </testcase>
    <testcase
      name="CheckType &gt; never &gt; AsStrict (default) &gt; AsSafe (default) &gt; AsUnified (default) &gt; should return false for unknown type"
      classname="https://jsr.io/@std/testing/1.0.17/_test_suite.ts"
      time="0.000"
      line="394"
      col="15"
    >
    </testcase>
    <testcase
      name="CheckType &gt; never &gt; AsStrict (default) &gt; AsSafe (default) &gt; AsUnified (default) &gt; should return false for string type"
      classname="https://jsr.io/@std/testing/1.0.17/_test_suite.ts"
      time="0.000"
      line="394"
      col="15"
    >
    </testcase>
    <testcase
      name="CheckType &gt; never &gt; AsStrict (default) &gt; AsSafe (default) &gt; AsDistributed"
      classname="https://jsr.io/@std/testing/1.0.17/_test_suite.ts"
      time="0.001"
      line="394"
      col="15"
    >
    </testcase>
    <testcase
      name="CheckType &gt; never &gt; AsStrict (default) &gt; AsSafe (default) &gt; AsDistributed &gt; should return true for any type"
      classname="https://jsr.io/@std/testing/1.0.17/_test_suite.ts"
      time="0.000"
      line="394"
      col="15"
    >
    </testcase>
    <testcase
      name="CheckType &gt; never &gt; AsStrict (default) &gt; AsSafe (default) &gt; AsDistributed &gt; should return true for never type"
      classname="https://jsr.io/@std/testing/1.0.17/_test_suite.ts"
      time="0.000"
      line="394"
      col="15"
    >
    </testcase>
    <testcase
      name="CheckType &gt; never &gt; AsStrict (default) &gt; AsSafe (default) &gt; AsDistributed &gt; should return false for void type"
      classname="https://jsr.io/@std/testing/1.0.17/_test_suite.ts"
      time="0.000"
      line="394"
      col="15"
    >
    </testcase>
    <testcase
      name="CheckType &gt; never &gt; AsStrict (default) &gt; AsSafe (default) &gt; AsDistributed &gt; should return false for unknown type"
      classname="https://jsr.io/@std/testing/1.0.17/_test_suite.ts"
      time="0.000"
      line="394"
      col="15"
    >
    </testcase>
    <testcase
      name="CheckType &gt; never &gt; AsStrict (default) &gt; AsSafe (default) &gt; AsDistributed &gt; should return false for string type"
      classname="https://jsr.io/@std/testing/1.0.17/_test_suite.ts"
      time="0.001"
      line="394"
      col="15"
    >
    </testcase>
    <testcase
      name="CheckType &gt; never &gt; AsStrict (default) &gt; AsUnsafe"
      classname="https://jsr.io/@std/testing/1.0.17/_test_suite.ts"
      time="0.010"
      line="394"
      col="15"
    >
    </testcase>
    <testcase
      name="CheckType &gt; never &gt; AsStrict (default) &gt; AsUnsafe &gt; AsUnified (default)"
      classname="https://jsr.io/@std/testing/1.0.17/_test_suite.ts"
      time="0.004"
      line="394"
      col="15"
    >
    </testcase>
    <testcase
      name="CheckType &gt; never &gt; AsStrict (default) &gt; AsUnsafe &gt; AsUnified (default) &gt; should return true for any type"
      classname="https://jsr.io/@std/testing/1.0.17/_test_suite.ts"
      time="0.000"
      line="365"
      col="39"
    >
    </testcase>
    <testcase
      name="CheckType &gt; never &gt; AsStrict (default) &gt; AsUnsafe &gt; AsUnified (default) &gt; should return true for never type"
      classname="https://jsr.io/@std/testing/1.0.17/_test_suite.ts"
      time="0.000"
      line="394"
      col="15"
    >
    </testcase>
    <testcase
      name="CheckType &gt; never &gt; AsStrict (default) &gt; AsUnsafe &gt; AsUnified (default) &gt; should return false for void type"
      classname="https://jsr.io/@std/testing/1.0.17/_test_suite.ts"
      time="0.000"
      line="394"
      col="15"
    >
    </testcase>
    <testcase
      name="CheckType &gt; never &gt; AsStrict (default) &gt; AsUnsafe &gt; AsUnified (default) &gt; should return false for unknown type"
      classname="https://jsr.io/@std/testing/1.0.17/_test_suite.ts"
      time="0.000"
      line="394"
      col="15"
    >
    </testcase>
    <testcase
      name="CheckType &gt; never &gt; AsStrict (default) &gt; AsUnsafe &gt; AsUnified (default) &gt; should return false for string type"
      classname="https://jsr.io/@std/testing/1.0.17/_test_suite.ts"
      time="0.000"
      line="394"
      col="15"
    >
    </testcase>
    <testcase
      name="CheckType &gt; never &gt; AsStrict (default) &gt; AsUnsafe &gt; AsDistributed"
      classname="https://jsr.io/@std/testing/1.0.17/_test_suite.ts"
      time="0.004"
      line="394"
      col="15"
    >
    </testcase>
    <testcase
      name="CheckType &gt; never &gt; AsStrict (default) &gt; AsUnsafe &gt; AsDistributed &gt; should return true for any type"
      classname="https://jsr.io/@std/testing/1.0.17/_test_suite.ts"
      time="0.000"
      line="394"
      col="15"
    >
    </testcase>
    <testcase
      name="CheckType &gt; never &gt; AsStrict (default) &gt; AsUnsafe &gt; AsDistributed &gt; should return true for never type"
      classname="https://jsr.io/@std/testing/1.0.17/_test_suite.ts"
      time="0.001"
      line="394"
      col="15"
    >
    </testcase>
    <testcase
      name="CheckType &gt; never &gt; AsStrict (default) &gt; AsUnsafe &gt; AsDistributed &gt; should return false for void type"
      classname="https://jsr.io/@std/testing/1.0.17/_test_suite.ts"
      time="0.000"
      line="394"
      col="15"
    >
    </testcase>
    <testcase
      name="CheckType &gt; never &gt; AsStrict (default) &gt; AsUnsafe &gt; AsDistributed &gt; should return false for unknown type"
      classname="https://jsr.io/@std/testing/1.0.17/_test_suite.ts"
      time="0.000"
      line="394"
      col="15"
    >
    </testcase>
    <testcase
      name="CheckType &gt; never &gt; AsStrict (default) &gt; AsUnsafe &gt; AsDistributed &gt; should return false for string type"
      classname="https://jsr.io/@std/testing/1.0.17/_test_suite.ts"
      time="0.000"
      line="394"
      col="15"
    >
    </testcase>
    <testcase
      name="CheckType &gt; never &gt; AsLoose"
      classname="https://jsr.io/@std/testing/1.0.17/_test_suite.ts"
      time="0.021"
      line="394"
      col="15"
    >
    </testcase>
    <testcase
      name="CheckType &gt; never &gt; AsLoose &gt; AsSafe (default)"
      classname="https://jsr.io/@std/testing/1.0.17/_test_suite.ts"
      time="0.005"
      line="394"
      col="15"
    >
    </testcase>
    <testcase
      name="CheckType &gt; never &gt; AsLoose &gt; AsSafe (default) &gt; AsUnified (default)"
      classname="https://jsr.io/@std/testing/1.0.17/_test_suite.ts"
      time="0.001"
      line="365"
      col="39"
    >
    </testcase>
    <testcase
      name="CheckType &gt; never &gt; AsLoose &gt; AsSafe (default) &gt; AsUnified (default) &gt; should return true for any type"
      classname="https://jsr.io/@std/testing/1.0.17/_test_suite.ts"
      time="0.000"
      line="365"
      col="39"
    >
    </testcase>
    <testcase
      name="CheckType &gt; never &gt; AsLoose &gt; AsSafe (default) &gt; AsUnified (default) &gt; should return true for never type"
      classname="https://jsr.io/@std/testing/1.0.17/_test_suite.ts"
      time="0.000"
      line="394"
      col="15"
    >
    </testcase>
    <testcase
      name="CheckType &gt; never &gt; AsLoose &gt; AsSafe (default) &gt; AsUnified (default) &gt; should return true for void type"
      classname="https://jsr.io/@std/testing/1.0.17/_test_suite.ts"
      time="0.000"
      line="394"
      col="15"
    >
    </testcase>
    <testcase
      name="CheckType &gt; never &gt; AsLoose &gt; AsSafe (default) &gt; AsUnified (default) &gt; should return true for unknown type"
      classname="https://jsr.io/@std/testing/1.0.17/_test_suite.ts"
      time="0.000"
      line="394"
      col="15"
    >
    </testcase>
    <testcase
      name="CheckType &gt; never &gt; AsLoose &gt; AsSafe (default) &gt; AsUnified (default) &gt; should return true for string type"
      classname="https://jsr.io/@std/testing/1.0.17/_test_suite.ts"
      time="0.000"
      line="394"
      col="15"
    >
    </testcase>
    <testcase
      name="CheckType &gt; never &gt; AsLoose &gt; AsSafe (default) &gt; AsDistributed"
      classname="https://jsr.io/@std/testing/1.0.17/_test_suite.ts"
      time="0.002"
      line="394"
      col="15"
    >
    </testcase>
    <testcase
      name="CheckType &gt; never &gt; AsLoose &gt; AsSafe (default) &gt; AsDistributed &gt; should return true for any type"
      classname="https://jsr.io/@std/testing/1.0.17/_test_suite.ts"
      time="0.000"
      line="394"
      col="15"
    >
    </testcase>
    <testcase
      name="CheckType &gt; never &gt; AsLoose &gt; AsSafe (default) &gt; AsDistributed &gt; should return true for never type"
      classname="https://jsr.io/@std/testing/1.0.17/_test_suite.ts"
      time="0.000"
      line="394"
      col="15"
    >
    </testcase>
    <testcase
      name="CheckType &gt; never &gt; AsLoose &gt; AsSafe (default) &gt; AsDistributed &gt; should return true for void type"
      classname="https://jsr.io/@std/testing/1.0.17/_test_suite.ts"
      time="0.000"
      line="394"
      col="15"
    >
    </testcase>
    <testcase
      name="CheckType &gt; never &gt; AsLoose &gt; AsSafe (default) &gt; AsDistributed &gt; should return true for unknown type"
      classname="https://jsr.io/@std/testing/1.0.17/_test_suite.ts"
      time="0.000"
      line="394"
      col="15"
    >
    </testcase>
    <testcase
      name="CheckType &gt; never &gt; AsLoose &gt; AsSafe (default) &gt; AsDistributed &gt; should return true for string type"
      classname="https://jsr.io/@std/testing/1.0.17/_test_suite.ts"
      time="0.000"
      line="394"
      col="15"
    >
    </testcase>
    <testcase
      name="CheckType &gt; never &gt; AsLoose &gt; AsUnsafe"
      classname="https://jsr.io/@std/testing/1.0.17/_test_suite.ts"
      time="0.008"
      line="394"
      col="15"
    >
    </testcase>
    <testcase
      name="CheckType &gt; never &gt; AsLoose &gt; AsUnsafe &gt; AsUnified (default)"
      classname="https://jsr.io/@std/testing/1.0.17/_test_suite.ts"
      time="0.005"
      line="394"
      col="15"
    >
    </testcase>
    <testcase
      name="CheckType &gt; never &gt; AsLoose &gt; AsUnsafe &gt; AsUnified (default) &gt; should return true for any type"
      classname="https://jsr.io/@std/testing/1.0.17/_test_suite.ts"
      time="0.001"
      line="365"
      col="39"
    >
    </testcase>
    <testcase
      name="CheckType &gt; never &gt; AsLoose &gt; AsUnsafe &gt; AsUnified (default) &gt; should return true for never type"
      classname="https://jsr.io/@std/testing/1.0.17/_test_suite.ts"
      time="0.000"
      line="394"
      col="15"
    >
    </testcase>
    <testcase
      name="CheckType &gt; never &gt; AsLoose &gt; AsUnsafe &gt; AsUnified (default) &gt; should return false for void type"
      classname="https://jsr.io/@std/testing/1.0.17/_test_suite.ts"
      time="0.000"
      line="394"
      col="15"
    >
    </testcase>
    <testcase
      name="CheckType &gt; never &gt; AsLoose &gt; AsUnsafe &gt; AsUnified (default) &gt; should return true for unknown type"
      classname="https://jsr.io/@std/testing/1.0.17/_test_suite.ts"
      time="0.000"
      line="394"
      col="15"
    >
    </testcase>
    <testcase
      name="CheckType &gt; never &gt; AsLoose &gt; AsUnsafe &gt; AsUnified (default) &gt; should return true for string type"
      classname="https://jsr.io/@std/testing/1.0.17/_test_suite.ts"
      time="0.000"
      line="394"
      col="15"
    >
    </testcase>
    <testcase
      name="CheckType &gt; never &gt; AsLoose &gt; AsUnsafe &gt; AsDistributed"
      classname="https://jsr.io/@std/testing/1.0.17/_test_suite.ts"
      time="0.002"
      line="394"
      col="15"
    >
    </testcase>
    <testcase
      name="CheckType &gt; never &gt; AsLoose &gt; AsUnsafe &gt; AsDistributed &gt; should return true for any type"
      classname="https://jsr.io/@std/testing/1.0.17/_test_suite.ts"
      time="0.000"
      line="394"
      col="15"
    >
    </testcase>
    <testcase
      name="CheckType &gt; never &gt; AsLoose &gt; AsUnsafe &gt; AsDistributed &gt; should return true for never type"
      classname="https://jsr.io/@std/testing/1.0.17/_test_suite.ts"
      time="0.000"
      line="394"
      col="15"
    >
    </testcase>
    <testcase
      name="CheckType &gt; never &gt; AsLoose &gt; AsUnsafe &gt; AsDistributed &gt; should return true for void type"
      classname="https://jsr.io/@std/testing/1.0.17/_test_suite.ts"
      time="0.000"
      line="394"
      col="15"
    >
    </testcase>
    <testcase
      name="CheckType &gt; never &gt; AsLoose &gt; AsUnsafe &gt; AsDistributed &gt; should return true for unknown type"
      classname="https://jsr.io/@std/testing/1.0.17/_test_suite.ts"
      time="0.000"
      line="394"
      col="15"
    >
    </testcase>
    <testcase
      name="CheckType &gt; never &gt; AsLoose &gt; AsUnsafe &gt; AsDistributed &gt; should return true for string type"
      classname="https://jsr.io/@std/testing/1.0.17/_test_suite.ts"
      time="0.000"
      line="394"
      col="15"
    >
    </testcase>
    <testcase
      name="CheckType &gt; void"
      classname="https://jsr.io/@std/testing/1.0.17/_test_suite.ts"
      time="0.030"
      line="394"
      col="15"
    >
    </testcase>
    <testcase
      name="CheckType &gt; void &gt; AsStrict (default)"
      classname="https://jsr.io/@std/testing/1.0.17/_test_suite.ts"
      time="0.012"
      line="394"
      col="15"
    >
    </testcase>
    <testcase
      name="CheckType &gt; void &gt; AsStrict (default) &gt; AsSafe (default)"
      classname="https://jsr.io/@std/testing/1.0.17/_test_suite.ts"
      time="0.006"
      line="365"
      col="39"
    >
    </testcase>
    <testcase
      name="CheckType &gt; void &gt; AsStrict (default) &gt; AsSafe (default) &gt; AsUnified (default)"
      classname="https://jsr.io/@std/testing/1.0.17/_test_suite.ts"
      time="0.002"
      line="365"
      col="39"
    >
    </testcase>
    <testcase
      name="CheckType &gt; void &gt; AsStrict (default) &gt; AsSafe (default) &gt; AsUnified (default) &gt; should return true for any type"
      classname="https://jsr.io/@std/testing/1.0.17/_test_suite.ts"
      time="0.000"
      line="365"
      col="39"
    >
    </testcase>
    <testcase
      name="CheckType &gt; void &gt; AsStrict (default) &gt; AsSafe (default) &gt; AsUnified (default) &gt; should return true for never type"
      classname="https://jsr.io/@std/testing/1.0.17/_test_suite.ts"
      time="0.000"
      line="394"
      col="15"
    >
    </testcase>
    <testcase
      name="CheckType &gt; void &gt; AsStrict (default) &gt; AsSafe (default) &gt; AsUnified (default) &gt; should return true for void type"
      classname="https://jsr.io/@std/testing/1.0.17/_test_suite.ts"
      time="0.000"
      line="394"
      col="15"
    >
    </testcase>
    <testcase
      name="CheckType &gt; void &gt; AsStrict (default) &gt; AsSafe (default) &gt; AsUnified (default) &gt; should return false for unknown type"
      classname="https://jsr.io/@std/testing/1.0.17/_test_suite.ts"
      time="0.000"
      line="394"
      col="15"
    >
    </testcase>
    <testcase
      name="CheckType &gt; void &gt; AsStrict (default) &gt; AsSafe (default) &gt; AsUnified (default) &gt; should return false for string type"
      classname="https://jsr.io/@std/testing/1.0.17/_test_suite.ts"
      time="0.000"
      line="394"
      col="15"
    >
    </testcase>
    <testcase
      name="CheckType &gt; void &gt; AsStrict (default) &gt; AsSafe (default) &gt; AsDistributed"
      classname="https://jsr.io/@std/testing/1.0.17/_test_suite.ts"
      time="0.002"
      line="394"
      col="15"
    >
    </testcase>
    <testcase
      name="CheckType &gt; void &gt; AsStrict (default) &gt; AsSafe (default) &gt; AsDistributed &gt; should return true for any type"
      classname="https://jsr.io/@std/testing/1.0.17/_test_suite.ts"
      time="0.000"
      line="394"
      col="15"
    >
    </testcase>
    <testcase
      name="CheckType &gt; void &gt; AsStrict (default) &gt; AsSafe (default) &gt; AsDistributed &gt; should return true for never type"
      classname="https://jsr.io/@std/testing/1.0.17/_test_suite.ts"
      time="0.000"
      line="394"
      col="15"
    >
    </testcase>
    <testcase
      name="CheckType &gt; void &gt; AsStrict (default) &gt; AsSafe (default) &gt; AsDistributed &gt; should return true for void type"
      classname="https://jsr.io/@std/testing/1.0.17/_test_suite.ts"
      time="0.000"
      line="394"
      col="15"
    >
    </testcase>
    <testcase
      name="CheckType &gt; void &gt; AsStrict (default) &gt; AsSafe (default) &gt; AsDistributed &gt; should return false for unknown type"
      classname="https://jsr.io/@std/testing/1.0.17/_test_suite.ts"
      time="0.000"
      line="394"
      col="15"
    >
    </testcase>
    <testcase
      name="CheckType &gt; void &gt; AsStrict (default) &gt; AsSafe (default) &gt; AsDistributed &gt; should return false for string type"
      classname="https://jsr.io/@std/testing/1.0.17/_test_suite.ts"
      time="0.000"
      line="394"
      col="15"
    >
    </testcase>
    <testcase
      name="CheckType &gt; void &gt; AsStrict (default) &gt; AsUnsafe"
      classname="https://jsr.io/@std/testing/1.0.17/_test_suite.ts"
      time="0.005"
      line="394"
      col="15"
    >
    </testcase>
    <testcase
      name="CheckType &gt; void &gt; AsStrict (default) &gt; AsUnsafe &gt; AsUnified (default)"
      classname="https://jsr.io/@std/testing/1.0.17/_test_suite.ts"
      time="0.001"
      line="394"
      col="15"
    >
    </testcase>
    <testcase
      name="CheckType &gt; void &gt; AsStrict (default) &gt; AsUnsafe &gt; AsUnified (default) &gt; should return true for any type"
      classname="https://jsr.io/@std/testing/1.0.17/_test_suite.ts"
      time="0.000"
      line="365"
      col="39"
    >
    </testcase>
    <testcase
      name="CheckType &gt; void &gt; AsStrict (default) &gt; AsUnsafe &gt; AsUnified (default) &gt; should return true for never type"
      classname="https://jsr.io/@std/testing/1.0.17/_test_suite.ts"
      time="0.000"
      line="394"
      col="15"
    >
    </testcase>
    <testcase
      name="CheckType &gt; void &gt; AsStrict (default) &gt; AsUnsafe &gt; AsUnified (default) &gt; should return true for void type"
      classname="https://jsr.io/@std/testing/1.0.17/_test_suite.ts"
      time="0.000"
      line="394"
      col="15"
    >
    </testcase>
    <testcase
      name="CheckType &gt; void &gt; AsStrict (default) &gt; AsUnsafe &gt; AsUnified (default) &gt; should return false for unknown type"
      classname="https://jsr.io/@std/testing/1.0.17/_test_suite.ts"
      time="0.000"
      line="394"
      col="15"
    >
    </testcase>
    <testcase
      name="CheckType &gt; void &gt; AsStrict (default) &gt; AsUnsafe &gt; AsUnified (default) &gt; should return false for string type"
      classname="https://jsr.io/@std/testing/1.0.17/_test_suite.ts"
      time="0.000"
      line="394"
      col="15"
    >
    </testcase>
    <testcase
      name="CheckType &gt; void &gt; AsStrict (default) &gt; AsUnsafe &gt; AsDistributed"
      classname="https://jsr.io/@std/testing/1.0.17/_test_suite.ts"
      time="0.001"
      line="394"
      col="15"
    >
    </testcase>
    <testcase
      name="CheckType &gt; void &gt; AsStrict (default) &gt; AsUnsafe &gt; AsDistributed &gt; should return true for any type"
      classname="https://jsr.io/@std/testing/1.0.17/_test_suite.ts"
      time="0.000"
      line="394"
      col="15"
    >
    </testcase>
    <testcase
      name="CheckType &gt; void &gt; AsStrict (default) &gt; AsUnsafe &gt; AsDistributed &gt; should return true for never type"
      classname="https://jsr.io/@std/testing/1.0.17/_test_suite.ts"
      time="0.000"
      line="394"
      col="15"
    >
    </testcase>
    <testcase
      name="CheckType &gt; void &gt; AsStrict (default) &gt; AsUnsafe &gt; AsDistributed &gt; should return true for void type"
      classname="https://jsr.io/@std/testing/1.0.17/_test_suite.ts"
      time="0.000"
      line="394"
      col="15"
    >
    </testcase>
    <testcase
      name="CheckType &gt; void &gt; AsStrict (default) &gt; AsUnsafe &gt; AsDistributed &gt; should return false for unknown type"
      classname="https://jsr.io/@std/testing/1.0.17/_test_suite.ts"
      time="0.000"
      line="394"
      col="15"
    >
    </testcase>
    <testcase
      name="CheckType &gt; void &gt; AsStrict (default) &gt; AsUnsafe &gt; AsDistributed &gt; should return false for string type"
      classname="https://jsr.io/@std/testing/1.0.17/_test_suite.ts"
      time="0.000"
      line="394"
      col="15"
    >
    </testcase>
    <testcase
      name="CheckType &gt; void &gt; AsLoose"
      classname="https://jsr.io/@std/testing/1.0.17/_test_suite.ts"
      time="0.013"
      line="394"
      col="15"
    >
    </testcase>
    <testcase
      name="CheckType &gt; void &gt; AsLoose &gt; AsSafe (default)"
      classname="https://jsr.io/@std/testing/1.0.17/_test_suite.ts"
      time="0.005"
      line="394"
      col="15"
    >
    </testcase>
    <testcase
      name="CheckType &gt; void &gt; AsLoose &gt; AsSafe (default) &gt; AsUnified (default)"
      classname="https://jsr.io/@std/testing/1.0.17/_test_suite.ts"
      time="0.002"
      line="365"
      col="39"
    >
    </testcase>
    <testcase
      name="CheckType &gt; void &gt; AsLoose &gt; AsSafe (default) &gt; AsUnified (default) &gt; should return true for any type"
      classname="https://jsr.io/@std/testing/1.0.17/_test_suite.ts"
      time="0.000"
      line="365"
      col="39"
    >
    </testcase>
    <testcase
      name="CheckType &gt; void &gt; AsLoose &gt; AsSafe (default) &gt; AsUnified (default) &gt; should return false for never type"
      classname="https://jsr.io/@std/testing/1.0.17/_test_suite.ts"
      time="0.000"
      line="394"
      col="15"
    >
    </testcase>
    <testcase
      name="CheckType &gt; void &gt; AsLoose &gt; AsSafe (default) &gt; AsUnified (default) &gt; should return true for void type"
      classname="https://jsr.io/@std/testing/1.0.17/_test_suite.ts"
      time="0.001"
      line="394"
      col="15"
    >
    </testcase>
    <testcase
      name="CheckType &gt; void &gt; AsLoose &gt; AsSafe (default) &gt; AsUnified (default) &gt; should return true for unknown type"
      classname="https://jsr.io/@std/testing/1.0.17/_test_suite.ts"
      time="0.000"
      line="394"
      col="15"
    >
    </testcase>
    <testcase
      name="CheckType &gt; void &gt; AsLoose &gt; AsSafe (default) &gt; AsUnified (default) &gt; should return false for string type"
      classname="https://jsr.io/@std/testing/1.0.17/_test_suite.ts"
      time="0.000"
      line="394"
      col="15"
    >
    </testcase>
    <testcase
      name="CheckType &gt; void &gt; AsLoose &gt; AsSafe (default) &gt; AsDistributed"
      classname="https://jsr.io/@std/testing/1.0.17/_test_suite.ts"
      time="0.002"
      line="394"
      col="15"
    >
    </testcase>
    <testcase
      name="CheckType &gt; void &gt; AsLoose &gt; AsSafe (default) &gt; AsDistributed &gt; should return true for any type"
      classname="https://jsr.io/@std/testing/1.0.17/_test_suite.ts"
      time="0.000"
      line="394"
      col="15"
    >
    </testcase>
    <testcase
      name="CheckType &gt; void &gt; AsLoose &gt; AsSafe (default) &gt; AsDistributed &gt; should return false for never type"
      classname="https://jsr.io/@std/testing/1.0.17/_test_suite.ts"
      time="0.000"
      line="394"
      col="15"
    >
    </testcase>
    <testcase
      name="CheckType &gt; void &gt; AsLoose &gt; AsSafe (default) &gt; AsDistributed &gt; should return true for void type"
      classname="https://jsr.io/@std/testing/1.0.17/_test_suite.ts"
      time="0.000"
      line="394"
      col="15"
    >
    </testcase>
    <testcase
      name="CheckType &gt; void &gt; AsLoose &gt; AsSafe (default) &gt; AsDistributed &gt; should return true for unknown type"
      classname="https://jsr.io/@std/testing/1.0.17/_test_suite.ts"
      time="0.000"
      line="394"
      col="15"
    >
    </testcase>
    <testcase
      name="CheckType &gt; void &gt; AsLoose &gt; AsSafe (default) &gt; AsDistributed &gt; should return false for string type"
      classname="https://jsr.io/@std/testing/1.0.17/_test_suite.ts"
      time="0.000"
      line="394"
      col="15"
    >
    </testcase>
    <testcase
      name="CheckType &gt; void &gt; AsLoose &gt; AsUnsafe"
      classname="https://jsr.io/@std/testing/1.0.17/_test_suite.ts"
      time="0.004"
      line="394"
      col="15"
    >
    </testcase>
    <testcase
      name="CheckType &gt; void &gt; AsLoose &gt; AsUnsafe &gt; AsUnified (default)"
      classname="https://jsr.io/@std/testing/1.0.17/_test_suite.ts"
      time="0.001"
      line="394"
      col="15"
    >
    </testcase>
    <testcase
      name="CheckType &gt; void &gt; AsLoose &gt; AsUnsafe &gt; AsUnified (default) &gt; should return true for any type"
      classname="https://jsr.io/@std/testing/1.0.17/_test_suite.ts"
      time="0.000"
      line="365"
      col="39"
    >
    </testcase>
    <testcase
      name="CheckType &gt; void &gt; AsLoose &gt; AsUnsafe &gt; AsUnified (default) &gt; should return false for never type"
      classname="https://jsr.io/@std/testing/1.0.17/_test_suite.ts"
      time="0.000"
      line="394"
      col="15"
    >
    </testcase>
    <testcase
      name="CheckType &gt; void &gt; AsLoose &gt; AsUnsafe &gt; AsUnified (default) &gt; should return true for void type"
      classname="https://jsr.io/@std/testing/1.0.17/_test_suite.ts"
      time="0.000"
      line="394"
      col="15"
    >
    </testcase>
    <testcase
      name="CheckType &gt; void &gt; AsLoose &gt; AsUnsafe &gt; AsUnified (default) &gt; should return true for unknown type"
      classname="https://jsr.io/@std/testing/1.0.17/_test_suite.ts"
      time="0.000"
      line="394"
      col="15"
    >
    </testcase>
    <testcase
      name="CheckType &gt; void &gt; AsLoose &gt; AsUnsafe &gt; AsUnified (default) &gt; should return true for string type"
      classname="https://jsr.io/@std/testing/1.0.17/_test_suite.ts"
      time="0.000"
      line="394"
      col="15"
    >
    </testcase>
    <testcase
      name="CheckType &gt; void &gt; AsLoose &gt; AsUnsafe &gt; AsDistributed"
      classname="https://jsr.io/@std/testing/1.0.17/_test_suite.ts"
      time="0.001"
      line="394"
      col="15"
    >
    </testcase>
    <testcase
      name="CheckType &gt; void &gt; AsLoose &gt; AsUnsafe &gt; AsDistributed &gt; should return true for any type"
      classname="https://jsr.io/@std/testing/1.0.17/_test_suite.ts"
      time="0.000"
      line="394"
      col="15"
    >
    </testcase>
    <testcase
      name="CheckType &gt; void &gt; AsLoose &gt; AsUnsafe &gt; AsDistributed &gt; should return true for never type"
      classname="https://jsr.io/@std/testing/1.0.17/_test_suite.ts"
      time="0.000"
      line="394"
      col="15"
    >
    </testcase>
    <testcase
      name="CheckType &gt; void &gt; AsLoose &gt; AsUnsafe &gt; AsDistributed &gt; should return true for void type"
      classname="https://jsr.io/@std/testing/1.0.17/_test_suite.ts"
      time="0.000"
      line="394"
      col="15"
    >
    </testcase>
    <testcase
      name="CheckType &gt; void &gt; AsLoose &gt; AsUnsafe &gt; AsDistributed &gt; should return true for unknown type"
      classname="https://jsr.io/@std/testing/1.0.17/_test_suite.ts"
      time="0.000"
      line="394"
      col="15"
    >
    </testcase>
    <testcase
      name="CheckType &gt; void &gt; AsLoose &gt; AsUnsafe &gt; AsDistributed &gt; should return true for string type"
      classname="https://jsr.io/@std/testing/1.0.17/_test_suite.ts"
      time="0.000"
      line="394"
      col="15"
    >
    </testcase>
    <testcase
      name="CheckType &gt; string"
      classname="https://jsr.io/@std/testing/1.0.17/_test_suite.ts"
      time="0.038"
      line="394"
      col="15"
    >
    </testcase>
    <testcase
      name="CheckType &gt; string &gt; AsStrict (default)"
      classname="https://jsr.io/@std/testing/1.0.17/_test_suite.ts"
      time="0.016"
      line="394"
      col="15"
    >
    </testcase>
    <testcase
      name="CheckType &gt; string &gt; AsStrict (default) &gt; AsSafe (default)"
      classname="https://jsr.io/@std/testing/1.0.17/_test_suite.ts"
      time="0.006"
      line="365"
      col="39"
    >
    </testcase>
    <testcase
      name="CheckType &gt; string &gt; AsStrict (default) &gt; AsSafe (default) &gt; AsUnified (default)"
      classname="https://jsr.io/@std/testing/1.0.17/_test_suite.ts"
      time="0.003"
      line="365"
      col="39"
    >
    </testcase>
    <testcase
      name="CheckType &gt; string &gt; AsStrict (default) &gt; AsSafe (default) &gt; AsUnified (default) &gt; should return true for any type"
      classname="https://jsr.io/@std/testing/1.0.17/_test_suite.ts"
      time="0.000"
      line="365"
      col="39"
    >
    </testcase>
    <testcase
      name="CheckType &gt; string &gt; AsStrict (default) &gt; AsSafe (default) &gt; AsUnified (default) &gt; should return true for never type"
      classname="https://jsr.io/@std/testing/1.0.17/_test_suite.ts"
      time="0.000"
      line="394"
      col="15"
    >
    </testcase>
    <testcase
      name="CheckType &gt; string &gt; AsStrict (default) &gt; AsSafe (default) &gt; AsUnified (default) &gt; should return false for void type"
      classname="https://jsr.io/@std/testing/1.0.17/_test_suite.ts"
      time="0.000"
      line="394"
      col="15"
    >
    </testcase>
    <testcase
      name="CheckType &gt; string &gt; AsStrict (default) &gt; AsSafe (default) &gt; AsUnified (default) &gt; should return false for unknown type"
      classname="https://jsr.io/@std/testing/1.0.17/_test_suite.ts"
      time="0.000"
      line="394"
      col="15"
    >
    </testcase>
    <testcase
      name="CheckType &gt; string &gt; AsStrict (default) &gt; AsSafe (default) &gt; AsUnified (default) &gt; should return true for string type"
      classname="https://jsr.io/@std/testing/1.0.17/_test_suite.ts"
      time="0.000"
      line="394"
      col="15"
    >
    </testcase>
    <testcase
      name="CheckType &gt; string &gt; AsStrict (default) &gt; AsSafe (default) &gt; AsDistributed"
      classname="https://jsr.io/@std/testing/1.0.17/_test_suite.ts"
      time="0.002"
      line="394"
      col="15"
    >
    </testcase>
    <testcase
      name="CheckType &gt; string &gt; AsStrict (default) &gt; AsSafe (default) &gt; AsDistributed &gt; should return true for any type"
      classname="https://jsr.io/@std/testing/1.0.17/_test_suite.ts"
      time="0.000"
      line="394"
      col="15"
    >
    </testcase>
    <testcase
      name="CheckType &gt; string &gt; AsStrict (default) &gt; AsSafe (default) &gt; AsDistributed &gt; should return true for never type"
      classname="https://jsr.io/@std/testing/1.0.17/_test_suite.ts"
      time="0.000"
      line="394"
      col="15"
    >
    </testcase>
    <testcase
      name="CheckType &gt; string &gt; AsStrict (default) &gt; AsSafe (default) &gt; AsDistributed &gt; should return false for void type"
      classname="https://jsr.io/@std/testing/1.0.17/_test_suite.ts"
      time="0.000"
      line="394"
      col="15"
    >
    </testcase>
    <testcase
      name="CheckType &gt; string &gt; AsStrict (default) &gt; AsSafe (default) &gt; AsDistributed &gt; should return false for unknown type"
      classname="https://jsr.io/@std/testing/1.0.17/_test_suite.ts"
      time="0.001"
      line="394"
      col="15"
    >
    </testcase>
    <testcase
      name="CheckType &gt; string &gt; AsStrict (default) &gt; AsSafe (default) &gt; AsDistributed &gt; should return true for string type"
      classname="https://jsr.io/@std/testing/1.0.17/_test_suite.ts"
      time="0.000"
      line="394"
      col="15"
    >
    </testcase>
    <testcase
      name="CheckType &gt; string &gt; AsStrict (default) &gt; AsUnsafe"
      classname="https://jsr.io/@std/testing/1.0.17/_test_suite.ts"
      time="0.007"
      line="394"
      col="15"
    >
    </testcase>
    <testcase
      name="CheckType &gt; string &gt; AsStrict (default) &gt; AsUnsafe &gt; AsUnified (default)"
      classname="https://jsr.io/@std/testing/1.0.17/_test_suite.ts"
      time="0.003"
      line="394"
      col="15"
    >
    </testcase>
    <testcase
      name="CheckType &gt; string &gt; AsStrict (default) &gt; AsUnsafe &gt; AsUnified (default) &gt; should return true for any type"
      classname="https://jsr.io/@std/testing/1.0.17/_test_suite.ts"
      time="0.000"
      line="365"
      col="39"
    >
    </testcase>
    <testcase
      name="CheckType &gt; string &gt; AsStrict (default) &gt; AsUnsafe &gt; AsUnified (default) &gt; should return true for never type"
      classname="https://jsr.io/@std/testing/1.0.17/_test_suite.ts"
      time="0.000"
      line="394"
      col="15"
    >
    </testcase>
    <testcase
      name="CheckType &gt; string &gt; AsStrict (default) &gt; AsUnsafe &gt; AsUnified (default) &gt; should return false for void type"
      classname="https://jsr.io/@std/testing/1.0.17/_test_suite.ts"
      time="0.001"
      line="394"
      col="15"
    >
    </testcase>
    <testcase
      name="CheckType &gt; string &gt; AsStrict (default) &gt; AsUnsafe &gt; AsUnified (default) &gt; should return false for unknown type"
      classname="https://jsr.io/@std/testing/1.0.17/_test_suite.ts"
      time="0.000"
      line="394"
      col="15"
    >
    </testcase>
    <testcase
      name="CheckType &gt; string &gt; AsStrict (default) &gt; AsUnsafe &gt; AsUnified (default) &gt; should return true for string type"
      classname="https://jsr.io/@std/testing/1.0.17/_test_suite.ts"
      time="0.000"
      line="394"
      col="15"
    >
    </testcase>
    <testcase
      name="CheckType &gt; string &gt; AsStrict (default) &gt; AsUnsafe &gt; AsDistributed"
      classname="https://jsr.io/@std/testing/1.0.17/_test_suite.ts"
      time="0.003"
      line="394"
      col="15"
    >
    </testcase>
    <testcase
      name="CheckType &gt; string &gt; AsStrict (default) &gt; AsUnsafe &gt; AsDistributed &gt; should return true for any type"
      classname="https://jsr.io/@std/testing/1.0.17/_test_suite.ts"
      time="0.000"
      line="394"
      col="15"
    >
    </testcase>
    <testcase
      name="CheckType &gt; string &gt; AsStrict (default) &gt; AsUnsafe &gt; AsDistributed &gt; should return true for never type"
      classname="https://jsr.io/@std/testing/1.0.17/_test_suite.ts"
      time="0.000"
      line="394"
      col="15"
    >
    </testcase>
    <testcase
      name="CheckType &gt; string &gt; AsStrict (default) &gt; AsUnsafe &gt; AsDistributed &gt; should return false for void type"
      classname="https://jsr.io/@std/testing/1.0.17/_test_suite.ts"
      time="0.000"
      line="394"
      col="15"
    >
    </testcase>
    <testcase
      name="CheckType &gt; string &gt; AsStrict (default) &gt; AsUnsafe &gt; AsDistributed &gt; should return false for unknown type"
      classname="https://jsr.io/@std/testing/1.0.17/_test_suite.ts"
      time="0.000"
      line="394"
      col="15"
    >
    </testcase>
    <testcase
      name="CheckType &gt; string &gt; AsStrict (default) &gt; AsUnsafe &gt; AsDistributed &gt; should return true for string type"
      classname="https://jsr.io/@std/testing/1.0.17/_test_suite.ts"
      time="0.000"
      line="394"
      col="15"
    >
    </testcase>
    <testcase
      name="CheckType &gt; string &gt; AsLoose"
      classname="https://jsr.io/@std/testing/1.0.17/_test_suite.ts"
      time="0.015"
      line="394"
      col="15"
    >
    </testcase>
    <testcase
      name="CheckType &gt; string &gt; AsLoose &gt; AsSafe (default)"
      classname="https://jsr.io/@std/testing/1.0.17/_test_suite.ts"
      time="0.006"
      line="394"
      col="15"
    >
    </testcase>
    <testcase
      name="CheckType &gt; string &gt; AsLoose &gt; AsSafe (default) &gt; AsUnified (default)"
      classname="https://jsr.io/@std/testing/1.0.17/_test_suite.ts"
      time="0.002"
      line="365"
      col="39"
    >
    </testcase>
    <testcase
      name="CheckType &gt; string &gt; AsLoose &gt; AsSafe (default) &gt; AsUnified (default) &gt; should return true for any type"
      classname="https://jsr.io/@std/testing/1.0.17/_test_suite.ts"
      time="0.000"
      line="365"
      col="39"
    >
    </testcase>
    <testcase
      name="CheckType &gt; string &gt; AsLoose &gt; AsSafe (default) &gt; AsUnified (default) &gt; should return false for never type"
      classname="https://jsr.io/@std/testing/1.0.17/_test_suite.ts"
      time="0.000"
      line="394"
      col="15"
    >
    </testcase>
    <testcase
      name="CheckType &gt; string &gt; AsLoose &gt; AsSafe (default) &gt; AsUnified (default) &gt; should return false for void type"
      classname="https://jsr.io/@std/testing/1.0.17/_test_suite.ts"
      time="0.000"
      line="394"
      col="15"
    >
    </testcase>
    <testcase
      name="CheckType &gt; string &gt; AsLoose &gt; AsSafe (default) &gt; AsUnified (default) &gt; should return true for unknown type"
      classname="https://jsr.io/@std/testing/1.0.17/_test_suite.ts"
      time="0.000"
      line="394"
      col="15"
    >
    </testcase>
    <testcase
      name="CheckType &gt; string &gt; AsLoose &gt; AsSafe (default) &gt; AsUnified (default) &gt; should return true for string type"
      classname="https://jsr.io/@std/testing/1.0.17/_test_suite.ts"
      time="0.000"
      line="394"
      col="15"
    >
    </testcase>
    <testcase
      name="CheckType &gt; string &gt; AsLoose &gt; AsSafe (default) &gt; AsDistributed"
      classname="https://jsr.io/@std/testing/1.0.17/_test_suite.ts"
      time="0.002"
      line="394"
      col="15"
    >
    </testcase>
    <testcase
      name="CheckType &gt; string &gt; AsLoose &gt; AsSafe (default) &gt; AsDistributed &gt; should return true for any type"
      classname="https://jsr.io/@std/testing/1.0.17/_test_suite.ts"
      time="0.000"
      line="394"
      col="15"
    >
    </testcase>
    <testcase
      name="CheckType &gt; string &gt; AsLoose &gt; AsSafe (default) &gt; AsDistributed &gt; should return false for never type"
      classname="https://jsr.io/@std/testing/1.0.17/_test_suite.ts"
      time="0.000"
      line="394"
      col="15"
    >
    </testcase>
    <testcase
      name="CheckType &gt; string &gt; AsLoose &gt; AsSafe (default) &gt; AsDistributed &gt; should return false for void type"
      classname="https://jsr.io/@std/testing/1.0.17/_test_suite.ts"
      time="0.000"
      line="394"
      col="15"
    >
    </testcase>
    <testcase
      name="CheckType &gt; string &gt; AsLoose &gt; AsSafe (default) &gt; AsDistributed &gt; should return true for unknown type"
      classname="https://jsr.io/@std/testing/1.0.17/_test_suite.ts"
      time="0.000"
      line="394"
      col="15"
    >
    </testcase>
    <testcase
      name="CheckType &gt; string &gt; AsLoose &gt; AsSafe (default) &gt; AsDistributed &gt; should return true for string type"
      classname="https://jsr.io/@std/testing/1.0.17/_test_suite.ts"
      time="0.000"
      line="394"
      col="15"
    >
    </testcase>
    <testcase
      name="CheckType &gt; string &gt; AsLoose &gt; AsUnsafe"
      classname="https://jsr.io/@std/testing/1.0.17/_test_suite.ts"
      time="0.006"
      line="394"
      col="15"
    >
    </testcase>
    <testcase
      name="CheckType &gt; string &gt; AsLoose &gt; AsUnsafe &gt; AsUnified (default)"
      classname="https://jsr.io/@std/testing/1.0.17/_test_suite.ts"
      time="0.002"
      line="394"
      col="15"
    >
    </testcase>
    <testcase
      name="CheckType &gt; string &gt; AsLoose &gt; AsUnsafe &gt; AsUnified (default) &gt; should return true for any type"
      classname="https://jsr.io/@std/testing/1.0.17/_test_suite.ts"
      time="0.000"
      line="365"
      col="39"
    >
    </testcase>
    <testcase
      name="CheckType &gt; string &gt; AsLoose &gt; AsUnsafe &gt; AsUnified (default) &gt; should return false for never type"
      classname="https://jsr.io/@std/testing/1.0.17/_test_suite.ts"
      time="0.001"
      line="394"
      col="15"
    >
    </testcase>
    <testcase
      name="CheckType &gt; string &gt; AsLoose &gt; AsUnsafe &gt; AsUnified (default) &gt; should return false for void type"
      classname="https://jsr.io/@std/testing/1.0.17/_test_suite.ts"
      time="0.000"
      line="394"
      col="15"
    >
    </testcase>
    <testcase
      name="CheckType &gt; string &gt; AsLoose &gt; AsUnsafe &gt; AsUnified (default) &gt; should return true for unknown type"
      classname="https://jsr.io/@std/testing/1.0.17/_test_suite.ts"
      time="0.000"
      line="394"
      col="15"
    >
    </testcase>
    <testcase
      name="CheckType &gt; string &gt; AsLoose &gt; AsUnsafe &gt; AsUnified (default) &gt; should return true for string type"
      classname="https://jsr.io/@std/testing/1.0.17/_test_suite.ts"
      time="0.000"
      line="394"
      col="15"
    >
    </testcase>
    <testcase
      name="CheckType &gt; string &gt; AsLoose &gt; AsUnsafe &gt; AsDistributed"
      classname="https://jsr.io/@std/testing/1.0.17/_test_suite.ts"
      time="0.002"
      line="394"
      col="15"
    >
    </testcase>
    <testcase
      name="CheckType &gt; string &gt; AsLoose &gt; AsUnsafe &gt; AsDistributed &gt; should return true for any type"
      classname="https://jsr.io/@std/testing/1.0.17/_test_suite.ts"
      time="0.000"
      line="394"
      col="15"
    >
    </testcase>
    <testcase
      name="CheckType &gt; string &gt; AsLoose &gt; AsUnsafe &gt; AsDistributed &gt; should return true for never type"
      classname="https://jsr.io/@std/testing/1.0.17/_test_suite.ts"
      time="0.000"
      line="394"
      col="15"
    >
    </testcase>
    <testcase
      name="CheckType &gt; string &gt; AsLoose &gt; AsUnsafe &gt; AsDistributed &gt; should return true for void type"
      classname="https://jsr.io/@std/testing/1.0.17/_test_suite.ts"
      time="0.000"
      line="394"
      col="15"
    >
    </testcase>
    <testcase
      name="CheckType &gt; string &gt; AsLoose &gt; AsUnsafe &gt; AsDistributed &gt; should return true for unknown type"
      classname="https://jsr.io/@std/testing/1.0.17/_test_suite.ts"
      time="0.000"
      line="394"
      col="15"
    >
    </testcase>
    <testcase
      name="CheckType &gt; string &gt; AsLoose &gt; AsUnsafe &gt; AsDistributed &gt; should return true for string type"
      classname="https://jsr.io/@std/testing/1.0.17/_test_suite.ts"
      time="0.000"
      line="394"
      col="15"
    >
    </testcase>
    <testcase
      name="CheckType &gt; Nil"
      classname="https://jsr.io/@std/testing/1.0.17/_test_suite.ts"
      time="0.040"
      line="394"
      col="15"
    >
    </testcase>
    <testcase
      name="CheckType &gt; Nil &gt; AsStrict (default)"
      classname="https://jsr.io/@std/testing/1.0.17/_test_suite.ts"
      time="0.017"
      line="394"
      col="15"
    >
    </testcase>
    <testcase
      name="CheckType &gt; Nil &gt; AsStrict (default) &gt; AsSafe (default)"
      classname="https://jsr.io/@std/testing/1.0.17/_test_suite.ts"
      time="0.006"
      line="365"
      col="39"
    >
    </testcase>
    <testcase
      name="CheckType &gt; Nil &gt; AsStrict (default) &gt; AsSafe (default) &gt; AsUnified (default)"
      classname="https://jsr.io/@std/testing/1.0.17/_test_suite.ts"
      time="0.002"
      line="365"
      col="39"
    >
    </testcase>
    <testcase
      name="CheckType &gt; Nil &gt; AsStrict (default) &gt; AsSafe (default) &gt; AsUnified (default) &gt; should return true for any type"
      classname="https://jsr.io/@std/testing/1.0.17/_test_suite.ts"
      time="0.000"
      line="365"
      col="39"
    >
    </testcase>
    <testcase
      name="CheckType &gt; Nil &gt; AsStrict (default) &gt; AsSafe (default) &gt; AsUnified (default) &gt; should return true for never type"
      classname="https://jsr.io/@std/testing/1.0.17/_test_suite.ts"
      time="0.000"
      line="394"
      col="15"
    >
    </testcase>
    <testcase
      name="CheckType &gt; Nil &gt; AsStrict (default) &gt; AsSafe (default) &gt; AsUnified (default) &gt; should return false for void type"
      classname="https://jsr.io/@std/testing/1.0.17/_test_suite.ts"
      time="0.000"
      line="394"
      col="15"
    >
    </testcase>
    <testcase
      name="CheckType &gt; Nil &gt; AsStrict (default) &gt; AsSafe (default) &gt; AsUnified (default) &gt; should return false for unknown type"
      classname="https://jsr.io/@std/testing/1.0.17/_test_suite.ts"
      time="0.000"
      line="394"
      col="15"
    >
    </testcase>
    <testcase
      name="CheckType &gt; Nil &gt; AsStrict (default) &gt; AsSafe (default) &gt; AsUnified (default) &gt; should return false for string type"
      classname="https://jsr.io/@std/testing/1.0.17/_test_suite.ts"
      time="0.000"
      line="394"
      col="15"
    >
    </testcase>
    <testcase
      name="CheckType &gt; Nil &gt; AsStrict (default) &gt; AsSafe (default) &gt; AsDistributed"
      classname="https://jsr.io/@std/testing/1.0.17/_test_suite.ts"
      time="0.002"
      line="394"
      col="15"
    >
    </testcase>
    <testcase
      name="CheckType &gt; Nil &gt; AsStrict (default) &gt; AsSafe (default) &gt; AsDistributed &gt; should return true for any type"
      classname="https://jsr.io/@std/testing/1.0.17/_test_suite.ts"
      time="0.000"
      line="394"
      col="15"
    >
    </testcase>
    <testcase
      name="CheckType &gt; Nil &gt; AsStrict (default) &gt; AsSafe (default) &gt; AsDistributed &gt; should return true for never type"
      classname="https://jsr.io/@std/testing/1.0.17/_test_suite.ts"
      time="0.000"
      line="394"
      col="15"
    >
    </testcase>
    <testcase
      name="CheckType &gt; Nil &gt; AsStrict (default) &gt; AsSafe (default) &gt; AsDistributed &gt; should return false for void type"
      classname="https://jsr.io/@std/testing/1.0.17/_test_suite.ts"
      time="0.000"
      line="394"
      col="15"
    >
    </testcase>
    <testcase
      name="CheckType &gt; Nil &gt; AsStrict (default) &gt; AsSafe (default) &gt; AsDistributed &gt; should return false for unknown type"
      classname="https://jsr.io/@std/testing/1.0.17/_test_suite.ts"
      time="0.000"
      line="394"
      col="15"
    >
    </testcase>
    <testcase
      name="CheckType &gt; Nil &gt; AsStrict (default) &gt; AsSafe (default) &gt; AsDistributed &gt; should return false for string type"
      classname="https://jsr.io/@std/testing/1.0.17/_test_suite.ts"
      time="0.000"
      line="394"
      col="15"
    >
    </testcase>
    <testcase
      name="CheckType &gt; Nil &gt; AsStrict (default) &gt; AsUnsafe"
      classname="https://jsr.io/@std/testing/1.0.17/_test_suite.ts"
      time="0.007"
      line="394"
      col="15"
    >
    </testcase>
    <testcase
      name="CheckType &gt; Nil &gt; AsStrict (default) &gt; AsUnsafe &gt; AsUnified (default)"
      classname="https://jsr.io/@std/testing/1.0.17/_test_suite.ts"
      time="0.003"
      line="394"
      col="15"
    >
    </testcase>
    <testcase
      name="CheckType &gt; Nil &gt; AsStrict (default) &gt; AsUnsafe &gt; AsUnified (default) &gt; should return true for any type"
      classname="https://jsr.io/@std/testing/1.0.17/_test_suite.ts"
      time="0.000"
      line="365"
      col="39"
    >
    </testcase>
    <testcase
      name="CheckType &gt; Nil &gt; AsStrict (default) &gt; AsUnsafe &gt; AsUnified (default) &gt; should return true for never type"
      classname="https://jsr.io/@std/testing/1.0.17/_test_suite.ts"
      time="0.000"
      line="394"
      col="15"
    >
    </testcase>
    <testcase
      name="CheckType &gt; Nil &gt; AsStrict (default) &gt; AsUnsafe &gt; AsUnified (default) &gt; should return false for void type"
      classname="https://jsr.io/@std/testing/1.0.17/_test_suite.ts"
      time="0.000"
      line="394"
      col="15"
    >
    </testcase>
    <testcase
      name="CheckType &gt; Nil &gt; AsStrict (default) &gt; AsUnsafe &gt; AsUnified (default) &gt; should return false for unknown type"
      classname="https://jsr.io/@std/testing/1.0.17/_test_suite.ts"
      time="0.000"
      line="394"
      col="15"
    >
    </testcase>
    <testcase
      name="CheckType &gt; Nil &gt; AsStrict (default) &gt; AsUnsafe &gt; AsUnified (default) &gt; should return false for string type"
      classname="https://jsr.io/@std/testing/1.0.17/_test_suite.ts"
      time="0.000"
      line="394"
      col="15"
    >
    </testcase>
    <testcase
      name="CheckType &gt; Nil &gt; AsStrict (default) &gt; AsUnsafe &gt; AsDistributed"
      classname="https://jsr.io/@std/testing/1.0.17/_test_suite.ts"
      time="0.003"
      line="394"
      col="15"
    >
    </testcase>
    <testcase
      name="CheckType &gt; Nil &gt; AsStrict (default) &gt; AsUnsafe &gt; AsDistributed &gt; should return true for any type"
      classname="https://jsr.io/@std/testing/1.0.17/_test_suite.ts"
      time="0.000"
      line="394"
      col="15"
    >
    </testcase>
    <testcase
      name="CheckType &gt; Nil &gt; AsStrict (default) &gt; AsUnsafe &gt; AsDistributed &gt; should return true for never type"
      classname="https://jsr.io/@std/testing/1.0.17/_test_suite.ts"
      time="0.000"
      line="394"
      col="15"
    >
    </testcase>
    <testcase
      name="CheckType &gt; Nil &gt; AsStrict (default) &gt; AsUnsafe &gt; AsDistributed &gt; should return false for void type"
      classname="https://jsr.io/@std/testing/1.0.17/_test_suite.ts"
      time="0.000"
      line="394"
      col="15"
    >
    </testcase>
    <testcase
      name="CheckType &gt; Nil &gt; AsStrict (default) &gt; AsUnsafe &gt; AsDistributed &gt; should return false for unknown type"
      classname="https://jsr.io/@std/testing/1.0.17/_test_suite.ts"
      time="0.000"
      line="394"
      col="15"
    >
    </testcase>
    <testcase
      name="CheckType &gt; Nil &gt; AsStrict (default) &gt; AsUnsafe &gt; AsDistributed &gt; should return false for string type"
      classname="https://jsr.io/@std/testing/1.0.17/_test_suite.ts"
      time="0.000"
      line="394"
      col="15"
    >
    </testcase>
    <testcase
      name="CheckType &gt; Nil &gt; AsLoose"
      classname="https://jsr.io/@std/testing/1.0.17/_test_suite.ts"
      time="0.017"
      line="394"
      col="15"
    >
    </testcase>
    <testcase
      name="CheckType &gt; Nil &gt; AsLoose &gt; AsSafe (default)"
      classname="https://jsr.io/@std/testing/1.0.17/_test_suite.ts"
      time="0.008"
      line="394"
      col="15"
    >
    </testcase>
    <testcase
      name="CheckType &gt; Nil &gt; AsLoose &gt; AsSafe (default) &gt; AsUnified (default)"
      classname="https://jsr.io/@std/testing/1.0.17/_test_suite.ts"
      time="0.003"
      line="365"
      col="39"
    >
    </testcase>
    <testcase
      name="CheckType &gt; Nil &gt; AsLoose &gt; AsSafe (default) &gt; AsUnified (default) &gt; should return true for any type"
      classname="https://jsr.io/@std/testing/1.0.17/_test_suite.ts"
      time="0.001"
      line="365"
      col="39"
    >
    </testcase>
    <testcase
      name="CheckType &gt; Nil &gt; AsLoose &gt; AsSafe (default) &gt; AsUnified (default) &gt; should return false for never type"
      classname="https://jsr.io/@std/testing/1.0.17/_test_suite.ts"
      time="0.000"
      line="394"
      col="15"
    >
    </testcase>
    <testcase
      name="CheckType &gt; Nil &gt; AsLoose &gt; AsSafe (default) &gt; AsUnified (default) &gt; should return false for void type"
      classname="https://jsr.io/@std/testing/1.0.17/_test_suite.ts"
      time="0.000"
      line="394"
      col="15"
    >
    </testcase>
    <testcase
      name="CheckType &gt; Nil &gt; AsLoose &gt; AsSafe (default) &gt; AsUnified (default) &gt; should return true for unknown type"
      classname="https://jsr.io/@std/testing/1.0.17/_test_suite.ts"
      time="0.000"
      line="394"
      col="15"
    >
    </testcase>
    <testcase
      name="CheckType &gt; Nil &gt; AsLoose &gt; AsSafe (default) &gt; AsUnified (default) &gt; should return false for string type"
      classname="https://jsr.io/@std/testing/1.0.17/_test_suite.ts"
      time="0.000"
      line="394"
      col="15"
    >
    </testcase>
    <testcase
      name="CheckType &gt; Nil &gt; AsLoose &gt; AsSafe (default) &gt; AsDistributed"
      classname="https://jsr.io/@std/testing/1.0.17/_test_suite.ts"
      time="0.004"
      line="394"
      col="15"
    >
    </testcase>
    <testcase
      name="CheckType &gt; Nil &gt; AsLoose &gt; AsSafe (default) &gt; AsDistributed &gt; should return true for any type"
      classname="https://jsr.io/@std/testing/1.0.17/_test_suite.ts"
      time="0.001"
      line="394"
      col="15"
    >
    </testcase>
    <testcase
      name="CheckType &gt; Nil &gt; AsLoose &gt; AsSafe (default) &gt; AsDistributed &gt; should return false for never type"
      classname="https://jsr.io/@std/testing/1.0.17/_test_suite.ts"
      time="0.000"
      line="394"
      col="15"
    >
    </testcase>
    <testcase
      name="CheckType &gt; Nil &gt; AsLoose &gt; AsSafe (default) &gt; AsDistributed &gt; should return false for void type"
      classname="https://jsr.io/@std/testing/1.0.17/_test_suite.ts"
      time="0.000"
      line="394"
      col="15"
    >
    </testcase>
    <testcase
      name="CheckType &gt; Nil &gt; AsLoose &gt; AsSafe (default) &gt; AsDistributed &gt; should return true for unknown type"
      classname="https://jsr.io/@std/testing/1.0.17/_test_suite.ts"
      time="0.000"
      line="394"
      col="15"
    >
    </testcase>
    <testcase
      name="CheckType &gt; Nil &gt; AsLoose &gt; AsSafe (default) &gt; AsDistributed &gt; should return false for string type"
      classname="https://jsr.io/@std/testing/1.0.17/_test_suite.ts"
      time="0.000"
      line="394"
      col="15"
    >
    </testcase>
    <testcase
      name="CheckType &gt; Nil &gt; AsLoose &gt; AsUnsafe"
      classname="https://jsr.io/@std/testing/1.0.17/_test_suite.ts"
      time="0.006"
      line="394"
      col="15"
    >
    </testcase>
    <testcase
      name="CheckType &gt; Nil &gt; AsLoose &gt; AsUnsafe &gt; AsUnified (default)"
      classname="https://jsr.io/@std/testing/1.0.17/_test_suite.ts"
      time="0.002"
      line="394"
      col="15"
    >
    </testcase>
    <testcase
      name="CheckType &gt; Nil &gt; AsLoose &gt; AsUnsafe &gt; AsUnified (default) &gt; should return true for any type"
      classname="https://jsr.io/@std/testing/1.0.17/_test_suite.ts"
      time="0.000"
      line="365"
      col="39"
    >
    </testcase>
    <testcase
      name="CheckType &gt; Nil &gt; AsLoose &gt; AsUnsafe &gt; AsUnified (default) &gt; should return false for never type"
      classname="https://jsr.io/@std/testing/1.0.17/_test_suite.ts"
      time="0.000"
      line="394"
      col="15"
    >
    </testcase>
    <testcase
      name="CheckType &gt; Nil &gt; AsLoose &gt; AsUnsafe &gt; AsUnified (default) &gt; should return false for void type"
      classname="https://jsr.io/@std/testing/1.0.17/_test_suite.ts"
      time="0.000"
      line="394"
      col="15"
    >
    </testcase>
    <testcase
      name="CheckType &gt; Nil &gt; AsLoose &gt; AsUnsafe &gt; AsUnified (default) &gt; should return true for unknown type"
      classname="https://jsr.io/@std/testing/1.0.17/_test_suite.ts"
      time="0.000"
      line="394"
      col="15"
    >
    </testcase>
    <testcase
      name="CheckType &gt; Nil &gt; AsLoose &gt; AsUnsafe &gt; AsUnified (default) &gt; should return true for string type"
      classname="https://jsr.io/@std/testing/1.0.17/_test_suite.ts"
      time="0.000"
      line="394"
      col="15"
    >
    </testcase>
    <testcase
      name="CheckType &gt; Nil &gt; AsLoose &gt; AsUnsafe &gt; AsDistributed"
      classname="https://jsr.io/@std/testing/1.0.17/_test_suite.ts"
      time="0.002"
      line="394"
      col="15"
    >
    </testcase>
    <testcase
      name="CheckType &gt; Nil &gt; AsLoose &gt; AsUnsafe &gt; AsDistributed &gt; should return true for any type"
      classname="https://jsr.io/@std/testing/1.0.17/_test_suite.ts"
      time="0.000"
      line="394"
      col="15"
    >
    </testcase>
    <testcase
      name="CheckType &gt; Nil &gt; AsLoose &gt; AsUnsafe &gt; AsDistributed &gt; should return true for never type"
      classname="https://jsr.io/@std/testing/1.0.17/_test_suite.ts"
      time="0.000"
      line="394"
      col="15"
    >
    </testcase>
    <testcase
      name="CheckType &gt; Nil &gt; AsLoose &gt; AsUnsafe &gt; AsDistributed &gt; should return true for void type"
      classname="https://jsr.io/@std/testing/1.0.17/_test_suite.ts"
      time="0.000"
      line="394"
      col="15"
    >
    </testcase>
    <testcase
      name="CheckType &gt; Nil &gt; AsLoose &gt; AsUnsafe &gt; AsDistributed &gt; should return true for unknown type"
      classname="https://jsr.io/@std/testing/1.0.17/_test_suite.ts"
      time="0.000"
      line="394"
      col="15"
    >
    </testcase>
    <testcase
      name="CheckType &gt; Nil &gt; AsLoose &gt; AsUnsafe &gt; AsDistributed &gt; should return true for string type"
      classname="https://jsr.io/@std/testing/1.0.17/_test_suite.ts"
      time="0.000"
      line="394"
      col="15"
    >
    </testcase>
    <testcase
      name="CheckType &gt; Object"
      classname="https://jsr.io/@std/testing/1.0.17/_test_suite.ts"
      time="0.035"
      line="394"
      col="15"
    >
    </testcase>
    <testcase
      name="CheckType &gt; Object &gt; AsStrict (default)"
      classname="https://jsr.io/@std/testing/1.0.17/_test_suite.ts"
      time="0.018"
      line="394"
      col="15"
    >
    </testcase>
    <testcase
      name="CheckType &gt; Object &gt; AsStrict (default) &gt; AsSafe (default)"
      classname="https://jsr.io/@std/testing/1.0.17/_test_suite.ts"
      time="0.007"
      line="365"
      col="39"
    >
    </testcase>
    <testcase
      name="CheckType &gt; Object &gt; AsStrict (default) &gt; AsSafe (default) &gt; AsUnified (default)"
      classname="https://jsr.io/@std/testing/1.0.17/_test_suite.ts"
      time="0.003"
      line="365"
      col="39"
    >
    </testcase>
    <testcase
      name="CheckType &gt; Object &gt; AsStrict (default) &gt; AsSafe (default) &gt; AsUnified (default) &gt; should return true for any type"
      classname="https://jsr.io/@std/testing/1.0.17/_test_suite.ts"
      time="0.000"
      line="365"
      col="39"
    >
    </testcase>
    <testcase
      name="CheckType &gt; Object &gt; AsStrict (default) &gt; AsSafe (default) &gt; AsUnified (default) &gt; should return true for never type"
      classname="https://jsr.io/@std/testing/1.0.17/_test_suite.ts"
      time="0.000"
      line="394"
      col="15"
    >
    </testcase>
    <testcase
      name="CheckType &gt; Object &gt; AsStrict (default) &gt; AsSafe (default) &gt; AsUnified (default) &gt; should return false for void type"
      classname="https://jsr.io/@std/testing/1.0.17/_test_suite.ts"
      time="0.000"
      line="394"
      col="15"
    >
    </testcase>
    <testcase
      name="CheckType &gt; Object &gt; AsStrict (default) &gt; AsSafe (default) &gt; AsUnified (default) &gt; should return false for unknown type"
      classname="https://jsr.io/@std/testing/1.0.17/_test_suite.ts"
      time="0.000"
      line="394"
      col="15"
    >
    </testcase>
    <testcase
      name="CheckType &gt; Object &gt; AsStrict (default) &gt; AsSafe (default) &gt; AsUnified (default) &gt; should return false for string type"
      classname="https://jsr.io/@std/testing/1.0.17/_test_suite.ts"
      time="0.000"
      line="394"
      col="15"
    >
    </testcase>
    <testcase
      name="CheckType &gt; Object &gt; AsStrict (default) &gt; AsSafe (default) &gt; AsUnified (default) &gt; should return true for Subtype"
      classname="https://jsr.io/@std/testing/1.0.17/_test_suite.ts"
      time="0.000"
      line="394"
      col="15"
    >
    </testcase>
    <testcase
      name="CheckType &gt; Object &gt; AsStrict (default) &gt; AsSafe (default) &gt; AsDistributed"
      classname="https://jsr.io/@std/testing/1.0.17/_test_suite.ts"
      time="0.003"
      line="394"
      col="15"
    >
    </testcase>
    <testcase
      name="CheckType &gt; Object &gt; AsStrict (default) &gt; AsSafe (default) &gt; AsDistributed &gt; should return true for any type"
      classname="https://jsr.io/@std/testing/1.0.17/_test_suite.ts"
      time="0.001"
      line="394"
      col="15"
    >
    </testcase>
    <testcase
      name="CheckType &gt; Object &gt; AsStrict (default) &gt; AsSafe (default) &gt; AsDistributed &gt; should return true for never type"
      classname="https://jsr.io/@std/testing/1.0.17/_test_suite.ts"
      time="0.000"
      line="394"
      col="15"
    >
    </testcase>
    <testcase
      name="CheckType &gt; Object &gt; AsStrict (default) &gt; AsSafe (default) &gt; AsDistributed &gt; should return false for void type"
      classname="https://jsr.io/@std/testing/1.0.17/_test_suite.ts"
      time="0.000"
      line="394"
      col="15"
    >
    </testcase>
    <testcase
      name="CheckType &gt; Object &gt; AsStrict (default) &gt; AsSafe (default) &gt; AsDistributed &gt; should return false for unknown type"
      classname="https://jsr.io/@std/testing/1.0.17/_test_suite.ts"
      time="0.000"
      line="394"
      col="15"
    >
    </testcase>
    <testcase
      name="CheckType &gt; Object &gt; AsStrict (default) &gt; AsSafe (default) &gt; AsDistributed &gt; should return false for string type"
      classname="https://jsr.io/@std/testing/1.0.17/_test_suite.ts"
      time="0.000"
      line="394"
      col="15"
    >
    </testcase>
    <testcase
      name="CheckType &gt; Object &gt; AsStrict (default) &gt; AsSafe (default) &gt; AsDistributed &gt; should return true for Subtype"
      classname="https://jsr.io/@std/testing/1.0.17/_test_suite.ts"
      time="0.000"
      line="394"
      col="15"
    >
    </testcase>
    <testcase
      name="CheckType &gt; Object &gt; AsStrict (default) &gt; AsUnsafe"
      classname="https://jsr.io/@std/testing/1.0.17/_test_suite.ts"
      time="0.008"
      line="394"
      col="15"
    >
    </testcase>
    <testcase
      name="CheckType &gt; Object &gt; AsStrict (default) &gt; AsUnsafe &gt; AsUnified (default)"
      classname="https://jsr.io/@std/testing/1.0.17/_test_suite.ts"
      time="0.003"
      line="394"
      col="15"
    >
    </testcase>
    <testcase
      name="CheckType &gt; Object &gt; AsStrict (default) &gt; AsUnsafe &gt; AsUnified (default) &gt; should return true for any type"
      classname="https://jsr.io/@std/testing/1.0.17/_test_suite.ts"
      time="0.000"
      line="365"
      col="39"
    >
    </testcase>
    <testcase
      name="CheckType &gt; Object &gt; AsStrict (default) &gt; AsUnsafe &gt; AsUnified (default) &gt; should return true for never type"
      classname="https://jsr.io/@std/testing/1.0.17/_test_suite.ts"
      time="0.000"
      line="394"
      col="15"
    >
    </testcase>
    <testcase
      name="CheckType &gt; Object &gt; AsStrict (default) &gt; AsUnsafe &gt; AsUnified (default) &gt; should return false for void type"
      classname="https://jsr.io/@std/testing/1.0.17/_test_suite.ts"
      time="0.000"
      line="394"
      col="15"
    >
    </testcase>
    <testcase
      name="CheckType &gt; Object &gt; AsStrict (default) &gt; AsUnsafe &gt; AsUnified (default) &gt; should return false for unknown type"
      classname="https://jsr.io/@std/testing/1.0.17/_test_suite.ts"
      time="0.000"
      line="394"
      col="15"
    >
    </testcase>
    <testcase
      name="CheckType &gt; Object &gt; AsStrict (default) &gt; AsUnsafe &gt; AsUnified (default) &gt; should return false for string type"
      classname="https://jsr.io/@std/testing/1.0.17/_test_suite.ts"
      time="0.000"
      line="394"
      col="15"
    >
    </testcase>
    <testcase
      name="CheckType &gt; Object &gt; AsStrict (default) &gt; AsUnsafe &gt; AsUnified (default) &gt; should return true for Subtype"
      classname="https://jsr.io/@std/testing/1.0.17/_test_suite.ts"
      time="0.000"
      line="394"
      col="15"
    >
    </testcase>
    <testcase
      name="CheckType &gt; Object &gt; AsStrict (default) &gt; AsUnsafe &gt; AsDistributed"
      classname="https://jsr.io/@std/testing/1.0.17/_test_suite.ts"
      time="0.003"
      line="394"
      col="15"
    >
    </testcase>
    <testcase
      name="CheckType &gt; Object &gt; AsStrict (default) &gt; AsUnsafe &gt; AsDistributed &gt; should return true for any type"
      classname="https://jsr.io/@std/testing/1.0.17/_test_suite.ts"
      time="0.000"
      line="394"
      col="15"
    >
    </testcase>
    <testcase
      name="CheckType &gt; Object &gt; AsStrict (default) &gt; AsUnsafe &gt; AsDistributed &gt; should return true for never type"
      classname="https://jsr.io/@std/testing/1.0.17/_test_suite.ts"
      time="0.000"
      line="394"
      col="15"
    >
    </testcase>
    <testcase
      name="CheckType &gt; Object &gt; AsStrict (default) &gt; AsUnsafe &gt; AsDistributed &gt; should return false for void type"
      classname="https://jsr.io/@std/testing/1.0.17/_test_suite.ts"
      time="0.000"
      line="394"
      col="15"
    >
    </testcase>
    <testcase
      name="CheckType &gt; Object &gt; AsStrict (default) &gt; AsUnsafe &gt; AsDistributed &gt; should return false for unknown type"
      classname="https://jsr.io/@std/testing/1.0.17/_test_suite.ts"
      time="0.000"
      line="394"
      col="15"
    >
    </testcase>
    <testcase
      name="CheckType &gt; Object &gt; AsStrict (default) &gt; AsUnsafe &gt; AsDistributed &gt; should return false for string type"
      classname="https://jsr.io/@std/testing/1.0.17/_test_suite.ts"
      time="0.000"
      line="394"
      col="15"
    >
    </testcase>
    <testcase
      name="CheckType &gt; Object &gt; AsStrict (default) &gt; AsUnsafe &gt; AsDistributed &gt; should return true for Subtype"
      classname="https://jsr.io/@std/testing/1.0.17/_test_suite.ts"
      time="0.000"
      line="394"
      col="15"
    >
    </testcase>
    <testcase
      name="CheckType &gt; Object &gt; AsLoose"
      classname="https://jsr.io/@std/testing/1.0.17/_test_suite.ts"
      time="0.013"
      line="394"
      col="15"
    >
    </testcase>
    <testcase
      name="CheckType &gt; Object &gt; AsLoose &gt; AsSafe (default)"
      classname="https://jsr.io/@std/testing/1.0.17/_test_suite.ts"
      time="0.005"
      line="394"
      col="15"
    >
    </testcase>
    <testcase
      name="CheckType &gt; Object &gt; AsLoose &gt; AsSafe (default) &gt; AsUnified (default)"
      classname="https://jsr.io/@std/testing/1.0.17/_test_suite.ts"
      time="0.002"
      line="365"
      col="39"
    >
    </testcase>
    <testcase
      name="CheckType &gt; Object &gt; AsLoose &gt; AsSafe (default) &gt; AsUnified (default) &gt; should return true for any type"
      classname="https://jsr.io/@std/testing/1.0.17/_test_suite.ts"
      time="0.000"
      line="365"
      col="39"
    >
    </testcase>
    <testcase
      name="CheckType &gt; Object &gt; AsLoose &gt; AsSafe (default) &gt; AsUnified (default) &gt; should return false for never type"
      classname="https://jsr.io/@std/testing/1.0.17/_test_suite.ts"
      time="0.000"
      line="394"
      col="15"
    >
    </testcase>
    <testcase
      name="CheckType &gt; Object &gt; AsLoose &gt; AsSafe (default) &gt; AsUnified (default) &gt; should return false for void type"
      classname="https://jsr.io/@std/testing/1.0.17/_test_suite.ts"
      time="0.000"
      line="394"
      col="15"
    >
    </testcase>
    <testcase
      name="CheckType &gt; Object &gt; AsLoose &gt; AsSafe (default) &gt; AsUnified (default) &gt; should return true for unknown type"
      classname="https://jsr.io/@std/testing/1.0.17/_test_suite.ts"
      time="0.000"
      line="394"
      col="15"
    >
    </testcase>
    <testcase
      name="CheckType &gt; Object &gt; AsLoose &gt; AsSafe (default) &gt; AsUnified (default) &gt; should return false for string type"
      classname="https://jsr.io/@std/testing/1.0.17/_test_suite.ts"
      time="0.000"
      line="394"
      col="15"
    >
    </testcase>
    <testcase
      name="CheckType &gt; Object &gt; AsLoose &gt; AsSafe (default) &gt; AsUnified (default) &gt; should return false for Subtype"
      classname="https://jsr.io/@std/testing/1.0.17/_test_suite.ts"
      time="0.000"
      line="394"
      col="15"
    >
    </testcase>
    <testcase
      name="CheckType &gt; Object &gt; AsLoose &gt; AsSafe (default) &gt; AsDistributed"
      classname="https://jsr.io/@std/testing/1.0.17/_test_suite.ts"
      time="0.002"
      line="394"
      col="15"
    >
    </testcase>
    <testcase
      name="CheckType &gt; Object &gt; AsLoose &gt; AsSafe (default) &gt; AsDistributed &gt; should return true for any type"
      classname="https://jsr.io/@std/testing/1.0.17/_test_suite.ts"
      time="0.000"
      line="394"
      col="15"
    >
    </testcase>
    <testcase
      name="CheckType &gt; Object &gt; AsLoose &gt; AsSafe (default) &gt; AsDistributed &gt; should return false for never type"
      classname="https://jsr.io/@std/testing/1.0.17/_test_suite.ts"
      time="0.000"
      line="394"
      col="15"
    >
    </testcase>
    <testcase
      name="CheckType &gt; Object &gt; AsLoose &gt; AsSafe (default) &gt; AsDistributed &gt; should return false for void type"
      classname="https://jsr.io/@std/testing/1.0.17/_test_suite.ts"
      time="0.000"
      line="394"
      col="15"
    >
    </testcase>
    <testcase
      name="CheckType &gt; Object &gt; AsLoose &gt; AsSafe (default) &gt; AsDistributed &gt; should return true for unknown type"
      classname="https://jsr.io/@std/testing/1.0.17/_test_suite.ts"
      time="0.000"
      line="394"
      col="15"
    >
    </testcase>
    <testcase
      name="CheckType &gt; Object &gt; AsLoose &gt; AsSafe (default) &gt; AsDistributed &gt; should return false for string type"
      classname="https://jsr.io/@std/testing/1.0.17/_test_suite.ts"
      time="0.001"
      line="394"
      col="15"
    >
    </testcase>
    <testcase
      name="CheckType &gt; Object &gt; AsLoose &gt; AsSafe (default) &gt; AsDistributed &gt; should return false for Subtype"
      classname="https://jsr.io/@std/testing/1.0.17/_test_suite.ts"
      time="0.000"
      line="394"
      col="15"
    >
    </testcase>
    <testcase
      name="CheckType &gt; Object &gt; AsLoose &gt; AsUnsafe"
      classname="https://jsr.io/@std/testing/1.0.17/_test_suite.ts"
      time="0.005"
      line="394"
      col="15"
    >
    </testcase>
    <testcase
      name="CheckType &gt; Object &gt; AsLoose &gt; AsUnsafe &gt; AsUnified (default)"
      classname="https://jsr.io/@std/testing/1.0.17/_test_suite.ts"
      time="0.002"
      line="394"
      col="15"
    >
    </testcase>
    <testcase
      name="CheckType &gt; Object &gt; AsLoose &gt; AsUnsafe &gt; AsUnified (default) &gt; should return true for any type"
      classname="https://jsr.io/@std/testing/1.0.17/_test_suite.ts"
      time="0.000"
      line="365"
      col="39"
    >
    </testcase>
    <testcase
      name="CheckType &gt; Object &gt; AsLoose &gt; AsUnsafe &gt; AsUnified (default) &gt; should return false for never type"
      classname="https://jsr.io/@std/testing/1.0.17/_test_suite.ts"
      time="0.000"
      line="394"
      col="15"
    >
    </testcase>
    <testcase
      name="CheckType &gt; Object &gt; AsLoose &gt; AsUnsafe &gt; AsUnified (default) &gt; should return false for void type"
      classname="https://jsr.io/@std/testing/1.0.17/_test_suite.ts"
      time="0.000"
      line="394"
      col="15"
    >
    </testcase>
    <testcase
      name="CheckType &gt; Object &gt; AsLoose &gt; AsUnsafe &gt; AsUnified (default) &gt; should return true for unknown type"
      classname="https://jsr.io/@std/testing/1.0.17/_test_suite.ts"
      time="0.000"
      line="394"
      col="15"
    >
    </testcase>
    <testcase
      name="CheckType &gt; Object &gt; AsLoose &gt; AsUnsafe &gt; AsUnified (default) &gt; should return true for string type"
      classname="https://jsr.io/@std/testing/1.0.17/_test_suite.ts"
      time="0.000"
      line="394"
      col="15"
    >
    </testcase>
    <testcase
      name="CheckType &gt; Object &gt; AsLoose &gt; AsUnsafe &gt; AsUnified (default) &gt; should return false for Subtype"
      classname="https://jsr.io/@std/testing/1.0.17/_test_suite.ts"
      time="0.000"
      line="394"
      col="15"
    >
    </testcase>
    <testcase
      name="CheckType &gt; Object &gt; AsLoose &gt; AsUnsafe &gt; AsDistributed"
      classname="https://jsr.io/@std/testing/1.0.17/_test_suite.ts"
      time="0.002"
      line="394"
      col="15"
    >
    </testcase>
    <testcase
      name="CheckType &gt; Object &gt; AsLoose &gt; AsUnsafe &gt; AsDistributed &gt; should return true for any type"
      classname="https://jsr.io/@std/testing/1.0.17/_test_suite.ts"
      time="0.000"
      line="394"
      col="15"
    >
    </testcase>
    <testcase
      name="CheckType &gt; Object &gt; AsLoose &gt; AsUnsafe &gt; AsDistributed &gt; should return true for never type"
      classname="https://jsr.io/@std/testing/1.0.17/_test_suite.ts"
      time="0.000"
      line="394"
      col="15"
    >
    </testcase>
    <testcase
      name="CheckType &gt; Object &gt; AsLoose &gt; AsUnsafe &gt; AsDistributed &gt; should return true for void type"
      classname="https://jsr.io/@std/testing/1.0.17/_test_suite.ts"
      time="0.000"
      line="394"
      col="15"
    >
    </testcase>
    <testcase
      name="CheckType &gt; Object &gt; AsLoose &gt; AsUnsafe &gt; AsDistributed &gt; should return true for unknown type"
      classname="https://jsr.io/@std/testing/1.0.17/_test_suite.ts"
      time="0.000"
      line="394"
      col="15"
    >
    </testcase>
    <testcase
      name="CheckType &gt; Object &gt; AsLoose &gt; AsUnsafe &gt; AsDistributed &gt; should return true for string type"
      classname="https://jsr.io/@std/testing/1.0.17/_test_suite.ts"
      time="0.000"
      line="394"
      col="15"
    >
    </testcase>
    <testcase
      name="CheckType &gt; Object &gt; AsLoose &gt; AsUnsafe &gt; AsDistributed &gt; should return false for Subtype"
      classname="https://jsr.io/@std/testing/1.0.17/_test_suite.ts"
      time="0.000"
      line="394"
      col="15"
    >
    </testcase>
    <testcase
      name="IsAny &gt; should return false for string types"
      classname="https://jsr.io/@std/testing/1.0.17/_test_suite.ts"
      time="0.000"
      line="394"
      col="15"
    >
    </testcase>
    <testcase
      name="IsAny &gt; should return false for number types"
      classname="https://jsr.io/@std/testing/1.0.17/_test_suite.ts"
      time="0.000"
      line="394"
      col="15"
    >
    </testcase>
    <testcase
      name="IsAny &gt; should return false for boolean types"
      classname="https://jsr.io/@std/testing/1.0.17/_test_suite.ts"
      time="0.000"
      line="394"
      col="15"
    >
    </testcase>
    <testcase
      name="IsAny &gt; should return false for unknown types"
      classname="https://jsr.io/@std/testing/1.0.17/_test_suite.ts"
      time="0.001"
      line="394"
      col="15"
    >
    </testcase>
    <testcase
      name="IsAny &gt; should return false for never types"
      classname="https://jsr.io/@std/testing/1.0.17/_test_suite.ts"
      time="0.000"
      line="394"
      col="15"
    >
    </testcase>
    <testcase
      name="IsSpecial &gt; should return false for string types"
      classname="https://jsr.io/@std/testing/1.0.17/_test_suite.ts"
      time="0.000"
      line="394"
      col="15"
    >
    </testcase>
    <testcase
      name="IsSpecial &gt; should return false for number types"
      classname="https://jsr.io/@std/testing/1.0.17/_test_suite.ts"
      time="0.001"
      line="394"
      col="15"
    >
    </testcase>
    <testcase
      name="IsSpecial &gt; should return false for boolean types"
      classname="https://jsr.io/@std/testing/1.0.17/_test_suite.ts"
      time="0.000"
      line="394"
      col="15"
    >
    </testcase>
    <testcase
      name="IsSpecial &gt; should return true for unknown types"
      classname="https://jsr.io/@std/testing/1.0.17/_test_suite.ts"
      time="0.000"
      line="394"
      col="15"
    >
    </testcase>
    <testcase
      name="IsSpecial &gt; should return true for never types"
      classname="https://jsr.io/@std/testing/1.0.17/_test_suite.ts"
      time="0.000"
      line="394"
      col="15"
    >
    </testcase>
    <testcase
      name="IsSpecial &gt; should return true for void types"
      classname="https://jsr.io/@std/testing/1.0.17/_test_suite.ts"
      time="0.000"
      line="394"
      col="15"
    >
    </testcase>
    <testcase
      name="Any &gt; should not be assignable to any type without a documented reason"
      classname="https://jsr.io/@std/testing/1.0.17/_test_suite.ts"
      time="0.000"
      line="394"
      col="15"
    >
    </testcase>
    <testcase
      name="Extends &gt; should support non-distributive types"
      classname="https://jsr.io/@std/testing/1.0.17/_test_suite.ts"
      time="0.000"
      line="394"
      col="15"
    >
    </testcase>
    <testcase
      name="Extends &gt; should allow for conditional types"
      classname="https://jsr.io/@std/testing/1.0.17/_test_suite.ts"
      time="0.001"
      line="394"
      col="15"
    >
    </testcase>
    <testcase
      name="Widen &gt; should widen number literal types to number"
      classname="https://jsr.io/@std/testing/1.0.17/_test_suite.ts"
      time="0.000"
      line="394"
      col="15"
    >
    </testcase>
    <testcase
      name="Widen &gt; should widen boolean literal types to boolean"
      classname="https://jsr.io/@std/testing/1.0.17/_test_suite.ts"
      time="0.000"
      line="394"
      col="15"
    >
    </testcase>
    <testcase
      name="Widen &gt; should widen array types (shallow)"
      classname="https://jsr.io/@std/testing/1.0.17/_test_suite.ts"
      time="0.000"
      line="394"
      col="15"
    >
    </testcase>
    <testcase
      name="Widen &gt; should widen array types (deep)"
      classname="https://jsr.io/@std/testing/1.0.17/_test_suite.ts"
      time="0.000"
      line="394"
      col="15"
    >
    </testcase>
    <testcase
      name="Widen &gt; should widen object types (shallow)"
      classname="https://jsr.io/@std/testing/1.0.17/_test_suite.ts"
      time="0.001"
      line="394"
      col="15"
    >
    </testcase>
    <testcase
      name="Widen &gt; should widen object types (deep)"
      classname="https://jsr.io/@std/testing/1.0.17/_test_suite.ts"
      time="0.000"
      line="394"
      col="15"
    >
    </testcase>
    <testcase
      name="Widen &gt; should widen branded, flavored, and tagged types to their base type"
      classname="https://jsr.io/@std/testing/1.0.17/_test_suite.ts"
      time="0.000"
      line="394"
      col="15"
    >
    </testcase>
  </testsuite>
  <testsuite
    name="./kz/core/type/i_hashable.test.ts"
    tests="1"
    disabled="0"
    errors="0"
    failures="0"
  >
    <testcase
      name="IHashable"
      classname="./kz/core/type/i_hashable.test.ts"
      time="0.002"
      line="8"
      col="1"
    >
    </testcase>
  </testsuite>
  <testsuite
    name="./kz/core/type/i_helpful.test.ts"
    tests="1"
    disabled="0"
    errors="0"
    failures="0"
  >
    <testcase
      name="IHelpful"
      classname="./kz/core/type/i_helpful.test.ts"
      time="0.002"
      line="8"
      col="1"
    >
    </testcase>
  </testsuite>
  <testsuite
    name="./kz/util/boolean/type/falsy.test.ts"
    tests="1"
    disabled="0"
    errors="0"
    failures="0"
  >
    <testcase
      name="Falsy"
      classname="./kz/util/boolean/type/falsy.test.ts"
      time="0.004"
      line="10"
      col="1"
    >
    </testcase>
  </testsuite>
  <testsuite
    name="./kz/util/capability/type/cap_set.test.ts"
    tests="1"
    disabled="0"
    errors="0"
    failures="0"
  >
    <testcase
      name="CapSet"
      classname="./kz/util/capability/type/cap_set.test.ts"
      time="0.008"
      line="31"
      col="1"
    >
    </testcase>
  </testsuite>
  <testsuite
    name="./kz/util/capability/type/get_cap.test.ts"
    tests="1"
    disabled="0"
    errors="0"
    failures="0"
  >
    <testcase
      name="GetCap"
      classname="./kz/util/capability/type/get_cap.test.ts"
      time="0.084"
      line="79"
      col="1"
    >
    </testcase>
  </testsuite>
  <testsuite
    name="./kz/util/capability/type/pick_cap.test.ts"
    tests="1"
    disabled="0"
    errors="0"
    failures="0"
  >
    <testcase
      name="PickCap"
      classname="./kz/util/capability/type/pick_cap.test.ts"
      time="0.063"
      line="78"
      col="1"
    >
    </testcase>
  </testsuite>
  <testsuite
    name="./kz/util/capability/type/use_accessor.test.ts"
    tests="1"
    disabled="0"
    errors="0"
    failures="0"
  >
    <testcase
      name="UseAccessor"
      classname="./kz/util/capability/type/use_accessor.test.ts"
      time="0.094"
      line="18"
      col="1"
    >
    </testcase>
  </testsuite>
  <testsuite
    name="./kz/util/capability/type/use_async.test.ts"
    tests="1"
    disabled="0"
    errors="0"
    failures="0"
  >
    <testcase
      name="UseAsync"
      classname="./kz/util/capability/type/use_async.test.ts"
      time="0.010"
      line="18"
      col="1"
    >
    </testcase>
  </testsuite>
  <testsuite
    name="./kz/util/capability/type/use_builtin.test.ts"
    tests="1"
    disabled="0"
    errors="0"
    failures="0"
  >
    <testcase
      name="UseBuiltin"
      classname="./kz/util/capability/type/use_builtin.test.ts"
      time="0.016"
      line="18"
      col="1"
    >
    </testcase>
  </testsuite>
  <testsuite
    name="./kz/util/capability/type/use_collection.test.ts"
    tests="1"
    disabled="0"
    errors="0"
    failures="0"
  >
    <testcase
      name="UseCollection"
      classname="./kz/util/capability/type/use_collection.test.ts"
      time="0.011"
      line="23"
      col="1"
    >
    </testcase>
  </testsuite>
  <testsuite
    name="./kz/util/capability/type/use_condition.test.ts"
    tests="1"
    disabled="0"
    errors="0"
    failures="0"
  >
    <testcase
      name="UseCondition"
      classname="./kz/util/capability/type/use_condition.test.ts"
      time="0.012"
      line="19"
      col="1"
    >
    </testcase>
  </testsuite>
  <testsuite
    name="./kz/util/capability/type/use_default.test.ts"
    tests="1"
    disabled="0"
    errors="0"
    failures="0"
  >
    <testcase
      name="UseDefault"
      classname="./kz/util/capability/type/use_default.test.ts"
      time="0.010"
      line="20"
      col="1"
    >
    </testcase>
  </testsuite>
  <testsuite
    name="./kz/util/capability/type/use_depth.test.ts"
    tests="1"
    disabled="0"
    errors="0"
    failures="0"
  >
    <testcase
      name="UseDepth"
      classname="./kz/util/capability/type/use_depth.test.ts"
      time="0.048"
      line="22"
      col="1"
    >
    </testcase>
  </testsuite>
  <testsuite
    name="./kz/util/capability/type/use_else.test.ts"
    tests="1"
    disabled="0"
    errors="0"
    failures="0"
  >
    <testcase
      name="UseElse"
      classname="./kz/util/capability/type/use_else.test.ts"
      time="0.008"
      line="20"
      col="1"
    >
    </testcase>
  </testsuite>
  <testsuite
    name="./kz/util/capability/type/use_exclusion.test.ts"
    tests="1"
    disabled="0"
    errors="0"
    failures="0"
  >
    <testcase
      name="UseExclusion"
      classname="./kz/util/capability/type/use_exclusion.test.ts"
      time="0.011"
      line="18"
      col="1"
    >
    </testcase>
  </testsuite>
  <testsuite
    name="./kz/util/capability/type/use_idents.test.ts"
    tests="1"
    disabled="0"
    errors="0"
    failures="0"
  >
    <testcase
      name="UseIdents"
      classname="./kz/util/capability/type/use_idents.test.ts"
      time="0.011"
      line="22"
      col="1"
    >
    </testcase>
  </testsuite>
  <testsuite
    name="./kz/util/capability/type/use_immutable.test.ts"
    tests="1"
    disabled="0"
    errors="0"
    failures="0"
  >
    <testcase
      name="UseImmutable"
      classname="./kz/util/capability/type/use_immutable.test.ts"
      time="0.010"
      line="18"
      col="1"
    >
    </testcase>
  </testsuite>
  <testsuite
    name="./kz/util/capability/type/use_inversion.test.ts"
    tests="1"
    disabled="0"
    errors="0"
    failures="0"
  >
    <testcase
      name="UseInversion"
      classname="./kz/util/capability/type/use_inversion.test.ts"
      time="0.012"
      line="18"
      col="1"
    >
    </testcase>
  </testsuite>
  <testsuite
    name="./kz/util/capability/type/use_null_option.test.ts"
    tests="1"
    disabled="0"
    errors="0"
    failures="0"
  >
    <testcase
      name="UseNullOption"
      classname="./kz/util/capability/type/use_null_option.test.ts"
      time="0.016"
      line="17"
      col="1"
    >
    </testcase>
  </testsuite>
  <testsuite
    name="./kz/util/capability/type/use_of_type.test.ts"
    tests="1"
    disabled="0"
    errors="0"
    failures="0"
  >
    <testcase
      name="UseOfType"
      classname="./kz/util/capability/type/use_of_type.test.ts"
      time="0.009"
      line="20"
      col="1"
    >
    </testcase>
  </testsuite>
  <testsuite
    name="./kz/util/capability/type/use_optional.test.ts"
    tests="1"
    disabled="0"
    errors="0"
    failures="0"
  >
    <testcase
      name="UseOptional"
      classname="./kz/util/capability/type/use_optional.test.ts"
      time="0.008"
      line="18"
      col="1"
    >
    </testcase>
  </testsuite>
  <testsuite
    name="./kz/util/capability/type/use_reverse.test.ts"
    tests="1"
    disabled="0"
    errors="0"
    failures="0"
  >
    <testcase
      name="UseReverse"
      classname="./kz/util/capability/type/use_reverse.test.ts"
      time="0.010"
      line="18"
      col="1"
    >
    </testcase>
  </testsuite>
  <testsuite
    name="./kz/util/capability/type/use_safe.test.ts"
    tests="1"
    disabled="0"
    errors="0"
    failures="0"
  >
    <testcase
      name="UseSafe"
      classname="./kz/util/capability/type/use_safe.test.ts"
      time="0.011"
      line="18"
      col="1"
    >
    </testcase>
  </testsuite>
  <testsuite
    name="./kz/util/capability/type/use_stream.test.ts"
    tests="1"
    disabled="0"
    errors="0"
    failures="0"
  >
    <testcase
      name="UseStream"
      classname="./kz/util/capability/type/use_stream.test.ts"
      time="0.009"
      line="18"
      col="1"
    >
    </testcase>
  </testsuite>
  <testsuite
    name="./kz/util/capability/type/use_strict.test.ts"
    tests="1"
    disabled="0"
    errors="0"
    failures="0"
  >
    <testcase
      name="UseStrict"
      classname="./kz/util/capability/type/use_strict.test.ts"
      time="0.012"
      line="18"
      col="1"
    >
    </testcase>
  </testsuite>
  <testsuite
    name="./kz/util/capability/type/use_then.test.ts"
    tests="1"
    disabled="0"
    errors="0"
    failures="0"
  >
    <testcase
      name="UseThen"
      classname="./kz/util/capability/type/use_then.test.ts"
      time="0.009"
      line="20"
      col="1"
    >
    </testcase>
  </testsuite>
  <testsuite
    name="./kz/util/lint/type/_internal/banned_type_permitter.test.ts"
    tests="1"
    disabled="0"
    errors="0"
    failures="0"
  >
    <testcase
      name="BannedTypePermitter"
      classname="./kz/util/lint/type/_internal/banned_type_permitter.test.ts"
      time="0.006"
      line="9"
      col="1"
    >
    </testcase>
  </testsuite>
  <testsuite
    name="./kz/util/lint/type/banned_types.test.ts"
    tests="1"
    disabled="0"
    errors="0"
    failures="0"
  >
    <testcase
      name="BannedTypes"
      classname="./kz/util/lint/type/banned_types.test.ts"
      time="0.008"
      line="9"
      col="1"
    >
    </testcase>
  </testsuite>
  <testsuite
    name="./kz/util/lint/type/permit.test.ts"
    tests="1"
    disabled="0"
    errors="0"
    failures="0"
  >
    <testcase
      name="Permit"
      classname="./kz/util/lint/type/permit.test.ts"
      time="0.005"
      line="9"
      col="1"
    >
    </testcase>
  </testsuite>
  <testsuite
    name="./kz/util/logic/type/and.test.ts"
    tests="1"
    disabled="0"
    errors="0"
    failures="0"
  >
    <testcase
      name="Logic - And"
      classname="./kz/util/logic/type/and.test.ts"
      time="0.030"
      line="17"
      col="1"
    >
    </testcase>
  </testsuite>
  <testsuite
    name="./kz/util/logic/type/if.test.ts"
    tests="1"
    disabled="0"
    errors="0"
    failures="0"
  >
    <testcase
      name="Logic - If"
      classname="./kz/util/logic/type/if.test.ts"
      time="0.035"
      line="17"
      col="1"
    >
    </testcase>
  </testsuite>
  <testsuite
    name="./kz/util/logic/type/not.test.ts"
    tests="1"
    disabled="0"
    errors="0"
    failures="0"
  >
    <testcase
      name="Logic - Not"
      classname="./kz/util/logic/type/not.test.ts"
      time="0.032"
      line="17"
      col="1"
    >
    </testcase>
  </testsuite>
  <testsuite
    name="./kz/util/logic/type/or.test.ts"
    tests="1"
    disabled="0"
    errors="0"
    failures="0"
  >
    <testcase
      name="Logic - Or"
      classname="./kz/util/logic/type/or.test.ts"
      time="0.048"
      line="17"
      col="1"
    >
    </testcase>
  </testsuite>
  <testsuite
    name="./kz/util/logic/type/xnor.test.ts"
    tests="1"
    disabled="0"
    errors="0"
    failures="0"
  >
    <testcase
      name="Logic - Xnor"
      classname="./kz/util/logic/type/xnor.test.ts"
      time="0.036"
      line="17"
      col="1"
    >
    </testcase>
  </testsuite>
  <testsuite
    name="./kz/util/logic/type/xor.test.ts"
    tests="1"
    disabled="0"
    errors="0"
    failures="0"
  >
    <testcase
      name="Logic - Xor"
      classname="./kz/util/logic/type/xor.test.ts"
      time="0.048"
      line="17"
      col="1"
    >
    </testcase>
  </testsuite>
  <testsuite
    name="./kz/util/nominal/type/brand.test.ts"
    tests="1"
    disabled="0"
    errors="0"
    failures="0"
  >
    <testcase
      name="Brand"
      classname="./kz/util/nominal/type/brand.test.ts"
      time="0.003"
      line="10"
      col="1"
    >
    </testcase>
  </testsuite>
  <testsuite
    name="./kz/util/nominal/type/extract_tagged_metadata.test.ts"
    tests="1"
    disabled="0"
    errors="0"
    failures="0"
  >
    <testcase
      name="ExtractTaggedMetadata"
      classname="./kz/util/nominal/type/extract_tagged_metadata.test.ts"
      time="0.003"
      line="13"
      col="1"
    >
    </testcase>
  </testsuite>
  <testsuite
    name="./kz/util/nominal/type/flavor.test.ts"
    tests="1"
    disabled="0"
    errors="0"
    failures="0"
  >
    <testcase
      name="Flavor"
      classname="./kz/util/nominal/type/flavor.test.ts"
      time="0.003"
      line="10"
      col="1"
    >
    </testcase>
  </testsuite>
  <testsuite
    name="./kz/util/nominal/type/struct.test.ts"
    tests="1"
    disabled="0"
    errors="0"
    failures="0"
  >
    <testcase
      name="Struct"
      classname="./kz/util/nominal/type/struct.test.ts"
      time="0.018"
      line="10"
      col="1"
    >
    </testcase>
  </testsuite>
  <testsuite
    name="./kz/util/nominal/type/tagged.test.ts"
    tests="1"
    disabled="0"
    errors="0"
    failures="0"
  >
    <testcase
      name="Tagged"
      classname="./kz/util/nominal/type/tagged.test.ts"
      time="0.008"
      line="10"
      col="1"
    >
    </testcase>
  </testsuite>
  <testsuite
    name="./kz/util/nominal/type/tagged_union.test.ts"
    tests="1"
    disabled="0"
    errors="0"
    failures="0"
  >
    <testcase
      name="TaggedUnion"
      classname="./kz/util/nominal/type/tagged_union.test.ts"
      time="0.004"
      line="17"
      col="1"
    >
    </testcase>
  </testsuite>
  <testsuite
    name="./kz/util/nominal/type/tagged_union_keys.test.ts"
    tests="1"
    disabled="0"
    errors="0"
    failures="0"
  >
    <testcase
      name="TaggedUnionKeys"
      classname="./kz/util/nominal/type/tagged_union_keys.test.ts"
      time="0.003"
      line="9"
      col="1"
    >
    </testcase>
  </testsuite>
  <testsuite
    name="./kz/util/type/type/_internal/apply_default.test.ts"
    tests="1"
    disabled="0"
    errors="0"
    failures="0"
  >
    <testcase
      name="ApplyDefault"
      classname="./kz/util/type/type/_internal/apply_default.test.ts"
      time="0.003"
      line="10"
      col="1"
    >
    </testcase>
  </testsuite>
  <testsuite
    name="./kz/util/type/type/_internal/apply_unified.test.ts"
    tests="1"
    disabled="0"
    errors="0"
    failures="0"
  >
    <testcase
      name="ApplyUnified"
      classname="./kz/util/type/type/_internal/apply_unified.test.ts"
      time="0.007"
      line="14"
      col="1"
    >
    </testcase>
  </testsuite>
  <testsuite
    name="./kz/util/type/type/_internal/check_type.test.ts"
    tests="1"
    disabled="0"
    errors="0"
    failures="0"
  >
    <testcase
      name="CheckType"
      classname="./kz/util/type/type/_internal/check_type.test.ts"
      time="0.283"
      line="14"
      col="1"
    >
    </testcase>
  </testsuite>
  <testsuite
    name="./kz/util/type/type/_internal/is_any.test.ts"
    tests="1"
    disabled="0"
    errors="0"
    failures="0"
  >
    <testcase
      name="IsAny"
      classname="./kz/util/type/type/_internal/is_any.test.ts"
      time="0.008"
      line="9"
      col="1"
    >
    </testcase>
  </testsuite>
  <testsuite
    name="./kz/util/type/type/_internal/is_special.test.ts"
    tests="1"
    disabled="0"
    errors="0"
    failures="0"
  >
    <testcase
      name="IsSpecial"
      classname="./kz/util/type/type/_internal/is_special.test.ts"
      time="0.012"
      line="9"
      col="1"
    >
    </testcase>
  </testsuite>
  <testsuite
    name="./kz/util/type/type/any.test.ts"
    tests="1"
    disabled="0"
    errors="0"
    failures="0"
  >
    <testcase
      name="Any"
      classname="./kz/util/type/type/any.test.ts"
      time="0.004"
      line="9"
      col="1"
    >
    </testcase>
  </testsuite>
  <testsuite
    name="./kz/util/type/type/clean.test.ts"
    tests="1"
    disabled="0"
    errors="0"
    failures="0"
  >
    <testcase
      name="Clean"
      classname="./kz/util/type/type/clean.test.ts"
      time="0.006"
      line="51"
      col="1"
    >
    </testcase>
  </testsuite>
  <testsuite
    name="./kz/util/type/type/extends.test.ts"
    tests="1"
    disabled="0"
    errors="0"
    failures="0"
  >
    <testcase
      name="Extends"
      classname="./kz/util/type/type/extends.test.ts"
      time="0.003"
      line="10"
      col="1"
    >
    </testcase>
  </testsuite>
  <testsuite
    name="./kz/util/type/type/nil.test.ts"
    tests="1"
    disabled="0"
    errors="0"
    failures="0"
  >
    <testcase
      name="Nil"
      classname="./kz/util/type/type/nil.test.ts"
      time="0.002"
      line="9"
      col="1"
    >
    </testcase>
  </testsuite>
  <testsuite
    name="./kz/util/type/type/widen.test.ts"
    tests="1"
    disabled="0"
    errors="0"
    failures="0"
  >
    <testcase
      name="Widen"
      classname="./kz/util/type/type/widen.test.ts"
      time="0.005"
      line="11"
      col="1"
    >
    </testcase>
  </testsuite>
</testsuites>
